<html>
<body>
<pre>
<h1>µVision Build Log</h1>
<h2>Tool Versions:</h2>
IDE-Version: µVision V5.24.2.0
Copyright (C) 2017 ARM Ltd and ARM Germany GmbH. All rights reserved.
License Information: Shawn Yao, n/a, LIC=32BVE-56R4W-2YWV0-B1VUK-6KJDW-QEB2Z
 
Tool Versions:
Toolchain:       MDK-ARM Plus  Version: 5.24.1
Toolchain Path:  C:\Keil_v5\ARM\ARMCC\Bin
C Compiler:      Armcc.exe V5.06 update 5 (build 528)
Assembler:       Armasm.exe V5.06 update 5 (build 528)
Linker/Locator:  ArmLink.exe V5.06 update 5 (build 528)
Library Manager: ArmAr.exe V5.06 update 5 (build 528)
Hex Converter:   FromElf.exe V5.06 update 5 (build 528)
CPU DLL:         SARMCM3.DLL V5.24.1
Dialog DLL:      DCM.DLL V1.16.0.0
Target DLL:      Segger\JL2CM3.dll V2.99.26.0
Dialog DLL:      TCM.DLL V1.32.0.0
 
<h2>Project:</h2>
\\Mac\Projects\RoboMasters\ee_programs\Infantry_Master_Pikachu\RM2016 Infantry.uvprojx
Project File Date:  07/19/2018

<h2>Output:</h2>
*** Using Compiler 'V5.06 update 5 (build 528)', folder: 'C:\Keil_v5\ARM\ARMCC\Bin'
Build target 'Target 1'
compiling main.c...
compiling bsp.c...
compiling led.c...
compiling gun.c...
compiling can1.c...
compiling can2.c...
compiling delay.c...
compiling exti.c...
compiling laser.c...
compiling timer.c...
compiling usart1.c...
compiling usart3.c...
compiling encoder.c...
compiling bsp_flash.c...
compiling stm32f4xx_it.c...
compiling misc.c...
compiling stm32f4xx_adc.c...
compiling stm32f4xx_can.c...
compiling stm32f4xx_crc.c...
compiling stm32f4xx_dac.c...
compiling stm32f4xx_dma.c...
compiling stm32f4xx_exti.c...
compiling stm32f4xx_flash.c...
compiling stm32f4xx_gpio.c...
compiling stm32f4xx_pwr.c...
compiling stm32f4xx_rcc.c...
compiling stm32f4xx_syscfg.c...
compiling stm32f4xx_tim.c...
compiling stm32f4xx_spi.c...
compiling stm32f4xx_usart.c...
compiling system_stm32f4xx.c...
compiling stm32f4xx_i2c.c...
compiling imu.c...
MPU6050\imu.c(285): warning:  #550-D: variable "wx"  was set but never used
      float vx, vy, vz, wx, wy, wz;
MPU6050\imu.c(285): warning:  #550-D: variable "wy"  was set but never used
      float vx, vy, vz, wx, wy, wz;
MPU6050\imu.c(285): warning:  #550-D: variable "wz"  was set but never used
      float vx, vy, vz, wx, wy, wz;
MPU6050\imu.c: 3 warnings, 0 errors
compiling mpu6050_i2c.c...
compiling mpu6050_driver.c...
compiling mpu6050_interrupt.c...
compiling judge_protocol.c...
compiling convert.c...
compiling IOTask.c...
compiling ControlTask.c...
compiling RemoteTask.c...
compiling CanBusTask.c...
compiling SuperviseTask.c...
compiling PC_Task.c...
APP\PC_Task.c(35): warning:  #550-D: variable "byte_s"  was set but never used
  static uint8_t byte_s = 0;
APP\PC_Task.c: 1 warning, 0 errors
linking...
Program Size: Code=38212 RO-data=1772 RW-data=1612 ZI-data=4932  
FromELF: creating hex file...
After Build - User command #1: fromelf.exe  --bin -o ./bin/RM2016_Infantry.bin ./Outputs/RM2016_Infantry.axf
".\Outputs\RM2016_Infantry.axf" - 0 Error(s), 4 Warning(s).

<h2>Software Packages used:</h2>

Package Vendor: ARM
                http://www.keil.com/pack/ARM.CMSIS.5.0.1.pack
                ARM.CMSIS.5.0.1
                CMSIS (Cortex Microcontroller Software Interface Standard)
   * Component: CORE Version: 5.0.1

Package Vendor: Keil
                http://www.keil.com/pack/Keil.STM32F4xx_DFP.2.11.0.pack
                Keil.STM32F4xx_DFP.2.11.0
                STMicroelectronics STM32F4 Series Device Support, Drivers and Examples

<h2>Collection of Component include folders:</h2>
  .\RTE\_Target_1
  C:\Keil_v5\ARM\PACK\ARM\CMSIS\5.0.1\CMSIS\Include
  C:\Keil_v5\ARM\PACK\Keil\STM32F4xx_DFP\2.11.0\Drivers\CMSIS\Device\ST\STM32F4xx\Include

<h2>Collection of Component Files used:</h2>

   * Component: ARM::CMSIS:CORE:5.0.1
Build Time Elapsed:  00:00:42
</pre>
</body>
</html>
