Component: ARM Compiler 5.06 update 5 (build 528) Tool: armlink [4d35e2]

==============================================================================

Section Cross References

    main.o(i.main) refers to controltask.o(i.ControtLoopTaskInit) for ControtLoopTaskInit
    main.o(i.main) refers to remotetask.o(i.RemoteTaskInit) for RemoteTaskInit
    main.o(i.main) refers to delay.o(i.delay_ms) for delay_ms
    main.o(i.main) refers to bsp.o(i.BSP_Init) for BSP_Init
    main.o(i.main) refers to timer.o(i.Get_Time_Micros) for Get_Time_Micros
    main.o(i.main) refers to imu.o(i.IMU_getYawPitchRoll) for IMU_getYawPitchRoll
    main.o(i.main) refers to iotask.o(i.UploadParameter) for UploadParameter
    main.o(i.main) refers to main.o(.data) for system_micrsecond
    main.o(i.main) refers to imu.o(.bss) for angle
    bsp.o(i.BSP_Init) refers to misc.o(i.NVIC_PriorityGroupConfig) for NVIC_PriorityGroupConfig
    bsp.o(i.BSP_Init) refers to gun.o(i.PWM_Configuration) for PWM_Configuration
    bsp.o(i.BSP_Init) refers to led.o(i.Led_Configuration) for Led_Configuration
    bsp.o(i.BSP_Init) refers to laser.o(i.Laser_Configuration) for Laser_Configuration
    bsp.o(i.BSP_Init) refers to timer.o(i.TIM2_Configuration) for TIM2_Configuration
    bsp.o(i.BSP_Init) refers to mpu6050_driver.o(i.MPU6050_Initialize) for MPU6050_Initialize
    bsp.o(i.BSP_Init) refers to timer.o(i.TIM6_Configuration) for TIM6_Configuration
    bsp.o(i.BSP_Init) refers to encoder.o(i.Quad_Encoder_Configuration) for Quad_Encoder_Configuration
    bsp.o(i.BSP_Init) refers to can1.o(i.CAN1_Configuration) for CAN1_Configuration
    bsp.o(i.BSP_Init) refers to can2.o(i.CAN2_Configuration) for CAN2_Configuration
    bsp.o(i.BSP_Init) refers to usart1.o(i.USART1_Configuration) for USART1_Configuration
    bsp.o(i.BSP_Init) refers to usart3.o(i.USART3_Configuration) for USART3_Configuration
    bsp.o(i.BSP_Init) refers to timer.o(i.TIM6_Start) for TIM6_Start
    bsp.o(i.BSP_Init) refers to mpu6050_interrupt.o(i.MPU6050_IntConfiguration) for MPU6050_IntConfiguration
    bsp.o(i.BSP_Init) refers to mpu6050_driver.o(i.MPU6050_EnableInt) for MPU6050_EnableInt
    bsp.o(i.BSP_Init) refers to encoder.o(i.Encoder_Start) for Encoder_Start
    led.o(i.Led_Configuration) refers to stm32f4xx_rcc.o(i.RCC_AHB1PeriphClockCmd) for RCC_AHB1PeriphClockCmd
    led.o(i.Led_Configuration) refers to stm32f4xx_gpio.o(i.GPIO_Init) for GPIO_Init
    led.o(i.Led_Configuration) refers to stm32f4xx_gpio.o(i.GPIO_SetBits) for GPIO_SetBits
    gun.o(i.PWM_Configuration) refers to stm32f4xx_rcc.o(i.RCC_AHB1PeriphClockCmd) for RCC_AHB1PeriphClockCmd
    gun.o(i.PWM_Configuration) refers to stm32f4xx_rcc.o(i.RCC_APB1PeriphClockCmd) for RCC_APB1PeriphClockCmd
    gun.o(i.PWM_Configuration) refers to stm32f4xx_rcc.o(i.RCC_APB2PeriphClockCmd) for RCC_APB2PeriphClockCmd
    gun.o(i.PWM_Configuration) refers to stm32f4xx_gpio.o(i.GPIO_Init) for GPIO_Init
    gun.o(i.PWM_Configuration) refers to stm32f4xx_gpio.o(i.GPIO_PinAFConfig) for GPIO_PinAFConfig
    gun.o(i.PWM_Configuration) refers to stm32f4xx_tim.o(i.TIM_TimeBaseInit) for TIM_TimeBaseInit
    gun.o(i.PWM_Configuration) refers to stm32f4xx_tim.o(i.TIM_OC1Init) for TIM_OC1Init
    gun.o(i.PWM_Configuration) refers to stm32f4xx_tim.o(i.TIM_OC2Init) for TIM_OC2Init
    gun.o(i.PWM_Configuration) refers to stm32f4xx_tim.o(i.TIM_OC1PreloadConfig) for TIM_OC1PreloadConfig
    gun.o(i.PWM_Configuration) refers to stm32f4xx_tim.o(i.TIM_OC2PreloadConfig) for TIM_OC2PreloadConfig
    gun.o(i.PWM_Configuration) refers to stm32f4xx_tim.o(i.TIM_ARRPreloadConfig) for TIM_ARRPreloadConfig
    gun.o(i.PWM_Configuration) refers to stm32f4xx_tim.o(i.TIM_Cmd) for TIM_Cmd
    can1.o(i.CAN1_Configuration) refers to stm32f4xx_rcc.o(i.RCC_AHB1PeriphClockCmd) for RCC_AHB1PeriphClockCmd
    can1.o(i.CAN1_Configuration) refers to stm32f4xx_rcc.o(i.RCC_APB1PeriphClockCmd) for RCC_APB1PeriphClockCmd
    can1.o(i.CAN1_Configuration) refers to stm32f4xx_gpio.o(i.GPIO_PinAFConfig) for GPIO_PinAFConfig
    can1.o(i.CAN1_Configuration) refers to stm32f4xx_gpio.o(i.GPIO_Init) for GPIO_Init
    can1.o(i.CAN1_Configuration) refers to misc.o(i.NVIC_Init) for NVIC_Init
    can1.o(i.CAN1_Configuration) refers to stm32f4xx_can.o(i.CAN_DeInit) for CAN_DeInit
    can1.o(i.CAN1_Configuration) refers to stm32f4xx_can.o(i.CAN_StructInit) for CAN_StructInit
    can1.o(i.CAN1_Configuration) refers to stm32f4xx_can.o(i.CAN_Init) for CAN_Init
    can1.o(i.CAN1_Configuration) refers to stm32f4xx_can.o(i.CAN_FilterInit) for CAN_FilterInit
    can1.o(i.CAN1_Configuration) refers to stm32f4xx_can.o(i.CAN_ITConfig) for CAN_ITConfig
    can1.o(i.CAN1_RX0_IRQHandler) refers to stm32f4xx_can.o(i.CAN_GetITStatus) for CAN_GetITStatus
    can1.o(i.CAN1_RX0_IRQHandler) refers to stm32f4xx_can.o(i.CAN_ClearITPendingBit) for CAN_ClearITPendingBit
[...]
    CRYP_IRQHandler                          0x080001b7   Thumb Code     0  startup_stm32f4xx.o(.text)
    DCMI_IRQHandler                          0x080001b7   Thumb Code     0  startup_stm32f4xx.o(.text)
    DMA1_Stream0_IRQHandler                  0x080001b7   Thumb Code     0  startup_stm32f4xx.o(.text)
    DMA1_Stream1_IRQHandler                  0x080001b7   Thumb Code     0  startup_stm32f4xx.o(.text)
    DMA1_Stream2_IRQHandler                  0x080001b7   Thumb Code     0  startup_stm32f4xx.o(.text)
    DMA1_Stream3_IRQHandler                  0x080001b7   Thumb Code     0  startup_stm32f4xx.o(.text)
    DMA1_Stream4_IRQHandler                  0x080001b7   Thumb Code     0  startup_stm32f4xx.o(.text)
    DMA1_Stream5_IRQHandler                  0x080001b7   Thumb Code     0  startup_stm32f4xx.o(.text)
    DMA1_Stream6_IRQHandler                  0x080001b7   Thumb Code     0  startup_stm32f4xx.o(.text)
    DMA1_Stream7_IRQHandler                  0x080001b7   Thumb Code     0  startup_stm32f4xx.o(.text)
    DMA2_Stream0_IRQHandler                  0x080001b7   Thumb Code     0  startup_stm32f4xx.o(.text)
    DMA2_Stream1_IRQHandler                  0x080001b7   Thumb Code     0  startup_stm32f4xx.o(.text)
    DMA2_Stream2_IRQHandler                  0x080001b7   Thumb Code     0  startup_stm32f4xx.o(.text)
    DMA2_Stream3_IRQHandler                  0x080001b7   Thumb Code     0  startup_stm32f4xx.o(.text)
    DMA2_Stream4_IRQHandler                  0x080001b7   Thumb Code     0  startup_stm32f4xx.o(.text)
    DMA2_Stream5_IRQHandler                  0x080001b7   Thumb Code     0  startup_stm32f4xx.o(.text)
    DMA2_Stream6_IRQHandler                  0x080001b7   Thumb Code     0  startup_stm32f4xx.o(.text)
    DMA2_Stream7_IRQHandler                  0x080001b7   Thumb Code     0  startup_stm32f4xx.o(.text)
    ETH_IRQHandler                           0x080001b7   Thumb Code     0  startup_stm32f4xx.o(.text)
    ETH_WKUP_IRQHandler                      0x080001b7   Thumb Code     0  startup_stm32f4xx.o(.text)
    EXTI15_10_IRQHandler                     0x080001b7   Thumb Code     0  startup_stm32f4xx.o(.text)
    EXTI2_IRQHandler                         0x080001b7   Thumb Code     0  startup_stm32f4xx.o(.text)
    EXTI3_IRQHandler                         0x080001b7   Thumb Code     0  startup_stm32f4xx.o(.text)
    EXTI9_5_IRQHandler                       0x080001b7   Thumb Code     0  startup_stm32f4xx.o(.text)
    FLASH_IRQHandler                         0x080001b7   Thumb Code     0  startup_stm32f4xx.o(.text)
    FPU_IRQHandler                           0x080001b7   Thumb Code     0  startup_stm32f4xx.o(.text)
    FSMC_IRQHandler                          0x080001b7   Thumb Code     0  startup_stm32f4xx.o(.text)
    HASH_RNG_IRQHandler                      0x080001b7   Thumb Code     0  startup_stm32f4xx.o(.text)
    I2C1_ER_IRQHandler                       0x080001b7   Thumb Code     0  startup_stm32f4xx.o(.text)
    I2C1_EV_IRQHandler                       0x080001b7   Thumb Code     0  startup_stm32f4xx.o(.text)
    I2C2_ER_IRQHandler                       0x080001b7   Thumb Code     0  startup_stm32f4xx.o(.text)
    I2C2_EV_IRQHandler                       0x080001b7   Thumb Code     0  startup_stm32f4xx.o(.text)
    I2C3_ER_IRQHandler                       0x080001b7   Thumb Code     0  startup_stm32f4xx.o(.text)
    I2C3_EV_IRQHandler                       0x080001b7   Thumb Code     0  startup_stm32f4xx.o(.text)
    OTG_FS_IRQHandler                        0x080001b7   Thumb Code     0  startup_stm32f4xx.o(.text)
    OTG_FS_WKUP_IRQHandler                   0x080001b7   Thumb Code     0  startup_stm32f4xx.o(.text)
    OTG_HS_EP1_IN_IRQHandler                 0x080001b7   Thumb Code     0  startup_stm32f4xx.o(.text)
    OTG_HS_EP1_OUT_IRQHandler                0x080001b7   Thumb Code     0  startup_stm32f4xx.o(.text)
    OTG_HS_IRQHandler                        0x080001b7   Thumb Code     0  startup_stm32f4xx.o(.text)
    OTG_HS_WKUP_IRQHandler                   0x080001b7   Thumb Code     0  startup_stm32f4xx.o(.text)
    PVD_IRQHandler                           0x080001b7   Thumb Code     0  startup_stm32f4xx.o(.text)
    RCC_IRQHandler                           0x080001b7   Thumb Code     0  startup_stm32f4xx.o(.text)
    RTC_Alarm_IRQHandler                     0x080001b7   Thumb Code     0  startup_stm32f4xx.o(.text)
    RTC_WKUP_IRQHandler                      0x080001b7   Thumb Code     0  startup_stm32f4xx.o(.text)
    SDIO_IRQHandler                          0x080001b7   Thumb Code     0  startup_stm32f4xx.o(.text)
    SPI1_IRQHandler                          0x080001b7   Thumb Code     0  startup_stm32f4xx.o(.text)
    SPI2_IRQHandler                          0x080001b7   Thumb Code     0  startup_stm32f4xx.o(.text)
    SPI3_IRQHandler                          0x080001b7   Thumb Code     0  startup_stm32f4xx.o(.text)
    TAMP_STAMP_IRQHandler                    0x080001b7   Thumb Code     0  startup_stm32f4xx.o(.text)
    TIM1_BRK_TIM9_IRQHandler                 0x080001b7   Thumb Code     0  startup_stm32f4xx.o(.text)
    TIM1_CC_IRQHandler                       0x080001b7   Thumb Code     0  startup_stm32f4xx.o(.text)
    TIM1_TRG_COM_TIM11_IRQHandler            0x080001b7   Thumb Code     0  startup_stm32f4xx.o(.text)
    TIM1_UP_TIM10_IRQHandler                 0x080001b7   Thumb Code     0  startup_stm32f4xx.o(.text)
    TIM3_IRQHandler                          0x080001b7   Thumb Code     0  startup_stm32f4xx.o(.text)
    TIM4_IRQHandler                          0x080001b7   Thumb Code     0  startup_stm32f4xx.o(.text)
    TIM5_IRQHandler                          0x080001b7   Thumb Code     0  startup_stm32f4xx.o(.text)
    TIM7_IRQHandler                          0x080001b7   Thumb Code     0  startup_stm32f4xx.o(.text)
    TIM8_BRK_TIM12_IRQHandler                0x080001b7   Thumb Code     0  startup_stm32f4xx.o(.text)
    TIM8_CC_IRQHandler                       0x080001b7   Thumb Code     0  startup_stm32f4xx.o(.text)
    TIM8_TRG_COM_TIM14_IRQHandler            0x080001b7   Thumb Code     0  startup_stm32f4xx.o(.text)
    TIM8_UP_TIM13_IRQHandler                 0x080001b7   Thumb Code     0  startup_stm32f4xx.o(.text)
    UART4_IRQHandler                         0x080001b7   Thumb Code     0  startup_stm32f4xx.o(.text)
    UART5_IRQHandler                         0x080001b7   Thumb Code     0  startup_stm32f4xx.o(.text)
    USART2_IRQHandler                        0x080001b7   Thumb Code     0  startup_stm32f4xx.o(.text)
    USART6_IRQHandler                        0x080001b7   Thumb Code     0  startup_stm32f4xx.o(.text)
    WWDG_IRQHandler                          0x080001b7   Thumb Code     0  startup_stm32f4xx.o(.text)
    FrameUnpack                              0x08000241   Thumb Code   234  protocal_parser.o(.text)
    FramePack                                0x0800032b   Thumb Code    50  protocal_parser.o(.text)
    SetFrameLength                           0x0800035d   Thumb Code    10  protocal_parser.o(.text)
    SetFrameCmd                              0x08000367   Thumb Code    10  protocal_parser.o(.text)
    GetFrameCmd                              0x08000371   Thumb Code     6  protocal_parser.o(.text)
    GetFrameDataAddress                      0x08000377   Thumb Code     6  protocal_parser.o(.text)
    Version_Send                             0x0800037d   Thumb Code    94  protocal_parser.o(.text)
    IMU_Info_Send                            0x080003db   Thumb Code   122  protocal_parser.o(.text)
    Sensor_Info_Send                         0x08000455   Thumb Code   140  protocal_parser.o(.text)
    Mag_Cali_Info_Send                       0x080004e1   Thumb Code   122  protocal_parser.o(.text)
    Offset_Info_Send                         0x0800055b   Thumb Code   174  protocal_parser.o(.text)
    Cali_Feedback_Info_Send                  0x08000609   Thumb Code    88  protocal_parser.o(.text)
    Robot_Error_Code_Send                    0x08000661   Thumb Code     2  protocal_parser.o(.text)
    PID_Paremeter_Send                       0x08000663   Thumb Code   270  protocal_parser.o(.text)
    FIFO_Init                                0x08000771   Thumb Code    78  fifo.o(.text)
    FIFO_Create                              0x080007bf   Thumb Code    80  fifo.o(.text)
    FIFO_Destory                             0x0800080f   Thumb Code    40  fifo.o(.text)
    FIFO_S_Init                              0x08000837   Thumb Code    62  fifo.o(.text)
    FIFO_S_Create                            0x08000875   Thumb Code    60  fifo.o(.text)
    FIFO_S_Destory                           0x080008b1   Thumb Code    40  fifo.o(.text)
    FIFO_Put                                 0x080008d9   Thumb Code   106  fifo.o(.text)
    FIFO_S_Put                               0x08000943   Thumb Code    68  fifo.o(.text)
    FIFO_S_Puts                              0x08000987   Thumb Code    98  fifo.o(.text)
    FIFO_Get                                 0x080009e9   Thumb Code   106  fifo.o(.text)
    FIFO_S_Get                               0x08000a53   Thumb Code    58  fifo.o(.text)
    FIFO_GetHead                             0x08000a8d   Thumb Code   162  fifo.o(.text)
    FIFO_S_GetHead                           0x08000b2f   Thumb Code    76  fifo.o(.text)
    FIFO_PreRead                             0x08000b7b   Thumb Code   108  fifo.o(.text)
    FIFO_S_PreRead                           0x08000be7   Thumb Code    48  fifo.o(.text)
    FIFO_IsEmpty                             0x08000c17   Thumb Code    24  fifo.o(.text)
    FIFO_S_IsEmpty                           0x08000c2f   Thumb Code    24  fifo.o(.text)
    FIFO_IsFull                              0x08000c47   Thumb Code    24  fifo.o(.text)
    FIFO_S_IsFull                            0x08000c5f   Thumb Code    24  fifo.o(.text)
    FIFO_CountUsed                           0x08000c77   Thumb Code    16  fifo.o(.text)
    FIFO_S_CountUsed                         0x08000c87   Thumb Code    16  fifo.o(.text)
    FIFO_CountFree                           0x08000c97   Thumb Code    16  fifo.o(.text)
    FIFO_S_CountFree                         0x08000ca7   Thumb Code    16  fifo.o(.text)
    FIFO_Flush                               0x08000cb7   Thumb Code    50  fifo.o(.text)
    FIFO_S_Flush                             0x08000ce9   Thumb Code    44  fifo.o(.text)
    RampInit                                 0x08000d15   Thumb Code     8  ramp.o(.text)
    RampCalc                                 0x08000d1d   Thumb Code    66  ramp.o(.text)
    RampSetCounter                           0x08000d5f   Thumb Code     4  ramp.o(.text)
    RampResetCounter                         0x08000d63   Thumb Code     6  ramp.o(.text)
    RampSetScale                             0x08000d69   Thumb Code     4  ramp.o(.text)
    RampIsOverflow                           0x08000d6d   Thumb Code    18  ramp.o(.text)
    LostCounterFeed                          0x08000d85   Thumb Code     8  lostcounter.o(.text)
    LostCounterCount                         0x08000d8d   Thumb Code    10  lostcounter.o(.text)
    LostCounterOverflowCheck                 0x08000d97   Thumb Code    14  lostcounter.o(.text)
    PID_Reset                                0x08000da5   Thumb Code    50  pid_regulator.o(.text)
    PID_Calc                                 0x08000dd7   Thumb Code   234  pid_regulator.o(.text)
    Get_CRC8_Check_Sum                       0x08000ec5   Thumb Code    30  mf_crc8.o(.text)
    Verify_CRC8_Check_Sum                    0x08000ee3   Thumb Code    46  mf_crc8.o(.text)
    Append_CRC8_Check_Sum                    0x08000f11   Thumb Code    36  mf_crc8.o(.text)
    Get_CRC16_Check_Sum                      0x08000f39   Thumb Code    46  mf_crc16.o(.text)
    Verify_CRC16_Check_Sum                   0x08000f67   Thumb Code    60  mf_crc16.o(.text)
    Append_CRC16_Check_Sum                   0x08000fa3   Thumb Code    44  mf_crc16.o(.text)
    __aeabi_memcpy                           0x08000fd9   Thumb Code    36  memcpya.o(.text)
    __aeabi_memcpy4                          0x08000fd9   Thumb Code     0  memcpya.o(.text)
    __aeabi_memcpy8                          0x08000fd9   Thumb Code     0  memcpya.o(.text)
    __aeabi_memset                           0x08000ffd   Thumb Code    14  memseta.o(.text)
    __aeabi_memset4                          0x08000ffd   Thumb Code     0  memseta.o(.text)
    __aeabi_memset8                          0x08000ffd   Thumb Code     0  memseta.o(.text)
    __aeabi_memclr                           0x0800100b   Thumb Code     4  memseta.o(.text)
    __aeabi_memclr4                          0x0800100b   Thumb Code     0  memseta.o(.text)
    __aeabi_memclr8                          0x0800100b   Thumb Code     0  memseta.o(.text)
    _memset$wrapper                          0x0800100f   Thumb Code    18  memseta.o(.text)
    __aeabi_dadd                             0x08001021   Thumb Code   322  dadd.o(.text)
    __aeabi_dsub                             0x08001163   Thumb Code     6  dadd.o(.text)
    __aeabi_drsub                            0x08001169   Thumb Code     6  dadd.o(.text)
    __aeabi_dmul                             0x0800116f   Thumb Code   228  dmul.o(.text)
    __aeabi_ddiv                             0x08001253   Thumb Code   222  ddiv.o(.text)
    __aeabi_i2d                              0x08001331   Thumb Code    34  dflti.o(.text)
    __aeabi_ui2d                             0x08001353   Thumb Code    26  dfltui.o(.text)
    __aeabi_d2uiz                            0x0800136d   Thumb Code    50  dfixui.o(.text)
    __aeabi_f2d                              0x0800139f   Thumb Code    38  f2d.o(.text)
    __aeabi_cdrcmple                         0x080013c5   Thumb Code    48  cdrcmple.o(.text)
    __aeabi_d2f                              0x080013f5   Thumb Code    56  d2f.o(.text)
    __aeabi_llsl                             0x0800142d   Thumb Code    30  llshl.o(.text)
    _ll_shift_l                              0x0800142d   Thumb Code     0  llshl.o(.text)
    __aeabi_llsr                             0x0800144b   Thumb Code    32  llushr.o(.text)
    _ll_ushift_r                             0x0800144b   Thumb Code     0  llushr.o(.text)
    __aeabi_lasr                             0x0800146b   Thumb Code    36  llsshr.o(.text)
    _ll_sshift_r                             0x0800146b   Thumb Code     0  llsshr.o(.text)
    __I$use$fp                               0x0800148f   Thumb Code     0  iusefp.o(.text)
    _float_round                             0x0800148f   Thumb Code    18  fepilogue.o(.text)
    _float_epilogue                          0x080014a1   Thumb Code    92  fepilogue.o(.text)
    _double_round                            0x080014fd   Thumb Code    30  depilogue.o(.text)
    _double_epilogue                         0x0800151b   Thumb Code   156  depilogue.o(.text)
    _dsqrt                                   0x080015b7   Thumb Code   162  dsqrt.o(.text)
    __scatterload                            0x08001659   Thumb Code    28  init.o(.text)
    __scatterload_rt2                        0x08001659   Thumb Code     0  init.o(.text)
    __aeabi_d2iz                             0x0800167d   Thumb Code    62  dfixi.o(.text)
    __decompress                             0x080016bb   Thumb Code     0  __dczerorl2.o(.text)
    __decompress1                            0x080016bb   Thumb Code    86  __dczerorl2.o(.text)
    AppParamInit                             0x08001711   Thumb Code   276  iotask.o(i.AppParamInit)
    BSP_FLASH_GetFlashSector                 0x0800184d   Thumb Code   116  bsp_flash.o(i.BSP_FLASH_GetFlashSector)
    BSP_FLASH_Write                          0x080018ed   Thumb Code   168  bsp_flash.o(i.BSP_FLASH_Write)
    BSP_Init                                 0x08001999   Thumb Code    74  bsp.o(i.BSP_Init)
    BusFault_Handler                         0x080019e9   Thumb Code     4  stm32f4xx_it.o(i.BusFault_Handler)
    CAN1_Configuration                       0x080019ed   Thumb Code   262  can1.o(i.CAN1_Configuration)
    CAN1_RX0_IRQHandler                      0x08001afd   Thumb Code    50  can1.o(i.CAN1_RX0_IRQHandler)
    CAN1_TX_IRQHandler                       0x08001b39   Thumb Code    22  can1.o(i.CAN1_TX_IRQHandler)
    CAN2_Configuration                       0x08001b55   Thumb Code   264  can2.o(i.CAN2_Configuration)
    CAN2_RX0_IRQHandler                      0x08001c65   Thumb Code    42  can2.o(i.CAN2_RX0_IRQHandler)
    CAN2_TX_IRQHandler                       0x08001c95   Thumb Code    22  can2.o(i.CAN2_TX_IRQHandler)
    CAN_ClearFlag                            0x08001cb1   Thumb Code    52  stm32f4xx_can.o(i.CAN_ClearFlag)
    CAN_ClearITPendingBit                    0x08001ce9   Thumb Code   162  stm32f4xx_can.o(i.CAN_ClearITPendingBit)
    CAN_DeInit                               0x08001d91   Thumb Code    50  stm32f4xx_can.o(i.CAN_DeInit)
    CAN_FilterInit                           0x08001dc9   Thumb Code   258  stm32f4xx_can.o(i.CAN_FilterInit)
    CAN_GetITStatus                          0x08001ed1   Thumb Code   284  stm32f4xx_can.o(i.CAN_GetITStatus)
    CAN_ITConfig                             0x08001ff1   Thumb Code    18  stm32f4xx_can.o(i.CAN_ITConfig)
    CAN_Init                                 0x08002003   Thumb Code   276  stm32f4xx_can.o(i.CAN_Init)
    CAN_Receive                              0x08002117   Thumb Code   240  stm32f4xx_can.o(i.CAN_Receive)
    CAN_StructInit                           0x08002207   Thumb Code    32  stm32f4xx_can.o(i.CAN_StructInit)
    CAN_Transmit                             0x08002227   Thumb Code   294  stm32f4xx_can.o(i.CAN_Transmit)
    CMControlLoop                            0x0800234d   Thumb Code   660  controltask.o(i.CMControlLoop)
    CalibrateLoop                            0x0800261d   Thumb Code   234  iotask.o(i.CalibrateLoop)
    CanReceiveMsgProcess                     0x0800271d   Thumb Code   554  canbustask.o(i.CanReceiveMsgProcess)
    Control_Task                             0x08002985   Thumb Code    90  controltask.o(i.Control_Task)
    ControtLoopTaskInit                      0x080029e5   Thumb Code   184  controltask.o(i.ControtLoopTaskInit)
    DMA_Cmd                                  0x08002add   Thumb Code    22  stm32f4xx_dma.o(i.DMA_Cmd)
    DMA_DeInit                               0x08002af5   Thumb Code   324  stm32f4xx_dma.o(i.DMA_DeInit)
    DMA_DoubleBufferModeCmd                  0x08002c4d   Thumb Code    22  stm32f4xx_dma.o(i.DMA_DoubleBufferModeCmd)
    DMA_DoubleBufferModeConfig               0x08002c63   Thumb Code    24  stm32f4xx_dma.o(i.DMA_DoubleBufferModeConfig)
    DMA_GetCurrDataCounter                   0x08002c7b   Thumb Code     8  stm32f4xx_dma.o(i.DMA_GetCurrDataCounter)
    DMA_GetCurrentMemoryTarget               0x08002c83   Thumb Code    20  stm32f4xx_dma.o(i.DMA_GetCurrentMemoryTarget)
    DMA_Init                                 0x08002c99   Thumb Code    82  stm32f4xx_dma.o(i.DMA_Init)
    DMA_StructInit                           0x08002cf1   Thumb Code    34  stm32f4xx_dma.o(i.DMA_StructInit)
    DebugMon_Handler                         0x08002d13   Thumb Code     2  stm32f4xx_it.o(i.DebugMon_Handler)
    Delay_ms                                 0x08002d15   Thumb Code    28  delay.o(i.Delay_ms)
    EXTI0_IRQHandler                         0x08002d31   Thumb Code    18  exti.o(i.EXTI0_IRQHandler)
    EXTI1_IRQHandler                         0x08002d43   Thumb Code    18  exti.o(i.EXTI1_IRQHandler)
    EXTI4_IRQHandler                         0x08002d55   Thumb Code    46  mpu6050_interrupt.o(i.EXTI4_IRQHandler)
    EXTI_ClearFlag                           0x08002d89   Thumb Code     6  stm32f4xx_exti.o(i.EXTI_ClearFlag)
    EXTI_ClearITPendingBit                   0x08002d95   Thumb Code     6  stm32f4xx_exti.o(i.EXTI_ClearITPendingBit)
    EXTI_GetITStatus                         0x08002da1   Thumb Code    34  stm32f4xx_exti.o(i.EXTI_GetITStatus)
    EXTI_Init                                0x08002dc9   Thumb Code   142  stm32f4xx_exti.o(i.EXTI_Init)
    EncoderProcess                           0x08002e5d   Thumb Code   202  canbustask.o(i.EncoderProcess)
    Encoder_Start                            0x08002f35   Thumb Code    10  encoder.o(i.Encoder_Start)
    FLASH_DataCacheCmd                       0x08002f45   Thumb Code    30  stm32f4xx_flash.o(i.FLASH_DataCacheCmd)
    FLASH_EraseSector                        0x08002f69   Thumb Code   130  stm32f4xx_flash.o(i.FLASH_EraseSector)
    FLASH_GetStatus                          0x08002ff1   Thumb Code    66  stm32f4xx_flash.o(i.FLASH_GetStatus)
    FLASH_Lock                               0x08003039   Thumb Code    14  stm32f4xx_flash.o(i.FLASH_Lock)
    FLASH_ProgramByte                        0x0800304d   Thumb Code    70  stm32f4xx_flash.o(i.FLASH_ProgramByte)
    FLASH_Unlock                             0x08003099   Thumb Code    24  stm32f4xx_flash.o(i.FLASH_Unlock)
    FLASH_WaitForLastOperation               0x080030bd   Thumb Code    34  stm32f4xx_flash.o(i.FLASH_WaitForLastOperation)
    GMPitchControlLoop                       0x080030e1   Thumb Code   238  controltask.o(i.GMPitchControlLoop)
    GMYawControlLoop                         0x08003201   Thumb Code   162  controltask.o(i.GMYawControlLoop)
    GPIO_Init                                0x080032b9   Thumb Code   144  stm32f4xx_gpio.o(i.GPIO_Init)
    GPIO_PinAFConfig                         0x08003349   Thumb Code    70  stm32f4xx_gpio.o(i.GPIO_PinAFConfig)
    GPIO_ReadInputDataBit                    0x0800338f   Thumb Code    18  stm32f4xx_gpio.o(i.GPIO_ReadInputDataBit)
    GPIO_ResetBits                           0x080033a1   Thumb Code     4  stm32f4xx_gpio.o(i.GPIO_ResetBits)
    GPIO_SetBits                             0x080033a5   Thumb Code     4  stm32f4xx_gpio.o(i.GPIO_SetBits)
    GPIO_StructInit                          0x080033a9   Thumb Code    18  stm32f4xx_gpio.o(i.GPIO_StructInit)
    GPIO_ToggleBits                          0x080033bb   Thumb Code     8  stm32f4xx_gpio.o(i.GPIO_ToggleBits)
    GYRO_RST                                 0x080033c5   Thumb Code    86  can1.o(i.GYRO_RST)
    GetCaliCmdFlagGrp                        0x08003421   Thumb Code     6  iotask.o(i.GetCaliCmdFlagGrp)
    GetEncoderBias                           0x0800342d   Thumb Code    26  canbustask.o(i.GetEncoderBias)
    GetFrictionState                         0x08003449   Thumb Code     6  remotetask.o(i.GetFrictionState)
    GetInputMode                             0x08003455   Thumb Code     6  remotetask.o(i.GetInputMode)
    GetLostCounter                           0x08003461   Thumb Code    18  supervisetask.o(i.GetLostCounter)
    GetPitchYawGxGyGz                        0x08003479   Thumb Code   204  imu.o(i.GetPitchYawGxGyGz)
    GetQuadEncoderDiff                       0x08003571   Thumb Code    36  encoder.o(i.GetQuadEncoderDiff)
    GetRemoteSwitchAction                    0x0800359d   Thumb Code   120  remotetask.o(i.GetRemoteSwitchAction)
    GetShootState                            0x08003619   Thumb Code     6  remotetask.o(i.GetShootState)
    GetWorkState                             0x08003625   Thumb Code     6  controltask.o(i.GetWorkState)
    Get_Lost_Error                           0x08003631   Thumb Code    10  supervisetask.o(i.Get_Lost_Error)
    Get_Time_Micros                          0x08003641   Thumb Code     8  timer.o(i.Get_Time_Micros)
    GimbalAngleLimit                         0x08003649   Thumb Code   158  remotetask.o(i.GimbalAngleLimit)
    GimbalCaliProcess                        0x080036f5   Thumb Code   134  iotask.o(i.GimbalCaliProcess)
    GimbalYawControlModeSwitch               0x08003799   Thumb Code   618  controltask.o(i.GimbalYawControlModeSwitch)
    GyroCaliProcess                          0x08003a55   Thumb Code   202  iotask.o(i.GyroCaliProcess)
    HEAT_Configuration                       0x08003b3d   Thumb Code    50  mpu6050_i2c.o(i.HEAT_Configuration)
    HMC5883_Init                             0x08003b75   Thumb Code   116  mpu6050_driver.o(i.HMC5883_Init)
    HMC58X3_ReadData                         0x08003c01   Thumb Code    18  mpu6050_driver.o(i.HMC58X3_ReadData)
    HMC58X3_getRaw                           0x08003c15   Thumb Code   100  mpu6050_driver.o(i.HMC58X3_getRaw)
    HMC58X3_getlastValues                    0x08003c81   Thumb Code    22  mpu6050_driver.o(i.HMC58X3_getlastValues)
    HMC58X3_mgetValues                       0x08003c9d   Thumb Code   148  mpu6050_driver.o(i.HMC58X3_mgetValues)
    HMC58X3_newValues                        0x08003d41   Thumb Code   334  mpu6050_driver.o(i.HMC58X3_newValues)
    HardFault_Handler                        0x08003e99   Thumb Code     4  stm32f4xx_it.o(i.HardFault_Handler)
    IIC_Ack                                  0x08003e9d   Thumb Code    66  mpu6050_i2c.o(i.IIC_Ack)
    IIC_Delay                                0x08003ee5   Thumb Code    26  mpu6050_i2c.o(i.IIC_Delay)
    IIC_GPIO_Init                            0x08003f01   Thumb Code    42  mpu6050_i2c.o(i.IIC_GPIO_Init)
    IIC_ReadBit                              0x08003f31   Thumb Code    86  mpu6050_i2c.o(i.IIC_ReadBit)
    IIC_ReadData                             0x08003f8d   Thumb Code   146  mpu6050_i2c.o(i.IIC_ReadData)
    IIC_SDA_In                               0x08004045   Thumb Code    38  mpu6050_i2c.o(i.IIC_SDA_In)
    IIC_SDA_Out                              0x08004071   Thumb Code    34  mpu6050_i2c.o(i.IIC_SDA_Out)
    IIC_Start                                0x08004099   Thumb Code    60  mpu6050_i2c.o(i.IIC_Start)
    IIC_Stop                                 0x080040d9   Thumb Code    60  mpu6050_i2c.o(i.IIC_Stop)
    IIC_WaitAck                              0x08004119   Thumb Code    94  mpu6050_i2c.o(i.IIC_WaitAck)
    IIC_WriteBit                             0x08004189   Thumb Code    96  mpu6050_i2c.o(i.IIC_WriteBit)
    IIC_WriteData                            0x080041ed   Thumb Code    92  mpu6050_i2c.o(i.IIC_WriteData)
    IMU_AHRSupdate                           0x0800426d   Thumb Code  1920  imu.o(i.IMU_AHRSupdate)
    IMU_getQ                                 0x08004a31   Thumb Code    56  imu.o(i.IMU_getQ)
    IMU_getValues                            0x08004a7d   Thumb Code   196  imu.o(i.IMU_getValues)
    IMU_getYawPitchRoll                      0x08004b49   Thumb Code   552  imu.o(i.IMU_getYawPitchRoll)
    Init_Quaternion                          0x08004d85   Thumb Code   664  imu.o(i.Init_Quaternion)
    IsCaliCmdFlagSet                         0x08005089   Thumb Code    18  iotask.o(i.IsCaliCmdFlagSet)
    IsRemoteBeingAction                      0x080050a1   Thumb Code   238  remotetask.o(i.IsRemoteBeingAction)
    Is_AppParam_Calied                       0x080051a1   Thumb Code     6  iotask.o(i.Is_AppParam_Calied)
    Is_Lost_Error_Set                        0x080051ad   Thumb Code    22  supervisetask.o(i.Is_Lost_Error_Set)
    Is_Serious_Error                         0x080051c3   Thumb Code     4  supervisetask.o(i.Is_Serious_Error)
    LED_TOGGLE                               0x080051c9   Thumb Code   214  supervisetask.o(i.LED_TOGGLE)
    Laser_Configuration                      0x080052b1   Thumb Code    54  laser.o(i.Laser_Configuration)
    Led_Configuration                        0x080052ed   Thumb Code    58  led.o(i.Led_Configuration)
    MPU6050_DataSave                         0x0800532d   Thumb Code   494  mpu6050_driver.o(i.MPU6050_DataSave)
    MPU6050_EnableInt                        0x08005521   Thumb Code    66  mpu6050_driver.o(i.MPU6050_EnableInt)
    MPU6050_Init                             0x080055b9   Thumb Code   254  mpu6050_driver.o(i.MPU6050_Init)
    MPU6050_Initialize                       0x08005725   Thumb Code    20  mpu6050_driver.o(i.MPU6050_Initialize)
    MPU6050_IntConfiguration                 0x08005739   Thumb Code   124  mpu6050_interrupt.o(i.MPU6050_IntConfiguration)
    MPU6050_ReadData                         0x080057b9   Thumb Code    44  mpu6050_driver.o(i.MPU6050_ReadData)
    MPU6050_getMotion6                       0x080057f1   Thumb Code   354  mpu6050_driver.o(i.MPU6050_getMotion6)
    MPU6050_getlastMotion6                   0x0800597d   Thumb Code    76  mpu6050_driver.o(i.MPU6050_getlastMotion6)
    MagEndCaliProcess                        0x080059d1   Thumb Code   138  iotask.o(i.MagEndCaliProcess)
    MagStartCaliProcess                      0x08005a65   Thumb Code    26  iotask.o(i.MagStartCaliProcess)
    MemManage_Handler                        0x08005a85   Thumb Code     4  stm32f4xx_it.o(i.MemManage_Handler)
    MouseKeyControlProcess                   0x08005a89   Thumb Code   446  remotetask.o(i.MouseKeyControlProcess)
    MouseShootControl                        0x08005c65   Thumb Code   288  remotetask.o(i.MouseShootControl)
    NMI_Handler                              0x08005d9d   Thumb Code     2  stm32f4xx_it.o(i.NMI_Handler)
    NVIC_Init                                0x08005da1   Thumb Code   106  misc.o(i.NVIC_Init)
    NVIC_PriorityGroupConfig                 0x08005e19   Thumb Code    10  misc.o(i.NVIC_PriorityGroupConfig)
    PIDCaliProcess                           0x08005e2d   Thumb Code    22  iotask.o(i.PIDCaliProcess)
    PWM_Configuration                        0x08005e49   Thumb Code   282  gun.o(i.PWM_Configuration)
    PendSV_Handler                           0x08005f71   Thumb Code     2  stm32f4xx_it.o(i.PendSV_Handler)
    Quad_Encoder_Configuration               0x08005f75   Thumb Code    90  encoder.o(i.Quad_Encoder_Configuration)
    RCC_AHB1PeriphClockCmd                   0x08005fd9   Thumb Code    26  stm32f4xx_rcc.o(i.RCC_AHB1PeriphClockCmd)
    RCC_APB1PeriphClockCmd                   0x08005ff9   Thumb Code    26  stm32f4xx_rcc.o(i.RCC_APB1PeriphClockCmd)
    RCC_APB1PeriphResetCmd                   0x08006019   Thumb Code    26  stm32f4xx_rcc.o(i.RCC_APB1PeriphResetCmd)
    RCC_APB2PeriphClockCmd                   0x08006039   Thumb Code    26  stm32f4xx_rcc.o(i.RCC_APB2PeriphClockCmd)
    RCC_APB2PeriphResetCmd                   0x08006059   Thumb Code    26  stm32f4xx_rcc.o(i.RCC_APB2PeriphResetCmd)
    RCC_GetClocksFreq                        0x08006079   Thumb Code   214  stm32f4xx_rcc.o(i.RCC_GetClocksFreq)
    RemoteControlProcess                     0x08006161   Thumb Code   222  remotetask.o(i.RemoteControlProcess)
    RemoteDataPrcess                         0x08006259   Thumb Code   210  remotetask.o(i.RemoteDataPrcess)
    RemoteShootControl                       0x08006331   Thumb Code   264  remotetask.o(i.RemoteShootControl)
    RemoteTaskInit                           0x08006451   Thumb Code    78  remotetask.o(i.RemoteTaskInit)
    ResetCaliCmdFlag                         0x080064b9   Thumb Code    12  iotask.o(i.ResetCaliCmdFlag)
    SVC_Handler                              0x080064c9   Thumb Code     2  stm32f4xx_it.o(i.SVC_Handler)
    SYSCFG_EXTILineConfig                    0x080064cd   Thumb Code    60  stm32f4xx_syscfg.o(i.SYSCFG_EXTILineConfig)
    Sensor_Offset_Param_Init                 0x0800650d   Thumb Code   112  iotask.o(i.Sensor_Offset_Param_Init)
    SetCaliCmdFlag                           0x080065a5   Thumb Code    12  iotask.o(i.SetCaliCmdFlag)
    SetFrictionState                         0x080065b5   Thumb Code     6  remotetask.o(i.SetFrictionState)
    SetGimbalCaliData                        0x080065c1   Thumb Code    24  iotask.o(i.SetGimbalCaliData)
    SetGimbalMotorOutput                     0x080065dd   Thumb Code    80  controltask.o(i.SetGimbalMotorOutput)
    SetGyroCaliData                          0x08006639   Thumb Code    28  iotask.o(i.SetGyroCaliData)
    SetInputMode                             0x08006659   Thumb Code    36  remotetask.o(i.SetInputMode)
    SetMagCaliData                           0x08006681   Thumb Code    22  iotask.o(i.SetMagCaliData)
    SetPIDCaliData                           0x0800669d   Thumb Code   280  iotask.o(i.SetPIDCaliData)
    SetShootState                            0x080067b9   Thumb Code     6  remotetask.o(i.SetShootState)
    Set_CM_Speed                             0x080068bd   Thumb Code    92  canbustask.o(i.Set_CM_Speed)
    Set_Gimbal_Current                       0x08006919   Thumb Code    82  canbustask.o(i.Set_Gimbal_Current)
    ShooterMControlLoop                      0x0800696d   Thumb Code    74  controltask.o(i.ShooterMControlLoop)
    SuperviseTask                            0x080069c5   Thumb Code   426  supervisetask.o(i.SuperviseTask)
    SystemInit                               0x08006b7d   Thumb Code    88  system_stm32f4xx.o(i.SystemInit)
    TIM2_Configuration                       0x08006be5   Thumb Code    60  timer.o(i.TIM2_Configuration)
    TIM2_IRQHandler                          0x08006c21   Thumb Code    46  timer.o(i.TIM2_IRQHandler)
    TIM6_Configuration                       0x08006c55   Thumb Code    72  timer.o(i.TIM6_Configuration)
    TIM6_DAC_IRQHandler                      0x08006ca1   Thumb Code    34  timer.o(i.TIM6_DAC_IRQHandler)
    TIM6_Start                               0x08006cc9   Thumb Code    30  timer.o(i.TIM6_Start)
    TIM_ARRPreloadConfig                     0x08006ced   Thumb Code    24  stm32f4xx_tim.o(i.TIM_ARRPreloadConfig)
    TIM_ClearFlag                            0x08006d05   Thumb Code     6  stm32f4xx_tim.o(i.TIM_ClearFlag)
    TIM_ClearITPendingBit                    0x08006d0b   Thumb Code     6  stm32f4xx_tim.o(i.TIM_ClearITPendingBit)
    TIM_Cmd                                  0x08006d11   Thumb Code    24  stm32f4xx_tim.o(i.TIM_Cmd)
    TIM_EncoderInterfaceConfig               0x08006d29   Thumb Code    66  stm32f4xx_tim.o(i.TIM_EncoderInterfaceConfig)
    TIM_GetITStatus                          0x08006d6b   Thumb Code    34  stm32f4xx_tim.o(i.TIM_GetITStatus)
    TIM_ITConfig                             0x08006d8d   Thumb Code    18  stm32f4xx_tim.o(i.TIM_ITConfig)
    TIM_OC1Init                              0x08006da1   Thumb Code   114  stm32f4xx_tim.o(i.TIM_OC1Init)
    TIM_OC1PreloadConfig                     0x08006e1d   Thumb Code    18  stm32f4xx_tim.o(i.TIM_OC1PreloadConfig)
    TIM_OC2Init                              0x08006e31   Thumb Code   154  stm32f4xx_tim.o(i.TIM_OC2Init)
    TIM_OC2PreloadConfig                     0x08006ed5   Thumb Code    26  stm32f4xx_tim.o(i.TIM_OC2PreloadConfig)
    TIM_TimeBaseInit                         0x08006ef1   Thumb Code   104  stm32f4xx_tim.o(i.TIM_TimeBaseInit)
    UART3_PrintBlock                         0x08006f75   Thumb Code    44  usart3.o(i.UART3_PrintBlock)
    USART1_Configuration                     0x08006fa9   Thumb Code   302  usart1.o(i.USART1_Configuration)
    USART1_IRQHandler                        0x08007101   Thumb Code   190  usart1.o(i.USART1_IRQHandler)
    USART3_Configuration                     0x080071d1   Thumb Code   182  usart3.o(i.USART3_Configuration)
    USART3_IRQHandler                        0x08007295   Thumb Code   240  usart3.o(i.USART3_IRQHandler)
    USART_Cmd                                0x08007391   Thumb Code    24  stm32f4xx_usart.o(i.USART_Cmd)
    USART_DMACmd                             0x080073a9   Thumb Code    18  stm32f4xx_usart.o(i.USART_DMACmd)
    USART_DeInit                             0x080073bd   Thumb Code   156  stm32f4xx_usart.o(i.USART_DeInit)
    USART_GetFlagStatus                      0x08007471   Thumb Code    26  stm32f4xx_usart.o(i.USART_GetFlagStatus)
    USART_GetITStatus                        0x0800748b   Thumb Code    84  stm32f4xx_usart.o(i.USART_GetITStatus)
    USART_ITConfig                           0x080074df   Thumb Code    74  stm32f4xx_usart.o(i.USART_ITConfig)
    USART_Init                               0x08007529   Thumb Code   204  stm32f4xx_usart.o(i.USART_Init)
    USART_ReceiveData                        0x080075fd   Thumb Code    10  stm32f4xx_usart.o(i.USART_ReceiveData)
    USART_SendData                           0x08007607   Thumb Code     8  stm32f4xx_usart.o(i.USART_SendData)
    USART_StructInit                         0x0800760f   Thumb Code    24  stm32f4xx_usart.o(i.USART_StructInit)
    UploadParameter                          0x08007629   Thumb Code   512  iotask.o(i.UploadParameter)
    UsageFault_Handler                       0x08007879   Thumb Code     4  stm32f4xx_it.o(i.UsageFault_Handler)
    WorkStateFSM                             0x0800787d   Thumb Code   300  controltask.o(i.WorkStateFSM)
    __0printf$bare                           0x080079dd   Thumb Code     8  printfb.o(i.__0printf$bare)
    __1printf$bare                           0x080079dd   Thumb Code     0  printfb.o(i.__0printf$bare)
    __2printf                                0x080079dd   Thumb Code     0  printfb.o(i.__0printf$bare)
    __ARM_fpclassify                         0x080079ed   Thumb Code    48  fpclassify.o(i.__ARM_fpclassify)
    __hardfp_asin                            0x08007a21   Thumb Code   770  asin.o(i.__hardfp_asin)
    __hardfp_atan                            0x08007d81   Thumb Code   622  atan.o(i.__hardfp_atan)
    __hardfp_atan2                           0x08008059   Thumb Code   432  atan2.o(i.__hardfp_atan2)
    __hardfp_fabs                            0x08008249   Thumb Code    20  fabs.o(i.__hardfp_fabs)
    __hardfp_sin                             0x08008261   Thumb Code   180  sin.o(i.__hardfp_sin)
    __hardfp_sqrt                            0x08008329   Thumb Code   122  sqrt.o(i.__hardfp_sqrt)
    __ieee754_rem_pio2                       0x080083a9   Thumb Code   938  rred.o(i.__ieee754_rem_pio2)
    __kernel_cos                             0x080087e1   Thumb Code   322  cos_i.o(i.__kernel_cos)
    __kernel_poly                            0x08008951   Thumb Code   248  poly.o(i.__kernel_poly)
    __kernel_sin                             0x08008a49   Thumb Code   280  sin_i.o(i.__kernel_sin)
    __mathlib_dbl_infnan                     0x08008b79   Thumb Code    20  dunder.o(i.__mathlib_dbl_infnan)
    __mathlib_dbl_infnan2                    0x08008b8d   Thumb Code    20  dunder.o(i.__mathlib_dbl_infnan2)
    __mathlib_dbl_invalid                    0x08008ba1   Thumb Code    24  dunder.o(i.__mathlib_dbl_invalid)
    __mathlib_dbl_underflow                  0x08008bc1   Thumb Code    24  dunder.o(i.__mathlib_dbl_underflow)
    __scatterload_copy                       0x08008be1   Thumb Code    14  handlers.o(i.__scatterload_copy)
    __scatterload_null                       0x08008bef   Thumb Code     2  handlers.o(i.__scatterload_null)
    __scatterload_zeroinit                   0x08008bf1   Thumb Code    14  handlers.o(i.__scatterload_zeroinit)
    __set_errno                              0x08008c01   Thumb Code     6  errno.o(i.__set_errno)
    atan                                     0x08008c2f   Thumb Code    16  atan.o(i.atan)
    delay_ms                                 0x08008c3f   Thumb Code    28  delay.o(i.delay_ms)
    fabs                                     0x08008c5b   Thumb Code    24  fabs.o(i.fabs)
    fputc                                    0x08008c75   Thumb Code    32  usart3.o(i.fputc)
    free                                     0x08008c99   Thumb Code    76  malloc.o(i.free)
    invSqrt                                  0x08008ce9   Thumb Code    56  imu.o(i.invSqrt)
    main                                     0x08008d25   Thumb Code    82  main.o(i.main)
    malloc                                   0x08008d89   Thumb Code    92  malloc.o(i.malloc)
    sineWave                                 0x08008df5   Thumb Code   140  sinewave.o(i.sineWave)
    sqrt                                     0x08008e89   Thumb Code   110  sqrt.o(i.sqrt)
    lost_counter_len                         0x08008ef8   Data          44  supervisetask.o(.constdata)
    CRC8_INIT                                0x08008f24   Data           1  mf_crc8.o(.constdata)
    CRC8_TAB                                 0x08008f25   Data         256  mf_crc8.o(.constdata)
    wCRC_Table                               0x08009026   Data         512  mf_crc16.o(.constdata)
    __mathlib_zero                           0x08009340   Data           8  qnan.o(.constdata)
    Region$$Table$$Base                      0x08009438   Number         0  anon$$obj.o(Region$$Table)
    Region$$Table$$Limit                     0x08009458   Number         0  anon$$obj.o(Region$$Table)
    Upload_Speed                             0x20000000   Data           4  main.o(.data)
    power1                                   0x20000004   Data           2  main.o(.data)
    power2                                   0x20000006   Data           2  main.o(.data)
    system_micrsecond                        0x20000008   Data           4  main.o(.data)
    UART_TranFifo                            0x20000010   Data           4  usart3.o(.data)
    exInt                                    0x20000028   Data           4  imu.o(.data)
    eyInt                                    0x2000002c   Data           4  imu.o(.data)
    ezInt                                    0x20000030   Data           4  imu.o(.data)
    q0                                       0x20000034   Data           4  imu.o(.data)
    q1                                       0x20000038   Data           4  imu.o(.data)
    q2                                       0x2000003c   Data           4  imu.o(.data)
    q3                                       0x20000040   Data           4  imu.o(.data)
    lastUpdate                               0x20000068   Data           4  imu.o(.data)
    now                                      0x2000006c   Data           4  imu.o(.data)
    yaw_temp                                 0x20000070   Data           4  imu.o(.data)
    pitch_temp                               0x20000074   Data           4  imu.o(.data)
    roll_temp                                0x20000078   Data           4  imu.o(.data)
    last_yaw_temp                            0x2000007c   Data           4  imu.o(.data)
    last_pitch_temp                          0x20000080   Data           4  imu.o(.data)
    last_roll_temp                           0x20000084   Data           4  imu.o(.data)
    yaw_angle                                0x20000088   Data           4  imu.o(.data)
    pitch_angle                              0x2000008c   Data           4  imu.o(.data)
    roll_angle                               0x20000090   Data           4  imu.o(.data)
    HMC5883_lastx                            0x20000098   Data           4  mpu6050_driver.o(.data)
    HMC5883_lasty                            0x2000009c   Data           4  mpu6050_driver.o(.data)
    HMC5883_lastz                            0x200000a0   Data           4  mpu6050_driver.o(.data)
    MPU6050_Lastax                           0x200000a4   Data           2  mpu6050_driver.o(.data)
    MPU6050_Lastay                           0x200000a6   Data           2  mpu6050_driver.o(.data)
    MPU6050_Lastaz                           0x200000a8   Data           2  mpu6050_driver.o(.data)
    MPU6050_Lastgx                           0x200000aa   Data           2  mpu6050_driver.o(.data)
    MPU6050_Lastgy                           0x200000ac   Data           2  mpu6050_driver.o(.data)
    MPU6050_Lastgz                           0x200000ae   Data           2  mpu6050_driver.o(.data)
    isMPU6050_is_DRY                         0x200000b0   Data           1  mpu6050_interrupt.o(.data)
    PIDCaliData                              0x200000c0   Data           8  iotask.o(.data)
    GimbalSavedCaliData                      0x200000c8   Data           5  iotask.o(.data)
    GyroSavedCaliData                        0x200000cd   Data           7  iotask.o(.data)
    PitchPositionSavedPID                    0x200000d4   Data           8  iotask.o(.data)
    PitchSpeedSavedPID                       0x200000dc   Data           8  iotask.o(.data)
    YawPositionSavedPID                      0x200000e4   Data           8  iotask.o(.data)
    YawSpeedSavedPID                         0x200000ec   Data           8  iotask.o(.data)
    app_param_calied_flag                    0x200000f4   Data           1  iotask.o(.data)
    GMPPositionPID                           0x20000130   Data          80  controltask.o(.data)
    GMPSpeedPID                              0x20000180   Data          80  controltask.o(.data)
    GMYPositionPID                           0x200001d0   Data          80  controltask.o(.data)
    GMYSpeedPID                              0x20000220   Data          80  controltask.o(.data)
    CMRotatePID                              0x20000270   Data          80  controltask.o(.data)
    CM1SpeedPID                              0x200002c0   Data          80  controltask.o(.data)
    CM2SpeedPID                              0x20000310   Data          80  controltask.o(.data)
    CM3SpeedPID                              0x20000360   Data          80  controltask.o(.data)
    CM4SpeedPID                              0x200003b0   Data          80  controltask.o(.data)
    ShootMotorPositionPID                    0x20000400   Data          80  controltask.o(.data)
    ShootMotorSpeedPID                       0x20000450   Data          80  controltask.o(.data)
    lastWorkState                            0x200004a0   Data           1  controltask.o(.data)
    workState                                0x200004a1   Data           1  controltask.o(.data)
    GMPitchRamp                              0x200004a4   Data          36  controltask.o(.data)
    GMYawRamp                                0x200004c8   Data          36  controltask.o(.data)
    pwm_ccr                                  0x200004ec   Data           2  controltask.o(.data)
    GimbalPosition_ref_supervisor            0x200004fc   Data           4  controltask.o(.data)
    GimbalPosition_fdb_supervisor            0x20000500   Data           4  controltask.o(.data)
    ChassisSpeedRef                          0x20000510   Data           6  remotetask.o(.data)
    friction_wheel_state                     0x20000516   Data           1  remotetask.o(.data)
    frictionRamp                             0x2000051c   Data          36  remotetask.o(.data)
    LRSpeedRamp                              0x20000540   Data          36  remotetask.o(.data)
    FBSpeedRamp                              0x20000564   Data          36  remotetask.o(.data)
    ZGyroModuleAngle                         0x20000594   Data           4  canbustask.o(.data)
    lost_counter                             0x20000598   Data          44  supervisetask.o(.data)
    lost_err                                 0x200005c4   Data           4  supervisetask.o(.data)
    CRC_INIT                                 0x200005da   Data           2  mf_crc16.o(.data)
    __stdout                                 0x200005dc   Data           4  stdout.o(.data)
    __microlib_freelist                      0x200005e0   Data           4  mvars.o(.data)
    __microlib_freelist_initialised          0x200005e4   Data           4  mvars.o(.data)
    mygetqval                                0x20000818   Data          36  imu.o(.bss)
    angle                                    0x2000084c   Data          12  imu.o(.bss)
    MPU6050_Raw_Data                         0x20000858   Data          20  mpu6050_driver.o(.bss)
    MPU6050_Real_Data                        0x2000086c   Data          40  mpu6050_driver.o(.bss)
    ahrs                                     0x20000894   Data          12  mpu6050_driver.o(.bss)
    mpu_buf                                  0x200008a0   Data          20  mpu6050_driver.o(.bss)
    MPU6050_FIFO                             0x200008b4   Data         132  mpu6050_driver.o(.bss)
    HMC5883_FIFO                             0x20000938   Data          66  mpu6050_driver.o(.bss)
    MagMaxMinData                            0x2000097a   Data          12  mpu6050_driver.o(.bss)
    gAppParamStruct                          0x20000986   Data          87  iotask.o(.bss)
    AccSavedCaliData                         0x200009f0   Data          19  iotask.o(.bss)
    MagSavedCaliData                         0x20000a03   Data          19  iotask.o(.bss)
    RC_CtrlData                              0x20000a18   Data          22  remotetask.o(.bss)
    GimbalRef                                0x20000a30   Data          24  remotetask.o(.bss)
    CM1Encoder                               0x20000a60   Data          68  canbustask.o(.bss)
    CM2Encoder                               0x20000aa4   Data          68  canbustask.o(.bss)
    CM3Encoder                               0x20000ae8   Data          68  canbustask.o(.bss)
    CM4Encoder                               0x20000b2c   Data          68  canbustask.o(.bss)
    GMYawEncoder                             0x20000b70   Data          68  canbustask.o(.bss)
    GMPitchEncoder                           0x20000bb4   Data          68  canbustask.o(.bss)
    __heap_base                              0x20000d08   Data           0  startup_stm32f4xx.o(HEAP)
    __heap_limit                             0x20000f08   Data           0  startup_stm32f4xx.o(HEAP)
    __initial_sp                             0x20001908   Data           0  startup_stm32f4xx.o(STACK)



==============================================================================

Memory Map of the image

  Image Entry point : 0x08000189

  Load Region LR_IROM1 (Base: 0x08000000, Size: 0x00009a44, Max: 0x00100000, ABSOLUTE, COMPRESSED[0x000094fc])

    Execution Region ER_IROM1 (Exec base: 0x08000000, Load base: 0x08000000, Size: 0x00009458, Max: 0x00100000, ABSOLUTE)

    Exec Addr    Load Addr    Size         Type   Attr      Idx    E Section Name        Object

    0x08000000   0x08000000   0x00000188   Data   RO          726    RESET               startup_stm32f4xx.o
    0x08000188   0x08000188   0x00000000   Code   RO         4906  * .ARM.Collect$$$$00000000  mc_w.l(entry.o)
    0x08000188   0x08000188   0x00000004   Code   RO         5270    .ARM.Collect$$$$00000001  mc_w.l(entry2.o)
    0x0800018c   0x0800018c   0x00000004   Code   RO         5273    .ARM.Collect$$$$00000004  mc_w.l(entry5.o)
    0x08000190   0x08000190   0x00000000   Code   RO         5275    .ARM.Collect$$$$00000008  mc_w.l(entry7b.o)
    0x08000190   0x08000190   0x00000000   Code   RO         5277    .ARM.Collect$$$$0000000A  mc_w.l(entry8b.o)
    0x08000190   0x08000190   0x00000008   Code   RO         5278    .ARM.Collect$$$$0000000B  mc_w.l(entry9a.o)
    0x08000198   0x08000198   0x00000000   Code   RO         5280    .ARM.Collect$$$$0000000D  mc_w.l(entry10a.o)
    0x08000198   0x08000198   0x00000000   Code   RO         5282    .ARM.Collect$$$$0000000F  mc_w.l(entry11a.o)
    0x08000198   0x08000198   0x00000004   Code   RO         5271    .ARM.Collect$$$$00002712  mc_w.l(entry2.o)
    0x0800019c   0x0800019c   0x00000024   Code   RO          727    .text               startup_stm32f4xx.o
    0x080001c0   0x080001c0   0x000005b0   Code   RO         4465    .text               Protocol.lib(protocal_parser.o)
    0x08000770   0x08000770   0x000005a4   Code   RO         4556    .text               RMLib.lib(fifo.o)
    0x08000d14   0x08000d14   0x00000070   Code   RO         4636    .text               RMLib.lib(ramp.o)
    0x08000d84   0x08000d84   0x00000020   Code   RO         4769    .text               RMLib.lib(lostcounter.o)
    0x08000da4   0x08000da4   0x00000120   Code   RO         4792    .text               RMLib.lib(pid_regulator.o)
    0x08000ec4   0x08000ec4   0x00000074   Code   RO         4816    .text               Protocol.lib(mf_crc8.o)
    0x08000f38   0x08000f38   0x000000a0   Code   RO         4831    .text               Protocol.lib(mf_crc16.o)
    0x08000fd8   0x08000fd8   0x00000024   Code   RO         4909    .text               mc_w.l(memcpya.o)
    0x08000ffc   0x08000ffc   0x00000024   Code   RO         4911    .text               mc_w.l(memseta.o)
    0x08001020   0x08001020   0x0000014e   Code   RO         5203    .text               mf_w.l(dadd.o)
    0x0800116e   0x0800116e   0x000000e4   Code   RO         5205    .text               mf_w.l(dmul.o)
    0x08001252   0x08001252   0x000000de   Code   RO         5207    .text               mf_w.l(ddiv.o)
    0x08001330   0x08001330   0x00000022   Code   RO         5211    .text               mf_w.l(dflti.o)
    0x08001352   0x08001352   0x0000001a   Code   RO         5213    .text               mf_w.l(dfltui.o)
    0x0800136c   0x0800136c   0x00000032   Code   RO         5215    .text               mf_w.l(dfixui.o)
    0x0800139e   0x0800139e   0x00000026   Code   RO         5217    .text               mf_w.l(f2d.o)
    0x080013c4   0x080013c4   0x00000030   Code   RO         5219    .text               mf_w.l(cdrcmple.o)
    0x080013f4   0x080013f4   0x00000038   Code   RO         5221    .text               mf_w.l(d2f.o)
    0x0800142c   0x0800142c   0x0000001e   Code   RO         5289    .text               mc_w.l(llshl.o)
    0x0800144a   0x0800144a   0x00000020   Code   RO         5291    .text               mc_w.l(llushr.o)
    0x0800146a   0x0800146a   0x00000024   Code   RO         5293    .text               mc_w.l(llsshr.o)
    0x0800148e   0x0800148e   0x00000000   Code   RO         5304    .text               mc_w.l(iusefp.o)
    0x0800148e   0x0800148e   0x0000006e   Code   RO         5305    .text               mf_w.l(fepilogue.o)
    0x080014fc   0x080014fc   0x000000ba   Code   RO         5307    .text               mf_w.l(depilogue.o)
    0x080015b6   0x080015b6   0x000000a2   Code   RO         5309    .text               mf_w.l(dsqrt.o)
    0x08001658   0x08001658   0x00000024   Code   RO         5315    .text               mc_w.l(init.o)
    0x0800167c   0x0800167c   0x0000003e   Code   RO         5317    .text               mf_w.l(dfixi.o)
    0x080016ba   0x080016ba   0x00000056   Code   RO         5327    .text               mc_w.l(__dczerorl2.o)
    0x08001710   0x08001710   0x00000120   Code   RO         3926    i.AppParamInit      iotask.o
    0x08001830   0x08001830   0x0000001c   Code   RO         3927    i.AppParamSave      iotask.o
    0x0800184c   0x0800184c   0x000000a0   Code   RO          683    i.BSP_FLASH_GetFlashSector  bsp_flash.o
    0x080018ec   0x080018ec   0x000000ac   Code   RO          686    i.BSP_FLASH_Write   bsp_flash.o
    0x08001998   0x08001998   0x00000050   Code   RO          206    i.BSP_Init          bsp.o
    0x080019e8   0x080019e8   0x00000004   Code   RO          734    i.BusFault_Handler  stm32f4xx_it.o
    0x080019ec   0x080019ec   0x00000110   Code   RO          288    i.CAN1_Configuration  can1.o
    0x08001afc   0x08001afc   0x0000003c   Code   RO          289    i.CAN1_RX0_IRQHandler  can1.o
    0x08001b38   0x08001b38   0x0000001c   Code   RO          290    i.CAN1_TX_IRQHandler  can1.o
    0x08001b54   0x08001b54   0x00000110   Code   RO          330    i.CAN2_Configuration  can2.o
    0x08001c64   0x08001c64   0x00000030   Code   RO          331    i.CAN2_RX0_IRQHandler  can2.o
    0x08001c94   0x08001c94   0x0000001c   Code   RO          332    i.CAN2_TX_IRQHandler  can2.o
    0x08001cb0   0x08001cb0   0x00000038   Code   RO         1127    i.CAN_ClearFlag     stm32f4xx_can.o
    0x08001ce8   0x08001ce8   0x000000a8   Code   RO         1128    i.CAN_ClearITPendingBit  stm32f4xx_can.o
    0x08001d90   0x08001d90   0x00000038   Code   RO         1130    i.CAN_DeInit        stm32f4xx_can.o
    0x08001dc8   0x08001dc8   0x00000108   Code   RO         1132    i.CAN_FilterInit    stm32f4xx_can.o
    0x08001ed0   0x08001ed0   0x00000120   Code   RO         1134    i.CAN_GetITStatus   stm32f4xx_can.o
    0x08001ff0   0x08001ff0   0x00000012   Code   RO         1138    i.CAN_ITConfig      stm32f4xx_can.o
    0x08002002   0x08002002   0x00000114   Code   RO         1139    i.CAN_Init          stm32f4xx_can.o
    0x08002116   0x08002116   0x000000f0   Code   RO         1142    i.CAN_Receive       stm32f4xx_can.o
    0x08002206   0x08002206   0x00000020   Code   RO         1145    i.CAN_StructInit    stm32f4xx_can.o
    0x08002226   0x08002226   0x00000126   Code   RO         1147    i.CAN_Transmit      stm32f4xx_can.o
    0x0800234c   0x0800234c   0x000002d0   Code   RO         4119    i.CMControlLoop     controltask.o
    0x0800261c   0x0800261c   0x00000100   Code   RO         3928    i.CalibrateLoop     iotask.o
    0x0800271c   0x0800271c   0x00000254   Code   RO         4331    i.CanReceiveMsgProcess  canbustask.o
    0x08002970   0x08002970   0x00000012   Code   RO         1150    i.CheckITStatus     stm32f4xx_can.o
    0x08002982   0x08002982   0x00000002   PAD
    0x08002984   0x08002984   0x00000060   Code   RO         4120    i.Control_Task      controltask.o
    0x080029e4   0x080029e4   0x000000f8   Code   RO         4121    i.ControtLoopTaskInit  controltask.o
    0x08002adc   0x08002adc   0x00000016   Code   RO         1478    i.DMA_Cmd           stm32f4xx_dma.o
    0x08002af2   0x08002af2   0x00000002   PAD
    0x08002af4   0x08002af4   0x00000158   Code   RO         1479    i.DMA_DeInit        stm32f4xx_dma.o
    0x08002c4c   0x08002c4c   0x00000016   Code   RO         1480    i.DMA_DoubleBufferModeCmd  stm32f4xx_dma.o
    0x08002c62   0x08002c62   0x00000018   Code   RO         1481    i.DMA_DoubleBufferModeConfig  stm32f4xx_dma.o
    0x08002c7a   0x08002c7a   0x00000008   Code   RO         1484    i.DMA_GetCurrDataCounter  stm32f4xx_dma.o
    0x08002c82   0x08002c82   0x00000014   Code   RO         1485    i.DMA_GetCurrentMemoryTarget  stm32f4xx_dma.o
    0x08002c96   0x08002c96   0x00000002   PAD
    0x08002c98   0x08002c98   0x00000058   Code   RO         1490    i.DMA_Init          stm32f4xx_dma.o
    0x08002cf0   0x08002cf0   0x00000022   Code   RO         1494    i.DMA_StructInit    stm32f4xx_dma.o
    0x08002d12   0x08002d12   0x00000002   Code   RO          735    i.DebugMon_Handler  stm32f4xx_it.o
    0x08002d14   0x08002d14   0x0000001c   Code   RO          369    i.Delay_ms          delay.o
    0x08002d30   0x08002d30   0x00000012   Code   RO          411    i.EXTI0_IRQHandler  exti.o
    0x08002d42   0x08002d42   0x00000012   Code   RO          412    i.EXTI1_IRQHandler  exti.o
    0x08002d54   0x08002d54   0x00000034   Code   RO         3890    i.EXTI4_IRQHandler  mpu6050_interrupt.o
    0x08002d88   0x08002d88   0x0000000c   Code   RO         1611    i.EXTI_ClearFlag    stm32f4xx_exti.o
    0x08002d94   0x08002d94   0x0000000c   Code   RO         1612    i.EXTI_ClearITPendingBit  stm32f4xx_exti.o
    0x08002da0   0x08002da0   0x00000028   Code   RO         1616    i.EXTI_GetITStatus  stm32f4xx_exti.o
    0x08002dc8   0x08002dc8   0x00000094   Code   RO         1617    i.EXTI_Init         stm32f4xx_exti.o
    0x08002e5c   0x08002e5c   0x000000d8   Code   RO         4332    i.EncoderProcess    canbustask.o
    0x08002f34   0x08002f34   0x00000010   Code   RO          645    i.Encoder_Start     encoder.o
    0x08002f44   0x08002f44   0x00000024   Code   RO         1681    i.FLASH_DataCacheCmd  stm32f4xx_flash.o
    0x08002f68   0x08002f68   0x00000088   Code   RO         1684    i.FLASH_EraseSector  stm32f4xx_flash.o
    0x08002ff0   0x08002ff0   0x00000048   Code   RO         1686    i.FLASH_GetStatus   stm32f4xx_flash.o
    0x08003038   0x08003038   0x00000014   Code   RO         1690    i.FLASH_Lock        stm32f4xx_flash.o
    0x0800304c   0x0800304c   0x0000004c   Code   RO         1703    i.FLASH_ProgramByte  stm32f4xx_flash.o
    0x08003098   0x08003098   0x00000024   Code   RO         1708    i.FLASH_Unlock      stm32f4xx_flash.o
    0x080030bc   0x080030bc   0x00000022   Code   RO         1709    i.FLASH_WaitForLastOperation  stm32f4xx_flash.o
    0x080030de   0x080030de   0x00000002   PAD
    0x080030e0   0x080030e0   0x00000120   Code   RO         4122    i.GMPitchControlLoop  controltask.o
    0x08003200   0x08003200   0x000000b8   Code   RO         4123    i.GMYawControlLoop  controltask.o
    0x080032b8   0x080032b8   0x00000090   Code   RO         1882    i.GPIO_Init         stm32f4xx_gpio.o
    0x08003348   0x08003348   0x00000046   Code   RO         1883    i.GPIO_PinAFConfig  stm32f4xx_gpio.o
    0x0800338e   0x0800338e   0x00000012   Code   RO         1886    i.GPIO_ReadInputDataBit  stm32f4xx_gpio.o
    0x080033a0   0x080033a0   0x00000004   Code   RO         1889    i.GPIO_ResetBits    stm32f4xx_gpio.o
    0x080033a4   0x080033a4   0x00000004   Code   RO         1890    i.GPIO_SetBits      stm32f4xx_gpio.o
    0x080033a8   0x080033a8   0x00000012   Code   RO         1891    i.GPIO_StructInit   stm32f4xx_gpio.o
    0x080033ba   0x080033ba   0x00000008   Code   RO         1892    i.GPIO_ToggleBits   stm32f4xx_gpio.o
    0x080033c2   0x080033c2   0x00000002   PAD
    0x080033c4   0x080033c4   0x0000005c   Code   RO          291    i.GYRO_RST          can1.o
    0x08003420   0x08003420   0x0000000c   Code   RO         3930    i.GetCaliCmdFlagGrp  iotask.o
    0x0800342c   0x0800342c   0x0000001a   Code   RO         4333    i.GetEncoderBias    canbustask.o
    0x08003446   0x08003446   0x00000002   PAD
    0x08003448   0x08003448   0x0000000c   Code   RO         4216    i.GetFrictionState  remotetask.o
    0x08003454   0x08003454   0x0000000c   Code   RO         4217    i.GetInputMode      remotetask.o
    0x08003460   0x08003460   0x00000018   Code   RO         4386    i.GetLostCounter    supervisetask.o
    0x08003478   0x08003478   0x000000f8   Code   RO         3618    i.GetPitchYawGxGyGz  imu.o
    0x08003570   0x08003570   0x0000002c   Code   RO          646    i.GetQuadEncoderDiff  encoder.o
    0x0800359c   0x0800359c   0x0000007c   Code   RO         4218    i.GetRemoteSwitchAction  remotetask.o
    0x08003618   0x08003618   0x0000000c   Code   RO         4219    i.GetShootState     remotetask.o
    0x08003624   0x08003624   0x0000000c   Code   RO         4124    i.GetWorkState      controltask.o
    0x08003630   0x08003630   0x00000010   Code   RO         4387    i.Get_Lost_Error    supervisetask.o
    0x08003640   0x08003640   0x00000008   Code   RO          471    i.Get_Time_Micros   timer.o
    0x08003648   0x08003648   0x000000ac   Code   RO         4220    i.GimbalAngleLimit  remotetask.o
    0x080036f4   0x080036f4   0x000000a4   Code   RO         3934    i.GimbalCaliProcess  iotask.o
    0x08003798   0x08003798   0x000002bc   Code   RO         4125    i.GimbalYawControlModeSwitch  controltask.o
    0x08003a54   0x08003a54   0x000000e8   Code   RO         3935    i.GyroCaliProcess   iotask.o
    0x08003b3c   0x08003b3c   0x00000038   Code   RO         3686    i.HEAT_Configuration  mpu6050_i2c.o
    0x08003b74   0x08003b74   0x0000008c   Code   RO         3782    i.HMC5883_Init      mpu6050_driver.o
    0x08003c00   0x08003c00   0x00000012   Code   RO         3783    i.HMC58X3_ReadData  mpu6050_driver.o
    0x08003c12   0x08003c12   0x00000002   PAD
    0x08003c14   0x08003c14   0x0000006c   Code   RO         3784    i.HMC58X3_getRaw    mpu6050_driver.o
    0x08003c80   0x08003c80   0x0000001c   Code   RO         3785    i.HMC58X3_getlastValues  mpu6050_driver.o
    0x08003c9c   0x08003c9c   0x000000a4   Code   RO         3786    i.HMC58X3_mgetValues  mpu6050_driver.o
    0x08003d40   0x08003d40   0x00000158   Code   RO         3787    i.HMC58X3_newValues  mpu6050_driver.o
    0x08003e98   0x08003e98   0x00000004   Code   RO          736    i.HardFault_Handler  stm32f4xx_it.o
    0x08003e9c   0x08003e9c   0x00000048   Code   RO         3687    i.IIC_Ack           mpu6050_i2c.o
    0x08003ee4   0x08003ee4   0x0000001a   Code   RO         3688    i.IIC_Delay         mpu6050_i2c.o
    0x08003efe   0x08003efe   0x00000002   PAD
    0x08003f00   0x08003f00   0x00000030   Code   RO         3689    i.IIC_GPIO_Init     mpu6050_i2c.o
    0x08003f30   0x08003f30   0x0000005c   Code   RO         3690    i.IIC_ReadBit       mpu6050_i2c.o
    0x08003f8c   0x08003f8c   0x000000b8   Code   RO         3691    i.IIC_ReadData      mpu6050_i2c.o
    0x08004044   0x08004044   0x0000002c   Code   RO         3692    i.IIC_SDA_In        mpu6050_i2c.o
    0x08004070   0x08004070   0x00000028   Code   RO         3693    i.IIC_SDA_Out       mpu6050_i2c.o
    0x08004098   0x08004098   0x00000040   Code   RO         3694    i.IIC_Start         mpu6050_i2c.o
    0x080040d8   0x080040d8   0x00000040   Code   RO         3695    i.IIC_Stop          mpu6050_i2c.o
    0x08004118   0x08004118   0x00000070   Code   RO         3696    i.IIC_WaitAck       mpu6050_i2c.o
    0x08004188   0x08004188   0x00000064   Code   RO         3697    i.IIC_WriteBit      mpu6050_i2c.o
    0x080041ec   0x080041ec   0x00000080   Code   RO         3698    i.IIC_WriteData     mpu6050_i2c.o
    0x0800426c   0x0800426c   0x000007c4   Code   RO         3619    i.IMU_AHRSupdate    imu.o
    0x08004a30   0x08004a30   0x0000004c   Code   RO         3620    i.IMU_getQ          imu.o
    0x08004a7c   0x08004a7c   0x000000cc   Code   RO         3621    i.IMU_getValues     imu.o
    0x08004b48   0x08004b48   0x0000023c   Code   RO         3622    i.IMU_getYawPitchRoll  imu.o
    0x08004d84   0x08004d84   0x00000304   Code   RO         3623    i.Init_Quaternion   imu.o
    0x08005088   0x08005088   0x00000018   Code   RO         3937    i.IsCaliCmdFlagSet  iotask.o
    0x080050a0   0x080050a0   0x00000100   Code   RO         4221    i.IsRemoteBeingAction  remotetask.o
    0x080051a0   0x080051a0   0x0000000c   Code   RO         3941    i.Is_AppParam_Calied  iotask.o
    0x080051ac   0x080051ac   0x00000016   Code   RO         4388    i.Is_Lost_Error_Set  supervisetask.o
    0x080051c2   0x080051c2   0x00000004   Code   RO         4389    i.Is_Serious_Error  supervisetask.o
    0x080051c6   0x080051c6   0x00000002   PAD
    0x080051c8   0x080051c8   0x000000e8   Code   RO         4390    i.LED_TOGGLE        supervisetask.o
    0x080052b0   0x080052b0   0x0000003c   Code   RO          447    i.Laser_Configuration  laser.o
    0x080052ec   0x080052ec   0x00000040   Code   RO          237    i.Led_Configuration  led.o
    0x0800532c   0x0800532c   0x000001f4   Code   RO         3788    i.MPU6050_DataSave  mpu6050_driver.o
    0x08005520   0x08005520   0x00000098   Code   RO         3789    i.MPU6050_EnableInt  mpu6050_driver.o
    0x080055b8   0x080055b8   0x0000016c   Code   RO         3790    i.MPU6050_Init      mpu6050_driver.o
    0x08005724   0x08005724   0x00000014   Code   RO         3791    i.MPU6050_Initialize  mpu6050_driver.o
    0x08005738   0x08005738   0x00000080   Code   RO         3891    i.MPU6050_IntConfiguration  mpu6050_interrupt.o
    0x080057b8   0x080057b8   0x00000038   Code   RO         3792    i.MPU6050_ReadData  mpu6050_driver.o
    0x080057f0   0x080057f0   0x0000018c   Code   RO         3793    i.MPU6050_getMotion6  mpu6050_driver.o
    0x0800597c   0x0800597c   0x00000054   Code   RO         3794    i.MPU6050_getlastMotion6  mpu6050_driver.o
    0x080059d0   0x080059d0   0x00000094   Code   RO         3942    i.MagEndCaliProcess  iotask.o
    0x08005a64   0x08005a64   0x00000020   Code   RO         3943    i.MagStartCaliProcess  iotask.o
    0x08005a84   0x08005a84   0x00000004   Code   RO          737    i.MemManage_Handler  stm32f4xx_it.o
    0x08005a88   0x08005a88   0x000001dc   Code   RO         4222    i.MouseKeyControlProcess  remotetask.o
    0x08005c64   0x08005c64   0x00000138   Code   RO         4223    i.MouseShootControl  remotetask.o
    0x08005d9c   0x08005d9c   0x00000002   Code   RO          738    i.NMI_Handler       stm32f4xx_it.o
    0x08005d9e   0x08005d9e   0x00000002   PAD
    0x08005da0   0x08005da0   0x00000078   Code   RO          803    i.NVIC_Init         misc.o
    0x08005e18   0x08005e18   0x00000014   Code   RO          804    i.NVIC_PriorityGroupConfig  misc.o
    0x08005e2c   0x08005e2c   0x0000001c   Code   RO         3944    i.PIDCaliProcess    iotask.o
    0x08005e48   0x08005e48   0x00000128   Code   RO          261    i.PWM_Configuration  gun.o
    0x08005f70   0x08005f70   0x00000002   Code   RO          739    i.PendSV_Handler    stm32f4xx_it.o
    0x08005f72   0x08005f72   0x00000002   PAD
    0x08005f74   0x08005f74   0x00000064   Code   RO          647    i.Quad_Encoder_Configuration  encoder.o
    0x08005fd8   0x08005fd8   0x00000020   Code   RO         2079    i.RCC_AHB1PeriphClockCmd  stm32f4xx_rcc.o
    0x08005ff8   0x08005ff8   0x00000020   Code   RO         2088    i.RCC_APB1PeriphClockCmd  stm32f4xx_rcc.o
    0x08006018   0x08006018   0x00000020   Code   RO         2090    i.RCC_APB1PeriphResetCmd  stm32f4xx_rcc.o
    0x08006038   0x08006038   0x00000020   Code   RO         2091    i.RCC_APB2PeriphClockCmd  stm32f4xx_rcc.o
    0x08006058   0x08006058   0x00000020   Code   RO         2093    i.RCC_APB2PeriphResetCmd  stm32f4xx_rcc.o
    0x08006078   0x08006078   0x000000e8   Code   RO         2100    i.RCC_GetClocksFreq  stm32f4xx_rcc.o
    0x08006160   0x08006160   0x000000f8   Code   RO         4224    i.RemoteControlProcess  remotetask.o
    0x08006258   0x08006258   0x000000d8   Code   RO         4225    i.RemoteDataPrcess  remotetask.o
    0x08006330   0x08006330   0x00000120   Code   RO         4226    i.RemoteShootControl  remotetask.o
    0x08006450   0x08006450   0x00000068   Code   RO         4227    i.RemoteTaskInit    remotetask.o
    0x080064b8   0x080064b8   0x00000010   Code   RO         3945    i.ResetCaliCmdFlag  iotask.o
    0x080064c8   0x080064c8   0x00000002   Code   RO          740    i.SVC_Handler       stm32f4xx_it.o
    0x080064ca   0x080064ca   0x00000002   PAD
    0x080064cc   0x080064cc   0x00000040   Code   RO         2369    i.SYSCFG_EXTILineConfig  stm32f4xx_syscfg.o
    0x0800650c   0x0800650c   0x00000098   Code   RO         3946    i.Sensor_Offset_Param_Init  iotask.o
    0x080065a4   0x080065a4   0x00000010   Code   RO         3948    i.SetCaliCmdFlag    iotask.o
    0x080065b4   0x080065b4   0x0000000c   Code   RO         4228    i.SetFrictionState  remotetask.o
    0x080065c0   0x080065c0   0x0000001c   Code   RO         3949    i.SetGimbalCaliData  iotask.o
    0x080065dc   0x080065dc   0x0000005c   Code   RO         4126    i.SetGimbalMotorOutput  controltask.o
    0x08006638   0x08006638   0x00000020   Code   RO         3950    i.SetGyroCaliData   iotask.o
    0x08006658   0x08006658   0x00000028   Code   RO         4229    i.SetInputMode      remotetask.o
    0x08006680   0x08006680   0x0000001c   Code   RO         3951    i.SetMagCaliData    iotask.o
    0x0800669c   0x0800669c   0x0000011c   Code   RO         3952    i.SetPIDCaliData    iotask.o
    0x080067b8   0x080067b8   0x0000000c   Code   RO         4230    i.SetShootState     remotetask.o
    0x080067c4   0x080067c4   0x000000ec   Code   RO         3358    i.SetSysClock       system_stm32f4xx.o
    0x080068b0   0x080068b0   0x0000000c   Code   RO         4127    i.SetWorkState      controltask.o
    0x080068bc   0x080068bc   0x0000005c   Code   RO         4334    i.Set_CM_Speed      canbustask.o
    0x08006918   0x08006918   0x00000052   Code   RO         4335    i.Set_Gimbal_Current  canbustask.o
    0x0800696a   0x0800696a   0x00000002   PAD
    0x0800696c   0x0800696c   0x00000058   Code   RO         4128    i.ShooterMControlLoop  controltask.o
    0x080069c4   0x080069c4   0x000001b8   Code   RO         4392    i.SuperviseTask     supervisetask.o
    0x08006b7c   0x08006b7c   0x00000068   Code   RO         3360    i.SystemInit        system_stm32f4xx.o
    0x08006be4   0x08006be4   0x0000003c   Code   RO          472    i.TIM2_Configuration  timer.o
    0x08006c20   0x08006c20   0x00000034   Code   RO          473    i.TIM2_IRQHandler   timer.o
    0x08006c54   0x08006c54   0x0000004c   Code   RO          475    i.TIM6_Configuration  timer.o
    0x08006ca0   0x08006ca0   0x00000028   Code   RO          476    i.TIM6_DAC_IRQHandler  timer.o
    0x08006cc8   0x08006cc8   0x00000024   Code   RO          477    i.TIM6_Start        timer.o
    0x08006cec   0x08006cec   0x00000018   Code   RO         2427    i.TIM_ARRPreloadConfig  stm32f4xx_tim.o
    0x08006d04   0x08006d04   0x00000006   Code   RO         2433    i.TIM_ClearFlag     stm32f4xx_tim.o
    0x08006d0a   0x08006d0a   0x00000006   Code   RO         2434    i.TIM_ClearITPendingBit  stm32f4xx_tim.o
    0x08006d10   0x08006d10   0x00000018   Code   RO         2439    i.TIM_Cmd           stm32f4xx_tim.o
    0x08006d28   0x08006d28   0x00000042   Code   RO         2448    i.TIM_EncoderInterfaceConfig  stm32f4xx_tim.o
    0x08006d6a   0x08006d6a   0x00000022   Code   RO         2460    i.TIM_GetITStatus   stm32f4xx_tim.o
    0x08006d8c   0x08006d8c   0x00000012   Code   RO         2464    i.TIM_ITConfig      stm32f4xx_tim.o
    0x08006d9e   0x08006d9e   0x00000002   PAD
    0x08006da0   0x08006da0   0x0000007c   Code   RO         2468    i.TIM_OC1Init       stm32f4xx_tim.o
    0x08006e1c   0x08006e1c   0x00000012   Code   RO         2471    i.TIM_OC1PreloadConfig  stm32f4xx_tim.o
    0x08006e2e   0x08006e2e   0x00000002   PAD
    0x08006e30   0x08006e30   0x000000a4   Code   RO         2473    i.TIM_OC2Init       stm32f4xx_tim.o
    0x08006ed4   0x08006ed4   0x0000001a   Code   RO         2476    i.TIM_OC2PreloadConfig  stm32f4xx_tim.o
    0x08006eee   0x08006eee   0x00000002   PAD
    0x08006ef0   0x08006ef0   0x00000084   Code   RO         2511    i.TIM_TimeBaseInit  stm32f4xx_tim.o
    0x08006f74   0x08006f74   0x00000034   Code   RO          590    i.UART3_PrintBlock  usart3.o
    0x08006fa8   0x08006fa8   0x00000140   Code   RO          540    i.USART1_Configuration  usart1.o
    0x080070e8   0x080070e8   0x00000018   Code   RO          541    i.USART1_FIFO_Init  usart1.o
    0x08007100   0x08007100   0x000000d0   Code   RO          543    i.USART1_IRQHandler  usart1.o
    0x080071d0   0x080071d0   0x000000c4   Code   RO          592    i.USART3_Configuration  usart3.o
    0x08007294   0x08007294   0x000000fc   Code   RO          593    i.USART3_IRQHandler  usart3.o
    0x08007390   0x08007390   0x00000018   Code   RO         3167    i.USART_Cmd         stm32f4xx_usart.o
    0x080073a8   0x080073a8   0x00000012   Code   RO         3168    i.USART_DMACmd      stm32f4xx_usart.o
    0x080073ba   0x080073ba   0x00000002   PAD
    0x080073bc   0x080073bc   0x000000b4   Code   RO         3169    i.USART_DeInit      stm32f4xx_usart.o
    0x08007470   0x08007470   0x0000001a   Code   RO         3170    i.USART_GetFlagStatus  stm32f4xx_usart.o
    0x0800748a   0x0800748a   0x00000054   Code   RO         3171    i.USART_GetITStatus  stm32f4xx_usart.o
    0x080074de   0x080074de   0x0000004a   Code   RO         3173    i.USART_ITConfig    stm32f4xx_usart.o
    0x08007528   0x08007528   0x000000d4   Code   RO         3174    i.USART_Init        stm32f4xx_usart.o
    0x080075fc   0x080075fc   0x0000000a   Code   RO         3181    i.USART_ReceiveData  stm32f4xx_usart.o
    0x08007606   0x08007606   0x00000008   Code   RO         3184    i.USART_SendData    stm32f4xx_usart.o
    0x0800760e   0x0800760e   0x00000018   Code   RO         3190    i.USART_StructInit  stm32f4xx_usart.o
    0x08007626   0x08007626   0x00000002   PAD
    0x08007628   0x08007628   0x00000250   Code   RO         3953    i.UploadParameter   iotask.o
    0x08007878   0x08007878   0x00000004   Code   RO          741    i.UsageFault_Handler  stm32f4xx_it.o
    0x0800787c   0x0800787c   0x00000138   Code   RO         4129    i.WorkStateFSM      controltask.o
    0x080079b4   0x080079b4   0x00000028   Code   RO         4130    i.WorkStateSwitchProcess  controltask.o
    0x080079dc   0x080079dc   0x00000010   Code   RO         4916    i.__0printf$bare    mc_w.l(printfb.o)
    0x080079ec   0x080079ec   0x00000030   Code   RO         5254    i.__ARM_fpclassify  m_wm.l(fpclassify.o)
    0x08007a1c   0x08007a1c   0x00000004   PAD
    0x08007a20   0x08007a20   0x00000360   Code   RO         4850    i.__hardfp_asin     m_wm.l(asin.o)
    0x08007d80   0x08007d80   0x000002d8   Code   RO         5223    i.__hardfp_atan     m_wm.l(atan.o)
    0x08008058   0x08008058   0x000001f0   Code   RO         4864    i.__hardfp_atan2    m_wm.l(atan2.o)
    0x08008248   0x08008248   0x00000014   Code   RO         4876    i.__hardfp_fabs     m_wm.l(fabs.o)
    0x0800825c   0x0800825c   0x00000004   PAD
    0x08008260   0x08008260   0x000000c8   Code   RO         4882    i.__hardfp_sin      m_wm.l(sin.o)
    0x08008328   0x08008328   0x0000007a   Code   RO         4894    i.__hardfp_sqrt     m_wm.l(sqrt.o)
    0x080083a2   0x080083a2   0x00000006   PAD
    0x080083a8   0x080083a8   0x00000438   Code   RO         5259    i.__ieee754_rem_pio2  m_wm.l(rred.o)
    0x080087e0   0x080087e0   0x00000170   Code   RO         5237    i.__kernel_cos      m_wm.l(cos_i.o)
    0x08008950   0x08008950   0x000000f8   Code   RO         5256    i.__kernel_poly     m_wm.l(poly.o)
    0x08008a48   0x08008a48   0x00000130   Code   RO         5264    i.__kernel_sin      m_wm.l(sin_i.o)
    0x08008b78   0x08008b78   0x00000014   Code   RO         5241    i.__mathlib_dbl_infnan  m_wm.l(dunder.o)
    0x08008b8c   0x08008b8c   0x00000014   Code   RO         5242    i.__mathlib_dbl_infnan2  m_wm.l(dunder.o)
    0x08008ba0   0x08008ba0   0x00000020   Code   RO         5243    i.__mathlib_dbl_invalid  m_wm.l(dunder.o)
    0x08008bc0   0x08008bc0   0x00000020   Code   RO         5246    i.__mathlib_dbl_underflow  m_wm.l(dunder.o)
    0x08008be0   0x08008be0   0x0000000e   Code   RO         5321    i.__scatterload_copy  mc_w.l(handlers.o)
    0x08008bee   0x08008bee   0x00000002   Code   RO         5322    i.__scatterload_null  mc_w.l(handlers.o)
    0x08008bf0   0x08008bf0   0x0000000e   Code   RO         5323    i.__scatterload_zeroinit  mc_w.l(handlers.o)
    0x08008bfe   0x08008bfe   0x00000002   PAD
    0x08008c00   0x08008c00   0x0000000c   Code   RO         5299    i.__set_errno       mc_w.l(errno.o)
    0x08008c0c   0x08008c0c   0x00000022   Code   RO         4923    i._printf_core      mc_w.l(printfb.o)
    0x08008c2e   0x08008c2e   0x00000010   Code   RO         5225    i.atan              m_wm.l(atan.o)
    0x08008c3e   0x08008c3e   0x0000001c   Code   RO          371    i.delay_ms          delay.o
    0x08008c5a   0x08008c5a   0x00000018   Code   RO         4878    i.fabs              m_wm.l(fabs.o)
    0x08008c72   0x08008c72   0x00000002   PAD
    0x08008c74   0x08008c74   0x00000024   Code   RO          594    i.fputc             usart3.o
    0x08008c98   0x08008c98   0x00000050   Code   RO         5175    i.free              mc_w.l(malloc.o)
    0x08008ce8   0x08008ce8   0x0000003c   Code   RO         3624    i.invSqrt           imu.o
    0x08008d24   0x08008d24   0x00000064   Code   RO            4    i.main              main.o
    0x08008d88   0x08008d88   0x0000006c   Code   RO         5176    i.malloc            mc_w.l(malloc.o)
    0x08008df4   0x08008df4   0x00000094   Code   RO         4451    i.sineWave          sinewave.o
    0x08008e88   0x08008e88   0x0000006e   Code   RO         4896    i.sqrt              m_wm.l(sqrt.o)
    0x08008ef6   0x08008ef6   0x00000002   PAD
    0x08008ef8   0x08008ef8   0x0000002c   Data   RO         4394    .constdata          supervisetask.o
    0x08008f24   0x08008f24   0x00000101   Data   RO         4817    .constdata          Protocol.lib(mf_crc8.o)
    0x08009025   0x08009025   0x00000001   PAD
    0x08009026   0x08009026   0x00000200   Data   RO         4832    .constdata          Protocol.lib(mf_crc16.o)
    0x08009226   0x08009226   0x00000002   PAD
    0x08009228   0x08009228   0x00000050   Data   RO         4853    .constdata          m_wm.l(asin.o)
    0x08009278   0x08009278   0x00000098   Data   RO         5226    .constdata          m_wm.l(atan.o)
    0x08009310   0x08009310   0x00000030   Data   RO         5238    .constdata          m_wm.l(cos_i.o)
    0x08009340   0x08009340   0x00000008   Data   RO         5258    .constdata          m_wm.l(qnan.o)
    0x08009348   0x08009348   0x000000c8   Data   RO         5261    .constdata          m_wm.l(rred.o)
    0x08009410   0x08009410   0x00000028   Data   RO         5265    .constdata          m_wm.l(sin_i.o)
    0x08009438   0x08009438   0x00000020   Data   RO         5319    Region$$Table       anon$$obj.o


    Execution Region RW_IRAM1 (Exec base: 0x20000000, Load base: 0x08009458, Size: 0x00001908, Max: 0x00020000, ABSOLUTE, COMPRESSED[0x000000a4])

    Exec Addr    Load Addr    Size         Type   Attr      Idx    E Section Name        Object

    0x20000000   COMPRESSED   0x0000000c   Data   RW            5    .data               main.o
    0x2000000c   COMPRESSED   0x00000004   Data   RW          545    .data               usart1.o
    0x20000010   COMPRESSED   0x00000004   Data   RW          596    .data               usart3.o
    0x20000014   COMPRESSED   0x00000001   Data   RW          648    .data               encoder.o
    0x20000015   COMPRESSED   0x00000010   Data   RW         2123    .data               stm32f4xx_rcc.o
    0x20000025   COMPRESSED   0x00000003   PAD
    0x20000028   COMPRESSED   0x00000070   Data   RW         3626    .data               imu.o
    0x20000098   COMPRESSED   0x00000018   Data   RW         3796    .data               mpu6050_driver.o
    0x200000b0   COMPRESSED   0x00000001   Data   RW         3892    .data               mpu6050_interrupt.o
    0x200000b1   COMPRESSED   0x00000003   PAD
    0x200000b4   COMPRESSED   0x0000007a   Data   RW         3955    .data               iotask.o
    0x2000012e   COMPRESSED   0x00000002   PAD
    0x20000130   COMPRESSED   0x000003e0   Data   RW         4131    .data               controltask.o
    0x20000510   COMPRESSED   0x00000080   Data   RW         4232    .data               remotetask.o
    0x20000590   COMPRESSED   0x00000008   Data   RW         4337    .data               canbustask.o
    0x20000598   COMPRESSED   0x0000003c   Data   RW         4395    .data               supervisetask.o
    0x200005d4   COMPRESSED   0x00000005   Data   RW         4467    .data               Protocol.lib(protocal_parser.o)
    0x200005d9   COMPRESSED   0x00000001   PAD
    0x200005da   COMPRESSED   0x00000002   Data   RW         4833    .data               Protocol.lib(mf_crc16.o)
    0x200005dc   COMPRESSED   0x00000004   Data   RW         5284    .data               mc_w.l(stdout.o)
    0x200005e0   COMPRESSED   0x00000004   Data   RW         5295    .data               mc_w.l(mvars.o)
    0x200005e4   COMPRESSED   0x00000004   Data   RW         5296    .data               mc_w.l(mvars.o)
    0x200005e8   COMPRESSED   0x00000004   Data   RW         5300    .data               mc_w.l(errno.o)
    0x200005ec        -       0x0000012c   Zero   RW          544    .bss                usart1.o
    0x20000718        -       0x00000100   Zero   RW          595    .bss                usart3.o
    0x20000818        -       0x00000040   Zero   RW         3625    .bss                imu.o
    0x20000858        -       0x0000012e   Zero   RW         3795    .bss                mpu6050_driver.o
    0x20000986        -       0x00000090   Zero   RW         3954    .bss                iotask.o
    0x20000a16   COMPRESSED   0x00000002   PAD
    0x20000a18        -       0x00000047   Zero   RW         4231    .bss                remotetask.o
    0x20000a5f   COMPRESSED   0x00000001   PAD
    0x20000a60        -       0x00000198   Zero   RW         4336    .bss                canbustask.o
    0x20000bf8        -       0x0000010a   Zero   RW         4466    .bss                Protocol.lib(protocal_parser.o)
    0x20000d02   COMPRESSED   0x00000006   PAD
    0x20000d08        -       0x00000200   Zero   RW          725    HEAP                startup_stm32f4xx.o
    0x20000f08        -       0x00000a00   Zero   RW          724    STACK               startup_stm32f4xx.o


==============================================================================

Image component sizes


      Code (inc. data)   RO Data    RW Data    ZI Data      Debug   Object Name

        80          6          0          0          0        527   bsp.o
       332         48          0          0          0       2149   bsp_flash.o
       452         32          0          0          0       2399   can1.o
       348         20          0          0          0       1816   can2.o
      1012         56          0          8        408       4576   canbustask.o
      2792        356          0        992          0      10728   controltask.o
        56          0          0          0          0       1210   delay.o
       160         24          0          1          0       1834   encoder.o
        36          0          0          0          0        990   exti.o
       296         14          0          0          0        728   gun.o
      3920        348          0        112         64       6765   imu.o
      2372        296          0        122        144      14982   iotask.o
        60          6          0          0          0        546   laser.o
        64          6          0          0          0        532   led.o
       100         18          0         12          0     297139   main.o
       140         24          0          0          0     210679   misc.o
      2374        328          0         24        302      14602   mpu6050_driver.o
      1030        140          0          0          0       8547   mpu6050_i2c.o
       180         10          0          1          0       1501   mpu6050_interrupt.o
      2296        206          0        128         71      12660   remotetask.o
       148          8          0          0          0        803   sinewave.o
        36          8        392          0       3072        856   startup_stm32f4xx.o
      1710         26          0          0          0      16616   stm32f4xx_can.o
       562         26          0          0          0      18760   stm32f4xx_dma.o
       212         24          0          0          0       5077   stm32f4xx_exti.o
       410         42          0          0          0       9912   stm32f4xx_flash.o
       266          0          0          0          0      11059   stm32f4xx_gpio.o
        24          0          0          0          0       3828   stm32f4xx_it.o
       392         48          0         16          0      18533   stm32f4xx_rcc.o
        64          4          0          0          0        668   stm32f4xx_syscfg.o
       642         48          0          0          0      28256   stm32f4xx_tim.o
       660         32          0          0          0      13374   stm32f4xx_usart.o
       738         44         44         60          0       6794   supervisetask.o
       340         32          0          0          0       1605   system_stm32f4xx.o
       272         22          0          0          0       3109   timer.o
       552         44          0          4        300       3295   usart1.o
       536         38          0          4        256       4174   usart3.o

    ----------------------------------------------------------------------
     25700       2384        468       1492       4620     741629   Object Totals
         0          0         32          0          0          0   (incl. Generated)
        36          0          0          8          3          0   (incl. Padding)

    ----------------------------------------------------------------------

      Code (inc. data)   RO Data    RW Data    ZI Data      Debug   Library Member Name

       160         10        512          2          0       2386   mf_crc16.o
       116          4        257          0          0       1882   mf_crc8.o
      1456         28          0          5        266      13116   protocal_parser.o
      1444          0          0          0          0       8256   fifo.o
        32          0          0          0          0       1640   lostcounter.o
       288          4          0          0          0       1785   pid_regulator.o
       112          6          0          0          0       2612   ramp.o
       864         94         80          0          0        280   asin.o
       744        106        152          0          0        352   atan.o
       496         64          0          0          0        192   atan2.o
       368         46         48          0          0        200   cos_i.o
       104         16          0          0          0        496   dunder.o
        44          0          0          0          0        248   fabs.o
        48          0          0          0          0        124   fpclassify.o
       248          0          0          0          0        152   poly.o
         0          0          8          0          0          0   qnan.o
      1080        142        200          0          0        188   rred.o
       200         20          0          0          0        164   sin.o
       304         24         40          0          0        208   sin_i.o
       232          0          0          0          0        296   sqrt.o
        86          0          0          0          0          0   __dczerorl2.o
         0          0          0          0          0          0   entry.o
         0          0          0          0          0          0   entry10a.o
         0          0          0          0          0          0   entry11a.o
         8          4          0          0          0          0   entry2.o
         4          0          0          0          0          0   entry5.o
         0          0          0          0          0          0   entry7b.o
         0          0          0          0          0          0   entry8b.o
         8          4          0          0          0          0   entry9a.o
        12          6          0          4          0         68   errno.o
        30          0          0          0          0          0   handlers.o
        36          8          0          0          0         68   init.o
         0          0          0          0          0          0   iusefp.o
        30          0          0          0          0         68   llshl.o
        36          0          0          0          0         68   llsshr.o
        32          0          0          0          0         68   llushr.o
       188         20          0          0          0        160   malloc.o
        36          0          0          0          0         68   memcpya.o
        36          0          0          0          0        108   memseta.o
         0          0          0          8          0          0   mvars.o
        50          8          0          0          0        152   printfb.o
         0          0          0          4          0          0   stdout.o
        48          0          0          0          0         68   cdrcmple.o
        56          0          0          0          0         88   d2f.o
       334          0          0          0          0        148   dadd.o
       222          0          0          0          0        100   ddiv.o
       186          0          0          0          0        176   depilogue.o
        62          0          0          0          0         80   dfixi.o
        50          0          0          0          0         76   dfixui.o
        34          0          0          0          0         76   dflti.o
        26          0          0          0          0         76   dfltui.o
       228          0          0          0          0         96   dmul.o
       162          0          0          0          0        100   dsqrt.o
        38          0          0          0          0         68   f2d.o
       110          0          0          0          0        168   fepilogue.o

    ----------------------------------------------------------------------
     10508        614       1300         24        272      36725   Library Totals
        20          0          3          1          6          0   (incl. Padding)

    ----------------------------------------------------------------------

      Code (inc. data)   RO Data    RW Data    ZI Data      Debug   Library Name

      1732         42        769          7        266      17384   Protocol.lib
      1876         10          0          0          0      14293   RMLib.lib
      4732        512        528          0          0       2900   m_wm.l
       592         50          0         16          0        828   mc_w.l
      1556          0          0          0          0       1320   mf_w.l

    ----------------------------------------------------------------------
     10508        614       1300         24        272      36725   Library Totals

    ----------------------------------------------------------------------

==============================================================================


      Code (inc. data)   RO Data    RW Data    ZI Data      Debug   

     36208       2998       1768       1516       4892     754946   Grand Totals
     36208       2998       1768        164       4892     754946   ELF Image Totals (compressed)
     36208       2998       1768        164          0          0   ROM Totals

==============================================================================

    Total RO  Size (Code + RO Data)                37976 (  37.09kB)
    Total RW  Size (RW Data + ZI Data)              6408 (   6.26kB)
    Total ROM Size (Code + RO Data + RW Data)      38140 (  37.25kB)

==============================================================================

