Component: ARM Compiler 5.06 update 5 (build 528) Tool: armlink [4d35e2]

==============================================================================

Section Cross References

    main.o(i.main) refers to controltask.o(i.ControtLoopTaskInit) for ControtLoopTaskInit
    main.o(i.main) refers to remotetask.o(i.RemoteTaskInit) for RemoteTaskInit
    main.o(i.main) refers to delay.o(i.delay_ms) for delay_ms
    main.o(i.main) refers to bsp.o(i.BSP_Init) for BSP_Init
    main.o(i.main) refers to timer.o(i.Get_Time_Micros) for Get_Time_Micros
    main.o(i.main) refers to imu.o(i.IMU_getYawPitchRoll) for IMU_getYawPitchRoll
    main.o(i.main) refers to iotask.o(i.UploadParameter) for UploadParameter
    main.o(i.main) refers to main.o(.data) for system_micrsecond
    main.o(i.main) refers to imu.o(.bss) for angle
    bsp.o(i.BSP_Init) refers to misc.o(i.NVIC_PriorityGroupConfig) for NVIC_PriorityGroupConfig
    bsp.o(i.BSP_Init) refers to gun.o(i.PWM_Configuration) for PWM_Configuration
    bsp.o(i.BSP_Init) refers to led.o(i.Led_Configuration) for Led_Configuration
    bsp.o(i.BSP_Init) refers to laser.o(i.Laser_Configuration) for Laser_Configuration
    bsp.o(i.BSP_Init) refers to timer.o(i.TIM2_Configuration) for TIM2_Configuration
    bsp.o(i.BSP_Init) refers to mpu6050_driver.o(i.MPU6050_Initialize) for MPU6050_Initialize
    bsp.o(i.BSP_Init) refers to timer.o(i.TIM6_Configuration) for TIM6_Configuration
    bsp.o(i.BSP_Init) refers to encoder.o(i.Quad_Encoder_Configuration) for Quad_Encoder_Configuration
    bsp.o(i.BSP_Init) refers to can1.o(i.CAN1_Configuration) for CAN1_Configuration
    bsp.o(i.BSP_Init) refers to can2.o(i.CAN2_Configuration) for CAN2_Configuration
    bsp.o(i.BSP_Init) refers to usart1.o(i.USART1_Configuration) for USART1_Configuration
    bsp.o(i.BSP_Init) refers to usart3.o(i.USART3_Configuration) for USART3_Configuration
    bsp.o(i.BSP_Init) refers to timer.o(i.TIM6_Start) for TIM6_Start
    bsp.o(i.BSP_Init) refers to mpu6050_interrupt.o(i.MPU6050_IntConfiguration) for MPU6050_IntConfiguration
    bsp.o(i.BSP_Init) refers to mpu6050_driver.o(i.MPU6050_EnableInt) for MPU6050_EnableInt
    led.o(i.Led_Configuration) refers to stm32f4xx_rcc.o(i.RCC_AHB1PeriphClockCmd) for RCC_AHB1PeriphClockCmd
    led.o(i.Led_Configuration) refers to stm32f4xx_gpio.o(i.GPIO_Init) for GPIO_Init
    led.o(i.Led_Configuration) refers to stm32f4xx_gpio.o(i.GPIO_SetBits) for GPIO_SetBits
    gun.o(i.PWM_Configuration) refers to stm32f4xx_rcc.o(i.RCC_AHB1PeriphClockCmd) for RCC_AHB1PeriphClockCmd
    gun.o(i.PWM_Configuration) refers to stm32f4xx_rcc.o(i.RCC_APB1PeriphClockCmd) for RCC_APB1PeriphClockCmd
    gun.o(i.PWM_Configuration) refers to stm32f4xx_rcc.o(i.RCC_APB2PeriphClockCmd) for RCC_APB2PeriphClockCmd
    gun.o(i.PWM_Configuration) refers to stm32f4xx_gpio.o(i.GPIO_Init) for GPIO_Init
    gun.o(i.PWM_Configuration) refers to stm32f4xx_gpio.o(i.GPIO_PinAFConfig) for GPIO_PinAFConfig
    gun.o(i.PWM_Configuration) refers to stm32f4xx_tim.o(i.TIM_TimeBaseInit) for TIM_TimeBaseInit
    gun.o(i.PWM_Configuration) refers to stm32f4xx_tim.o(i.TIM_OC1Init) for TIM_OC1Init
    gun.o(i.PWM_Configuration) refers to stm32f4xx_tim.o(i.TIM_OC2Init) for TIM_OC2Init
    gun.o(i.PWM_Configuration) refers to stm32f4xx_tim.o(i.TIM_OC1PreloadConfig) for TIM_OC1PreloadConfig
    gun.o(i.PWM_Configuration) refers to stm32f4xx_tim.o(i.TIM_OC2PreloadConfig) for TIM_OC2PreloadConfig
    gun.o(i.PWM_Configuration) refers to stm32f4xx_tim.o(i.TIM_ARRPreloadConfig) for TIM_ARRPreloadConfig
    gun.o(i.PWM_Configuration) refers to stm32f4xx_tim.o(i.TIM_Cmd) for TIM_Cmd
    can1.o(i.CAN1_Configuration) refers to stm32f4xx_rcc.o(i.RCC_AHB1PeriphClockCmd) for RCC_AHB1PeriphClockCmd
    can1.o(i.CAN1_Configuration) refers to stm32f4xx_rcc.o(i.RCC_APB1PeriphClockCmd) for RCC_APB1PeriphClockCmd
    can1.o(i.CAN1_Configuration) refers to stm32f4xx_gpio.o(i.GPIO_PinAFConfig) for GPIO_PinAFConfig
    can1.o(i.CAN1_Configuration) refers to stm32f4xx_gpio.o(i.GPIO_Init) for GPIO_Init
    can1.o(i.CAN1_Configuration) refers to misc.o(i.NVIC_Init) for NVIC_Init
    can1.o(i.CAN1_Configuration) refers to stm32f4xx_can.o(i.CAN_DeInit) for CAN_DeInit
    can1.o(i.CAN1_Configuration) refers to stm32f4xx_can.o(i.CAN_StructInit) for CAN_StructInit
    can1.o(i.CAN1_Configuration) refers to stm32f4xx_can.o(i.CAN_Init) for CAN_Init
    can1.o(i.CAN1_Configuration) refers to stm32f4xx_can.o(i.CAN_FilterInit) for CAN_FilterInit
    can1.o(i.CAN1_Configuration) refers to stm32f4xx_can.o(i.CAN_ITConfig) for CAN_ITConfig
    can1.o(i.CAN1_RX0_IRQHandler) refers to stm32f4xx_can.o(i.CAN_GetITStatus) for CAN_GetITStatus
    can1.o(i.CAN1_RX0_IRQHandler) refers to stm32f4xx_can.o(i.CAN_ClearITPendingBit) for CAN_ClearITPendingBit
    can1.o(i.CAN1_RX0_IRQHandler) refers to stm32f4xx_can.o(i.CAN_ClearFlag) for CAN_ClearFlag
[...]
    SDIO_IRQHandler                          0x080001b7   Thumb Code     0  startup_stm32f4xx.o(.text)
    SPI1_IRQHandler                          0x080001b7   Thumb Code     0  startup_stm32f4xx.o(.text)
    SPI2_IRQHandler                          0x080001b7   Thumb Code     0  startup_stm32f4xx.o(.text)
    SPI3_IRQHandler                          0x080001b7   Thumb Code     0  startup_stm32f4xx.o(.text)
    TAMP_STAMP_IRQHandler                    0x080001b7   Thumb Code     0  startup_stm32f4xx.o(.text)
    TIM1_BRK_TIM9_IRQHandler                 0x080001b7   Thumb Code     0  startup_stm32f4xx.o(.text)
    TIM1_CC_IRQHandler                       0x080001b7   Thumb Code     0  startup_stm32f4xx.o(.text)
    TIM1_TRG_COM_TIM11_IRQHandler            0x080001b7   Thumb Code     0  startup_stm32f4xx.o(.text)
    TIM1_UP_TIM10_IRQHandler                 0x080001b7   Thumb Code     0  startup_stm32f4xx.o(.text)
    TIM3_IRQHandler                          0x080001b7   Thumb Code     0  startup_stm32f4xx.o(.text)
    TIM4_IRQHandler                          0x080001b7   Thumb Code     0  startup_stm32f4xx.o(.text)
    TIM5_IRQHandler                          0x080001b7   Thumb Code     0  startup_stm32f4xx.o(.text)
    TIM7_IRQHandler                          0x080001b7   Thumb Code     0  startup_stm32f4xx.o(.text)
    TIM8_BRK_TIM12_IRQHandler                0x080001b7   Thumb Code     0  startup_stm32f4xx.o(.text)
    TIM8_CC_IRQHandler                       0x080001b7   Thumb Code     0  startup_stm32f4xx.o(.text)
    TIM8_TRG_COM_TIM14_IRQHandler            0x080001b7   Thumb Code     0  startup_stm32f4xx.o(.text)
    TIM8_UP_TIM13_IRQHandler                 0x080001b7   Thumb Code     0  startup_stm32f4xx.o(.text)
    UART4_IRQHandler                         0x080001b7   Thumb Code     0  startup_stm32f4xx.o(.text)
    UART5_IRQHandler                         0x080001b7   Thumb Code     0  startup_stm32f4xx.o(.text)
    USART2_IRQHandler                        0x080001b7   Thumb Code     0  startup_stm32f4xx.o(.text)
    USART6_IRQHandler                        0x080001b7   Thumb Code     0  startup_stm32f4xx.o(.text)
    WWDG_IRQHandler                          0x080001b7   Thumb Code     0  startup_stm32f4xx.o(.text)
    Get_CRC8_Check_Sum                       0x080001c1   Thumb Code    30  mf_crc8.o(.text)
    Verify_CRC8_Check_Sum                    0x080001df   Thumb Code    46  mf_crc8.o(.text)
    Append_CRC8_Check_Sum                    0x0800020d   Thumb Code    36  mf_crc8.o(.text)
    Get_CRC16_Check_Sum                      0x08000235   Thumb Code    46  mf_crc16.o(.text)
    Verify_CRC16_Check_Sum                   0x08000263   Thumb Code    60  mf_crc16.o(.text)
    Append_CRC16_Check_Sum                   0x0800029f   Thumb Code    44  mf_crc16.o(.text)
    FrameUnpack                              0x08000355   Thumb Code   234  protocal_parser.o(.text)
    FramePack                                0x0800043f   Thumb Code    50  protocal_parser.o(.text)
    SetFrameLength                           0x08000471   Thumb Code    10  protocal_parser.o(.text)
    SetFrameCmd                              0x0800047b   Thumb Code    10  protocal_parser.o(.text)
    GetFrameCmd                              0x08000485   Thumb Code     6  protocal_parser.o(.text)
    GetFrameDataAddress                      0x0800048b   Thumb Code     6  protocal_parser.o(.text)
    Version_Send                             0x08000491   Thumb Code    94  protocal_parser.o(.text)
    IMU_Info_Send                            0x080004ef   Thumb Code   122  protocal_parser.o(.text)
    Sensor_Info_Send                         0x08000569   Thumb Code   140  protocal_parser.o(.text)
    Mag_Cali_Info_Send                       0x080005f5   Thumb Code   122  protocal_parser.o(.text)
    Offset_Info_Send                         0x0800066f   Thumb Code   174  protocal_parser.o(.text)
    Cali_Feedback_Info_Send                  0x0800071d   Thumb Code    88  protocal_parser.o(.text)
    Robot_Error_Code_Send                    0x08000775   Thumb Code     2  protocal_parser.o(.text)
    PID_Paremeter_Send                       0x08000777   Thumb Code   270  protocal_parser.o(.text)
    FIFO_Init                                0x08000885   Thumb Code    78  fifo.o(.text)
    FIFO_Create                              0x080008d3   Thumb Code    80  fifo.o(.text)
    FIFO_Destory                             0x08000923   Thumb Code    40  fifo.o(.text)
    FIFO_S_Init                              0x0800094b   Thumb Code    62  fifo.o(.text)
    FIFO_S_Create                            0x08000989   Thumb Code    60  fifo.o(.text)
    FIFO_S_Destory                           0x080009c5   Thumb Code    40  fifo.o(.text)
    FIFO_Put                                 0x080009ed   Thumb Code   106  fifo.o(.text)
    FIFO_S_Put                               0x08000a57   Thumb Code    68  fifo.o(.text)
    FIFO_S_Puts                              0x08000a9b   Thumb Code    98  fifo.o(.text)
    FIFO_Get                                 0x08000afd   Thumb Code   106  fifo.o(.text)
    FIFO_S_Get                               0x08000b67   Thumb Code    58  fifo.o(.text)
    FIFO_GetHead                             0x08000ba1   Thumb Code   162  fifo.o(.text)
    FIFO_S_GetHead                           0x08000c43   Thumb Code    76  fifo.o(.text)
    FIFO_PreRead                             0x08000c8f   Thumb Code   108  fifo.o(.text)
    FIFO_S_PreRead                           0x08000cfb   Thumb Code    48  fifo.o(.text)
    FIFO_IsEmpty                             0x08000d2b   Thumb Code    24  fifo.o(.text)
    FIFO_S_IsEmpty                           0x08000d43   Thumb Code    24  fifo.o(.text)
    FIFO_IsFull                              0x08000d5b   Thumb Code    24  fifo.o(.text)
    FIFO_S_IsFull                            0x08000d73   Thumb Code    24  fifo.o(.text)
    FIFO_CountUsed                           0x08000d8b   Thumb Code    16  fifo.o(.text)
    FIFO_S_CountUsed                         0x08000d9b   Thumb Code    16  fifo.o(.text)
    FIFO_CountFree                           0x08000dab   Thumb Code    16  fifo.o(.text)
    FIFO_S_CountFree                         0x08000dbb   Thumb Code    16  fifo.o(.text)
    FIFO_Flush                               0x08000dcb   Thumb Code    50  fifo.o(.text)
    FIFO_S_Flush                             0x08000dfd   Thumb Code    44  fifo.o(.text)
    RampInit                                 0x08000e29   Thumb Code     8  ramp.o(.text)
    RampCalc                                 0x08000e31   Thumb Code    66  ramp.o(.text)
    RampSetCounter                           0x08000e73   Thumb Code     4  ramp.o(.text)
    RampResetCounter                         0x08000e77   Thumb Code     6  ramp.o(.text)
    RampSetScale                             0x08000e7d   Thumb Code     4  ramp.o(.text)
    RampIsOverflow                           0x08000e81   Thumb Code    18  ramp.o(.text)
    LostCounterFeed                          0x08000e99   Thumb Code     8  lostcounter.o(.text)
    LostCounterCount                         0x08000ea1   Thumb Code    10  lostcounter.o(.text)
    LostCounterOverflowCheck                 0x08000eab   Thumb Code    14  lostcounter.o(.text)
    PID_Reset                                0x08000eb9   Thumb Code    50  pid_regulator.o(.text)
    PID_Calc                                 0x08000eeb   Thumb Code   234  pid_regulator.o(.text)
    __aeabi_memcpy                           0x08000fd9   Thumb Code    36  memcpya.o(.text)
    __aeabi_memcpy4                          0x08000fd9   Thumb Code     0  memcpya.o(.text)
    __aeabi_memcpy8                          0x08000fd9   Thumb Code     0  memcpya.o(.text)
    __aeabi_memset                           0x08000ffd   Thumb Code    14  memseta.o(.text)
    __aeabi_memset4                          0x08000ffd   Thumb Code     0  memseta.o(.text)
    __aeabi_memset8                          0x08000ffd   Thumb Code     0  memseta.o(.text)
    __aeabi_memclr                           0x0800100b   Thumb Code     4  memseta.o(.text)
    __aeabi_memclr4                          0x0800100b   Thumb Code     0  memseta.o(.text)
    __aeabi_memclr8                          0x0800100b   Thumb Code     0  memseta.o(.text)
    _memset$wrapper                          0x0800100f   Thumb Code    18  memseta.o(.text)
    __aeabi_dadd                             0x08001021   Thumb Code   322  dadd.o(.text)
    __aeabi_dsub                             0x08001163   Thumb Code     6  dadd.o(.text)
    __aeabi_drsub                            0x08001169   Thumb Code     6  dadd.o(.text)
    __aeabi_dmul                             0x0800116f   Thumb Code   228  dmul.o(.text)
    __aeabi_ddiv                             0x08001253   Thumb Code   222  ddiv.o(.text)
    __aeabi_i2d                              0x08001331   Thumb Code    34  dflti.o(.text)
    __aeabi_d2uiz                            0x08001353   Thumb Code    50  dfixui.o(.text)
    __aeabi_f2d                              0x08001385   Thumb Code    38  f2d.o(.text)
    __aeabi_cdrcmple                         0x080013ad   Thumb Code    48  cdrcmple.o(.text)
    __aeabi_d2f                              0x080013dd   Thumb Code    56  d2f.o(.text)
    __aeabi_llsl                             0x08001415   Thumb Code    30  llshl.o(.text)
    _ll_shift_l                              0x08001415   Thumb Code     0  llshl.o(.text)
    __aeabi_llsr                             0x08001433   Thumb Code    32  llushr.o(.text)
    _ll_ushift_r                             0x08001433   Thumb Code     0  llushr.o(.text)
    __aeabi_lasr                             0x08001453   Thumb Code    36  llsshr.o(.text)
    _ll_sshift_r                             0x08001453   Thumb Code     0  llsshr.o(.text)
    __I$use$fp                               0x08001477   Thumb Code     0  iusefp.o(.text)
    _float_round                             0x08001477   Thumb Code    18  fepilogue.o(.text)
    _float_epilogue                          0x08001489   Thumb Code    92  fepilogue.o(.text)
    _double_round                            0x080014e5   Thumb Code    30  depilogue.o(.text)
    _double_epilogue                         0x08001503   Thumb Code   156  depilogue.o(.text)
    _dsqrt                                   0x0800159f   Thumb Code   162  dsqrt.o(.text)
    __scatterload                            0x08001641   Thumb Code    28  init.o(.text)
    __scatterload_rt2                        0x08001641   Thumb Code     0  init.o(.text)
    __aeabi_ui2d                             0x08001665   Thumb Code    26  dfltui.o(.text)
    __aeabi_d2iz                             0x0800167f   Thumb Code    62  dfixi.o(.text)
    __decompress                             0x080016bd   Thumb Code     0  __dczerorl2.o(.text)
    __decompress1                            0x080016bd   Thumb Code    86  __dczerorl2.o(.text)
    AppParamInit                             0x08001715   Thumb Code   276  iotask.o(i.AppParamInit)
    BSP_FLASH_GetFlashSector                 0x08001851   Thumb Code   116  bsp_flash.o(i.BSP_FLASH_GetFlashSector)
    BSP_FLASH_Write                          0x080018f1   Thumb Code   168  bsp_flash.o(i.BSP_FLASH_Write)
    BSP_Init                                 0x0800199d   Thumb Code    70  bsp.o(i.BSP_Init)
    BusFault_Handler                         0x080019e9   Thumb Code     4  stm32f4xx_it.o(i.BusFault_Handler)
    CAN1_Configuration                       0x080019ed   Thumb Code   262  can1.o(i.CAN1_Configuration)
    CAN1_RX0_IRQHandler                      0x08001afd   Thumb Code    50  can1.o(i.CAN1_RX0_IRQHandler)
    CAN1_TX_IRQHandler                       0x08001b39   Thumb Code    22  can1.o(i.CAN1_TX_IRQHandler)
    CAN2_Configuration                       0x08001b55   Thumb Code   264  can2.o(i.CAN2_Configuration)
    CAN2_RX0_IRQHandler                      0x08001c65   Thumb Code    42  can2.o(i.CAN2_RX0_IRQHandler)
    CAN2_TX_IRQHandler                       0x08001c95   Thumb Code    22  can2.o(i.CAN2_TX_IRQHandler)
    CAN_ClearFlag                            0x08001cb1   Thumb Code    52  stm32f4xx_can.o(i.CAN_ClearFlag)
    CAN_ClearITPendingBit                    0x08001ce9   Thumb Code   162  stm32f4xx_can.o(i.CAN_ClearITPendingBit)
    CAN_DeInit                               0x08001d91   Thumb Code    50  stm32f4xx_can.o(i.CAN_DeInit)
    CAN_FilterInit                           0x08001dc9   Thumb Code   258  stm32f4xx_can.o(i.CAN_FilterInit)
    CAN_GetITStatus                          0x08001ed1   Thumb Code   284  stm32f4xx_can.o(i.CAN_GetITStatus)
    CAN_ITConfig                             0x08001ff1   Thumb Code    18  stm32f4xx_can.o(i.CAN_ITConfig)
    CAN_Init                                 0x08002003   Thumb Code   276  stm32f4xx_can.o(i.CAN_Init)
    CAN_Receive                              0x08002117   Thumb Code   240  stm32f4xx_can.o(i.CAN_Receive)
    CAN_StructInit                           0x08002207   Thumb Code    32  stm32f4xx_can.o(i.CAN_StructInit)
    CAN_Transmit                             0x08002227   Thumb Code   294  stm32f4xx_can.o(i.CAN_Transmit)
    CMControlLoop                            0x0800234d   Thumb Code  2216  controltask.o(i.CMControlLoop)
    COM_Receive_PC                           0x08002bfd   Thumb Code    60  pc_task.o(i.COM_Receive_PC)
    CalibrateLoop                            0x08002c3d   Thumb Code   234  iotask.o(i.CalibrateLoop)
    CanReceiveMsgProcess                     0x08002d3d   Thumb Code   470  canbustask.o(i.CanReceiveMsgProcess)
    Control_Mode_Switch                      0x08002f49   Thumb Code   204  remotetask.o(i.Control_Mode_Switch)
    Control_Task                             0x08003029   Thumb Code    90  controltask.o(i.Control_Task)
    ControtLoopTaskInit                      0x08003089   Thumb Code   256  controltask.o(i.ControtLoopTaskInit)
    DMA_Cmd                                  0x080031c9   Thumb Code    22  stm32f4xx_dma.o(i.DMA_Cmd)
    DMA_DeInit                               0x080031e1   Thumb Code   324  stm32f4xx_dma.o(i.DMA_DeInit)
    DMA_DoubleBufferModeCmd                  0x08003339   Thumb Code    22  stm32f4xx_dma.o(i.DMA_DoubleBufferModeCmd)
    DMA_DoubleBufferModeConfig               0x0800334f   Thumb Code    24  stm32f4xx_dma.o(i.DMA_DoubleBufferModeConfig)
    DMA_GetCurrDataCounter                   0x08003367   Thumb Code     8  stm32f4xx_dma.o(i.DMA_GetCurrDataCounter)
    DMA_GetCurrentMemoryTarget               0x0800336f   Thumb Code    20  stm32f4xx_dma.o(i.DMA_GetCurrentMemoryTarget)
    DMA_Init                                 0x08003385   Thumb Code    82  stm32f4xx_dma.o(i.DMA_Init)
    DMA_StructInit                           0x080033dd   Thumb Code    34  stm32f4xx_dma.o(i.DMA_StructInit)
    DebugMon_Handler                         0x080033ff   Thumb Code     2  stm32f4xx_it.o(i.DebugMon_Handler)
    Delay_ms                                 0x08003401   Thumb Code    28  delay.o(i.Delay_ms)
    EXTI0_IRQHandler                         0x0800341d   Thumb Code    18  exti.o(i.EXTI0_IRQHandler)
    EXTI1_IRQHandler                         0x0800342f   Thumb Code    18  exti.o(i.EXTI1_IRQHandler)
    EXTI4_IRQHandler                         0x08003441   Thumb Code    46  mpu6050_interrupt.o(i.EXTI4_IRQHandler)
    EXTI_ClearFlag                           0x08003475   Thumb Code     6  stm32f4xx_exti.o(i.EXTI_ClearFlag)
    EXTI_ClearITPendingBit                   0x08003481   Thumb Code     6  stm32f4xx_exti.o(i.EXTI_ClearITPendingBit)
    EXTI_GetITStatus                         0x0800348d   Thumb Code    34  stm32f4xx_exti.o(i.EXTI_GetITStatus)
    EXTI_Init                                0x080034b5   Thumb Code   142  stm32f4xx_exti.o(i.EXTI_Init)
    EncoderProcess                           0x08003549   Thumb Code   216  canbustask.o(i.EncoderProcess)
    Encoder_Start                            0x08003631   Thumb Code    10  encoder.o(i.Encoder_Start)
    FLASH_DataCacheCmd                       0x08003641   Thumb Code    30  stm32f4xx_flash.o(i.FLASH_DataCacheCmd)
    FLASH_EraseSector                        0x08003665   Thumb Code   130  stm32f4xx_flash.o(i.FLASH_EraseSector)
    FLASH_GetStatus                          0x080036ed   Thumb Code    66  stm32f4xx_flash.o(i.FLASH_GetStatus)
    FLASH_Lock                               0x08003735   Thumb Code    14  stm32f4xx_flash.o(i.FLASH_Lock)
    FLASH_ProgramByte                        0x08003749   Thumb Code    70  stm32f4xx_flash.o(i.FLASH_ProgramByte)
    FLASH_Unlock                             0x08003795   Thumb Code    24  stm32f4xx_flash.o(i.FLASH_Unlock)
    FLASH_WaitForLastOperation               0x080037b9   Thumb Code    34  stm32f4xx_flash.o(i.FLASH_WaitForLastOperation)
    GMPitchControlLoop                       0x080037dd   Thumb Code   198  controltask.o(i.GMPitchControlLoop)
    GMYawControlLoop                         0x080038c5   Thumb Code    90  controltask.o(i.GMYawControlLoop)
    GPIO_Init                                0x08003939   Thumb Code   144  stm32f4xx_gpio.o(i.GPIO_Init)
    GPIO_PinAFConfig                         0x080039c9   Thumb Code    70  stm32f4xx_gpio.o(i.GPIO_PinAFConfig)
    GPIO_ReadInputDataBit                    0x08003a0f   Thumb Code    18  stm32f4xx_gpio.o(i.GPIO_ReadInputDataBit)
    GPIO_ResetBits                           0x08003a21   Thumb Code     4  stm32f4xx_gpio.o(i.GPIO_ResetBits)
    GPIO_SetBits                             0x08003a25   Thumb Code     4  stm32f4xx_gpio.o(i.GPIO_SetBits)
    GPIO_StructInit                          0x08003a29   Thumb Code    18  stm32f4xx_gpio.o(i.GPIO_StructInit)
    GPIO_ToggleBits                          0x08003a3b   Thumb Code     8  stm32f4xx_gpio.o(i.GPIO_ToggleBits)
    GYRO_RST                                 0x08003a45   Thumb Code    86  can1.o(i.GYRO_RST)
    GetCaliCmdFlagGrp                        0x08003aa1   Thumb Code     6  iotask.o(i.GetCaliCmdFlagGrp)
    GetEncoderBias                           0x08003aad   Thumb Code    26  canbustask.o(i.GetEncoderBias)
    GetFrictionState                         0x08003ac9   Thumb Code     6  remotetask.o(i.GetFrictionState)
    GetInputMode                             0x08003ad5   Thumb Code     6  remotetask.o(i.GetInputMode)
    GetLostCounter                           0x08003ae1   Thumb Code    18  supervisetask.o(i.GetLostCounter)
    GetPitchYawGxGyGz                        0x08003af9   Thumb Code   204  imu.o(i.GetPitchYawGxGyGz)
    GetQuadEncoderDiff                       0x08003bf1   Thumb Code    36  encoder.o(i.GetQuadEncoderDiff)
    GetRemoteSwitchAction                    0x08003c1d   Thumb Code   120  remotetask.o(i.GetRemoteSwitchAction)
    GetShootMode                             0x08003c99   Thumb Code     6  remotetask.o(i.GetShootMode)
    GetShootState                            0x08003ca5   Thumb Code     6  remotetask.o(i.GetShootState)
    GetWorkState                             0x08003cb1   Thumb Code     6  controltask.o(i.GetWorkState)
    Get_Lost_Error                           0x08003cbd   Thumb Code    10  supervisetask.o(i.Get_Lost_Error)
    Get_Time_Micros                          0x08003ccd   Thumb Code     8  timer.o(i.Get_Time_Micros)
    GimbalAngleLimit                         0x08003cd5   Thumb Code   158  remotetask.o(i.GimbalAngleLimit)
    GimbalCaliProcess                        0x08003d81   Thumb Code   134  iotask.o(i.GimbalCaliProcess)
    GimbalYawControlModeSwitch               0x08003e25   Thumb Code   240  controltask.o(i.GimbalYawControlModeSwitch)
    GyroCaliProcess                          0x08003f3d   Thumb Code   202  iotask.o(i.GyroCaliProcess)
    HEAT_Configuration                       0x08004025   Thumb Code    50  mpu6050_i2c.o(i.HEAT_Configuration)
    HMC5883_Init                             0x0800405d   Thumb Code   116  mpu6050_driver.o(i.HMC5883_Init)
    HMC58X3_ReadData                         0x080040e9   Thumb Code    18  mpu6050_driver.o(i.HMC58X3_ReadData)
    HMC58X3_getRaw                           0x080040fd   Thumb Code   100  mpu6050_driver.o(i.HMC58X3_getRaw)
    HMC58X3_getlastValues                    0x08004169   Thumb Code    22  mpu6050_driver.o(i.HMC58X3_getlastValues)
    HMC58X3_mgetValues                       0x08004185   Thumb Code   148  mpu6050_driver.o(i.HMC58X3_mgetValues)
    HMC58X3_newValues                        0x08004229   Thumb Code   334  mpu6050_driver.o(i.HMC58X3_newValues)
    HardFault_Handler                        0x08004381   Thumb Code     4  stm32f4xx_it.o(i.HardFault_Handler)
    IIC_Ack                                  0x08004385   Thumb Code    66  mpu6050_i2c.o(i.IIC_Ack)
    IIC_Delay                                0x080043cd   Thumb Code    26  mpu6050_i2c.o(i.IIC_Delay)
    IIC_GPIO_Init                            0x080043e9   Thumb Code    42  mpu6050_i2c.o(i.IIC_GPIO_Init)
    IIC_ReadBit                              0x08004419   Thumb Code    86  mpu6050_i2c.o(i.IIC_ReadBit)
    IIC_ReadData                             0x08004475   Thumb Code   146  mpu6050_i2c.o(i.IIC_ReadData)
    IIC_SDA_In                               0x0800452d   Thumb Code    38  mpu6050_i2c.o(i.IIC_SDA_In)
    IIC_SDA_Out                              0x08004559   Thumb Code    34  mpu6050_i2c.o(i.IIC_SDA_Out)
    IIC_Start                                0x08004581   Thumb Code    60  mpu6050_i2c.o(i.IIC_Start)
    IIC_Stop                                 0x080045c1   Thumb Code    60  mpu6050_i2c.o(i.IIC_Stop)
    IIC_WaitAck                              0x08004601   Thumb Code    94  mpu6050_i2c.o(i.IIC_WaitAck)
    IIC_WriteBit                             0x08004671   Thumb Code    96  mpu6050_i2c.o(i.IIC_WriteBit)
    IIC_WriteData                            0x080046d5   Thumb Code    92  mpu6050_i2c.o(i.IIC_WriteData)
    IMU_AHRSupdate                           0x08004755   Thumb Code  2656  imu.o(i.IMU_AHRSupdate)
    IMU_getQ                                 0x080051d1   Thumb Code    56  imu.o(i.IMU_getQ)
    IMU_getValues                            0x0800521d   Thumb Code   196  imu.o(i.IMU_getValues)
    IMU_getYawPitchRoll                      0x080052e9   Thumb Code   552  imu.o(i.IMU_getYawPitchRoll)
    Init_Quaternion                          0x08005525   Thumb Code    42  imu.o(i.Init_Quaternion)
    IsCaliCmdFlagSet                         0x0800556d   Thumb Code    18  iotask.o(i.IsCaliCmdFlagSet)
    IsRemoteBeingAction                      0x08005585   Thumb Code   238  remotetask.o(i.IsRemoteBeingAction)
    Is_AppParam_Calied                       0x08005685   Thumb Code     6  iotask.o(i.Is_AppParam_Calied)
    Is_Lost_Error_Set                        0x08005691   Thumb Code    22  supervisetask.o(i.Is_Lost_Error_Set)
    Is_Serious_Error                         0x080056a7   Thumb Code     4  supervisetask.o(i.Is_Serious_Error)
    LED_TOGGLE                               0x080056ad   Thumb Code   214  supervisetask.o(i.LED_TOGGLE)
    Laser_Configuration                      0x08005795   Thumb Code    54  laser.o(i.Laser_Configuration)
    Led_Configuration                        0x080057d1   Thumb Code    58  led.o(i.Led_Configuration)
    MPU6050_DataSave                         0x08005811   Thumb Code   494  mpu6050_driver.o(i.MPU6050_DataSave)
    MPU6050_EnableInt                        0x08005a05   Thumb Code    66  mpu6050_driver.o(i.MPU6050_EnableInt)
    MPU6050_Init                             0x08005a9d   Thumb Code   254  mpu6050_driver.o(i.MPU6050_Init)
    MPU6050_Initialize                       0x08005c09   Thumb Code    20  mpu6050_driver.o(i.MPU6050_Initialize)
    MPU6050_IntConfiguration                 0x08005c1d   Thumb Code   124  mpu6050_interrupt.o(i.MPU6050_IntConfiguration)
    MPU6050_ReadData                         0x08005c9d   Thumb Code    44  mpu6050_driver.o(i.MPU6050_ReadData)
    MPU6050_getMotion6                       0x08005cd5   Thumb Code   354  mpu6050_driver.o(i.MPU6050_getMotion6)
    MPU6050_getlastMotion6                   0x08005e61   Thumb Code    76  mpu6050_driver.o(i.MPU6050_getlastMotion6)
    MagEndCaliProcess                        0x08005eb5   Thumb Code   138  iotask.o(i.MagEndCaliProcess)
    MagStartCaliProcess                      0x08005f49   Thumb Code    26  iotask.o(i.MagStartCaliProcess)
    MemManage_Handler                        0x08005f69   Thumb Code     4  stm32f4xx_it.o(i.MemManage_Handler)
    Move_Control                             0x08005f6d   Thumb Code  1008  remotetask.o(i.Move_Control)
    NMI_Handler                              0x08006379   Thumb Code     2  stm32f4xx_it.o(i.NMI_Handler)
    NVIC_Init                                0x0800637d   Thumb Code   106  misc.o(i.NVIC_Init)
    NVIC_PriorityGroupConfig                 0x080063f5   Thumb Code    10  misc.o(i.NVIC_PriorityGroupConfig)
    PIDCaliProcess                           0x08006409   Thumb Code    22  iotask.o(i.PIDCaliProcess)
    PWM_Configuration                        0x08006425   Thumb Code   282  gun.o(i.PWM_Configuration)
    PcRx_Reset                               0x0800654d   Thumb Code    10  pc_task.o(i.PcRx_Reset)
    PendSV_Handler                           0x08006557   Thumb Code     2  stm32f4xx_it.o(i.PendSV_Handler)
    Quad_Encoder_Configuration               0x08006559   Thumb Code    94  encoder.o(i.Quad_Encoder_Configuration)
    RCC_AHB1PeriphClockCmd                   0x080065c1   Thumb Code    26  stm32f4xx_rcc.o(i.RCC_AHB1PeriphClockCmd)
    RCC_APB1PeriphClockCmd                   0x080065e1   Thumb Code    26  stm32f4xx_rcc.o(i.RCC_APB1PeriphClockCmd)
    RCC_APB1PeriphResetCmd                   0x08006601   Thumb Code    26  stm32f4xx_rcc.o(i.RCC_APB1PeriphResetCmd)
    RCC_APB2PeriphClockCmd                   0x08006621   Thumb Code    26  stm32f4xx_rcc.o(i.RCC_APB2PeriphClockCmd)
    RCC_APB2PeriphResetCmd                   0x08006641   Thumb Code    26  stm32f4xx_rcc.o(i.RCC_APB2PeriphResetCmd)
    RCC_GetClocksFreq                        0x08006661   Thumb Code   214  stm32f4xx_rcc.o(i.RCC_GetClocksFreq)
    RemoteDataPrcess                         0x08006749   Thumb Code   206  remotetask.o(i.RemoteDataPrcess)
    RemoteShootControl                       0x08006821   Thumb Code   228  remotetask.o(i.RemoteShootControl)
    RemoteTaskInit                           0x0800691d   Thumb Code    78  remotetask.o(i.RemoteTaskInit)
    ResetCaliCmdFlag                         0x08006985   Thumb Code    12  iotask.o(i.ResetCaliCmdFlag)
    SVC_Handler                              0x08006995   Thumb Code     2  stm32f4xx_it.o(i.SVC_Handler)
    SYSCFG_EXTILineConfig                    0x08006999   Thumb Code    60  stm32f4xx_syscfg.o(i.SYSCFG_EXTILineConfig)
    Sensor_Offset_Param_Init                 0x080069d9   Thumb Code   112  iotask.o(i.Sensor_Offset_Param_Init)
    SetCaliCmdFlag                           0x08006a71   Thumb Code    12  iotask.o(i.SetCaliCmdFlag)
    SetFrictionState                         0x08006a81   Thumb Code     6  remotetask.o(i.SetFrictionState)
    SetGimbalCaliData                        0x08006a8d   Thumb Code    24  iotask.o(i.SetGimbalCaliData)
    SetGimbalMotorOutput                     0x08006aa9   Thumb Code    76  controltask.o(i.SetGimbalMotorOutput)
    SetGyroCaliData                          0x08006b01   Thumb Code    28  iotask.o(i.SetGyroCaliData)
    SetInputMode                             0x08006b21   Thumb Code    36  remotetask.o(i.SetInputMode)
    SetMagCaliData                           0x08006b49   Thumb Code    22  iotask.o(i.SetMagCaliData)
    SetPIDCaliData                           0x08006b65   Thumb Code   280  iotask.o(i.SetPIDCaliData)
    SetShootState                            0x08006c81   Thumb Code     6  remotetask.o(i.SetShootState)
    Set_CM_Speed                             0x08006d85   Thumb Code    92  canbustask.o(i.Set_CM_Speed)
    Set_Gimbal_Current                       0x08006de1   Thumb Code    82  canbustask.o(i.Set_Gimbal_Current)
    ShooterMControl                          0x08006e35   Thumb Code   198  controltask.o(i.ShooterMControl)
    ShooterMControlLoop                      0x08006f19   Thumb Code    92  controltask.o(i.ShooterMControlLoop)
    SuperviseTask                            0x08006f89   Thumb Code   400  supervisetask.o(i.SuperviseTask)
    SystemInit                               0x08007125   Thumb Code    88  system_stm32f4xx.o(i.SystemInit)
    TIM2_Configuration                       0x0800718d   Thumb Code    60  timer.o(i.TIM2_Configuration)
    TIM2_IRQHandler                          0x080071c9   Thumb Code    46  timer.o(i.TIM2_IRQHandler)
    TIM6_Configuration                       0x080071fd   Thumb Code    72  timer.o(i.TIM6_Configuration)
    TIM6_DAC_IRQHandler                      0x08007249   Thumb Code    34  timer.o(i.TIM6_DAC_IRQHandler)
    TIM6_Start                               0x08007271   Thumb Code    30  timer.o(i.TIM6_Start)
    TIM_ARRPreloadConfig                     0x08007295   Thumb Code    24  stm32f4xx_tim.o(i.TIM_ARRPreloadConfig)
    TIM_ClearFlag                            0x080072ad   Thumb Code     6  stm32f4xx_tim.o(i.TIM_ClearFlag)
    TIM_ClearITPendingBit                    0x080072b3   Thumb Code     6  stm32f4xx_tim.o(i.TIM_ClearITPendingBit)
    TIM_Cmd                                  0x080072b9   Thumb Code    24  stm32f4xx_tim.o(i.TIM_Cmd)
    TIM_EncoderInterfaceConfig               0x080072d1   Thumb Code    66  stm32f4xx_tim.o(i.TIM_EncoderInterfaceConfig)
    TIM_GetITStatus                          0x08007313   Thumb Code    34  stm32f4xx_tim.o(i.TIM_GetITStatus)
    TIM_ITConfig                             0x08007335   Thumb Code    18  stm32f4xx_tim.o(i.TIM_ITConfig)
    TIM_OC1Init                              0x08007349   Thumb Code   114  stm32f4xx_tim.o(i.TIM_OC1Init)
    TIM_OC1PreloadConfig                     0x080073c5   Thumb Code    18  stm32f4xx_tim.o(i.TIM_OC1PreloadConfig)
    TIM_OC2Init                              0x080073d9   Thumb Code   154  stm32f4xx_tim.o(i.TIM_OC2Init)
    TIM_OC2PreloadConfig                     0x0800747d   Thumb Code    26  stm32f4xx_tim.o(i.TIM_OC2PreloadConfig)
    TIM_TimeBaseInit                         0x08007499   Thumb Code   104  stm32f4xx_tim.o(i.TIM_TimeBaseInit)
    UART3_PrintBlock                         0x0800751d   Thumb Code    44  usart3.o(i.UART3_PrintBlock)
    USART1_Configuration                     0x08007551   Thumb Code   302  usart1.o(i.USART1_Configuration)
    USART1_IRQHandler                        0x080076a9   Thumb Code   190  usart1.o(i.USART1_IRQHandler)
    USART3_Configuration                     0x08007779   Thumb Code   182  usart3.o(i.USART3_Configuration)
    USART3_IRQHandler                        0x0800783d   Thumb Code   308  usart3.o(i.USART3_IRQHandler)
    USART_Cmd                                0x08007989   Thumb Code    24  stm32f4xx_usart.o(i.USART_Cmd)
    USART_DMACmd                             0x080079a1   Thumb Code    18  stm32f4xx_usart.o(i.USART_DMACmd)
    USART_DeInit                             0x080079b5   Thumb Code   156  stm32f4xx_usart.o(i.USART_DeInit)
    USART_GetFlagStatus                      0x08007a69   Thumb Code    26  stm32f4xx_usart.o(i.USART_GetFlagStatus)
    USART_GetITStatus                        0x08007a83   Thumb Code    84  stm32f4xx_usart.o(i.USART_GetITStatus)
    USART_ITConfig                           0x08007ad7   Thumb Code    74  stm32f4xx_usart.o(i.USART_ITConfig)
    USART_Init                               0x08007b21   Thumb Code   204  stm32f4xx_usart.o(i.USART_Init)
    USART_ReceiveData                        0x08007bf5   Thumb Code    10  stm32f4xx_usart.o(i.USART_ReceiveData)
    USART_SendData                           0x08007bff   Thumb Code     8  stm32f4xx_usart.o(i.USART_SendData)
    USART_StructInit                         0x08007c07   Thumb Code    24  stm32f4xx_usart.o(i.USART_StructInit)
    UploadParameter                          0x08007c21   Thumb Code   512  iotask.o(i.UploadParameter)
    UsageFault_Handler                       0x08007e71   Thumb Code     4  stm32f4xx_it.o(i.UsageFault_Handler)
    WorkStateFSM                             0x08007e75   Thumb Code   298  controltask.o(i.WorkStateFSM)
    __0printf$bare                           0x08007fd9   Thumb Code     8  printfb.o(i.__0printf$bare)
    __1printf$bare                           0x08007fd9   Thumb Code     0  printfb.o(i.__0printf$bare)
    __2printf                                0x08007fd9   Thumb Code     0  printfb.o(i.__0printf$bare)
    __ARM_fpclassify                         0x08007fe9   Thumb Code    48  fpclassify.o(i.__ARM_fpclassify)
    __hardfp_asin                            0x08008019   Thumb Code   770  asin.o(i.__hardfp_asin)
    __hardfp_atan                            0x08008379   Thumb Code   622  atan.o(i.__hardfp_atan)
    __hardfp_atan2                           0x08008651   Thumb Code   432  atan2.o(i.__hardfp_atan2)
    __hardfp_cos                             0x08008841   Thumb Code   180  cos.o(i.__hardfp_cos)
    __hardfp_fabs                            0x08008909   Thumb Code    20  fabs.o(i.__hardfp_fabs)
    __hardfp_sin                             0x08008921   Thumb Code   180  sin.o(i.__hardfp_sin)
    __hardfp_sqrt                            0x080089e9   Thumb Code   122  sqrt.o(i.__hardfp_sqrt)
    __ieee754_rem_pio2                       0x08008a69   Thumb Code   938  rred.o(i.__ieee754_rem_pio2)
    __kernel_cos                             0x08008ea1   Thumb Code   322  cos_i.o(i.__kernel_cos)
    __kernel_poly                            0x08009011   Thumb Code   248  poly.o(i.__kernel_poly)
    __kernel_sin                             0x08009109   Thumb Code   280  sin_i.o(i.__kernel_sin)
    __mathlib_dbl_infnan                     0x08009239   Thumb Code    20  dunder.o(i.__mathlib_dbl_infnan)
    __mathlib_dbl_infnan2                    0x0800924d   Thumb Code    20  dunder.o(i.__mathlib_dbl_infnan2)
    __mathlib_dbl_invalid                    0x08009261   Thumb Code    24  dunder.o(i.__mathlib_dbl_invalid)
    __mathlib_dbl_underflow                  0x08009281   Thumb Code    24  dunder.o(i.__mathlib_dbl_underflow)
    __scatterload_copy                       0x080092a1   Thumb Code    14  handlers.o(i.__scatterload_copy)
    __scatterload_null                       0x080092af   Thumb Code     2  handlers.o(i.__scatterload_null)
    __scatterload_zeroinit                   0x080092b1   Thumb Code    14  handlers.o(i.__scatterload_zeroinit)
    __set_errno                              0x080092c1   Thumb Code     6  errno.o(i.__set_errno)
    atan                                     0x080092ef   Thumb Code    16  atan.o(i.atan)
    byte2float                               0x080092ff   Thumb Code    28  convert.o(i.byte2float)
    delay_ms                                 0x0800931b   Thumb Code    28  delay.o(i.delay_ms)
    fabs                                     0x08009337   Thumb Code    24  fabs.o(i.fabs)
    fputc                                    0x08009351   Thumb Code    32  usart3.o(i.fputc)
    free                                     0x08009375   Thumb Code    76  malloc.o(i.free)
    invSqrt                                  0x080093c5   Thumb Code    56  imu.o(i.invSqrt)
    main                                     0x08009401   Thumb Code    80  main.o(i.main)
    malloc                                   0x08009461   Thumb Code    92  malloc.o(i.malloc)
    mouse_press_r_filter                     0x080094cd   Thumb Code    44  remotetask.o(i.mouse_press_r_filter)
    pc_handler                               0x080094fd   Thumb Code   164  pc_task.o(i.pc_handler)
    sqrt                                     0x080095b1   Thumb Code   110  sqrt.o(i.sqrt)
    updateDirection                          0x08009621   Thumb Code   168  remotetask.o(i.updateDirection)
    lost_counter_len                         0x080096cc   Data          44  supervisetask.o(.constdata)
    CRC8_INIT                                0x080096f8   Data           1  mf_crc8.o(.constdata)
    CRC8_TAB                                 0x080096f9   Data         256  mf_crc8.o(.constdata)
    wCRC_Table                               0x080097fa   Data         512  mf_crc16.o(.constdata)
    __mathlib_zero                           0x08009b18   Data           8  qnan.o(.constdata)
    Region$$Table$$Base                      0x08009c10   Number         0  anon$$obj.o(Region$$Table)
    Region$$Table$$Limit                     0x08009c30   Number         0  anon$$obj.o(Region$$Table)
    Upload_Speed                             0x20000000   Data           4  main.o(.data)
    power1                                   0x20000004   Data           2  main.o(.data)
    power2                                   0x20000006   Data           2  main.o(.data)
    system_micrsecond                        0x20000008   Data           4  main.o(.data)
    pc_start_receive_flag                    0x20000010   Data           1  usart3.o(.data)
    test_step                                0x20000011   Data           1  usart3.o(.data)
    tmp                                      0x20000012   Data           1  usart3.o(.data)
    UART_TranFifo                            0x20000014   Data           4  usart3.o(.data)
    exInt                                    0x2000002c   Data           4  imu.o(.data)
    eyInt                                    0x20000030   Data           4  imu.o(.data)
    ezInt                                    0x20000034   Data           4  imu.o(.data)
    q0                                       0x20000038   Data           4  imu.o(.data)
    q1                                       0x2000003c   Data           4  imu.o(.data)
    q2                                       0x20000040   Data           4  imu.o(.data)
    q3                                       0x20000044   Data           4  imu.o(.data)
    lastUpdate                               0x2000006c   Data           4  imu.o(.data)
    now                                      0x20000070   Data           4  imu.o(.data)
    yaw_temp                                 0x20000074   Data           4  imu.o(.data)
    pitch_temp                               0x20000078   Data           4  imu.o(.data)
    roll_temp                                0x2000007c   Data           4  imu.o(.data)
    last_yaw_temp                            0x20000080   Data           4  imu.o(.data)
    last_pitch_temp                          0x20000084   Data           4  imu.o(.data)
    last_roll_temp                           0x20000088   Data           4  imu.o(.data)
    yaw_angle                                0x2000008c   Data           4  imu.o(.data)
    pitch_angle                              0x20000090   Data           4  imu.o(.data)
    roll_angle                               0x20000094   Data           4  imu.o(.data)
    ex_s                                     0x20000098   Data           4  imu.o(.data)
    ey_s                                     0x2000009c   Data           4  imu.o(.data)
    ez_s                                     0x200000a0   Data           4  imu.o(.data)
    gx_s                                     0x200000a4   Data           4  imu.o(.data)
    gy_s                                     0x200000a8   Data           4  imu.o(.data)
    gz_s                                     0x200000ac   Data           4  imu.o(.data)
    vx_s                                     0x200000b0   Data           4  imu.o(.data)
    vy_s                                     0x200000b4   Data           4  imu.o(.data)
    vz_s                                     0x200000b8   Data           4  imu.o(.data)
    ax_s                                     0x200000bc   Data           4  imu.o(.data)
    ay_s                                     0x200000c0   Data           4  imu.o(.data)
    az_s                                     0x200000c4   Data           4  imu.o(.data)
    qe0_s                                    0x200000c8   Data           4  imu.o(.data)
    qe1_s                                    0x200000cc   Data           4  imu.o(.data)
    qe2_s                                    0x200000d0   Data           4  imu.o(.data)
    qe3_s                                    0x200000d4   Data           4  imu.o(.data)
    errAng_s                                 0x200000d8   Data           4  imu.o(.data)
    norm_s                                   0x200000dc   Data           4  imu.o(.data)
    HMC5883_lastx                            0x200000e4   Data           4  mpu6050_driver.o(.data)
    HMC5883_lasty                            0x200000e8   Data           4  mpu6050_driver.o(.data)
    HMC5883_lastz                            0x200000ec   Data           4  mpu6050_driver.o(.data)
    MPU6050_Lastax                           0x200000f0   Data           2  mpu6050_driver.o(.data)
    MPU6050_Lastay                           0x200000f2   Data           2  mpu6050_driver.o(.data)
    MPU6050_Lastaz                           0x200000f4   Data           2  mpu6050_driver.o(.data)
    MPU6050_Lastgx                           0x200000f6   Data           2  mpu6050_driver.o(.data)
    MPU6050_Lastgy                           0x200000f8   Data           2  mpu6050_driver.o(.data)
    MPU6050_Lastgz                           0x200000fa   Data           2  mpu6050_driver.o(.data)
    isMPU6050_is_DRY                         0x200000fc   Data           1  mpu6050_interrupt.o(.data)
    PIDCaliData                              0x2000010c   Data           8  iotask.o(.data)
    GimbalSavedCaliData                      0x20000114   Data           5  iotask.o(.data)
    GyroSavedCaliData                        0x20000119   Data           7  iotask.o(.data)
    PitchPositionSavedPID                    0x20000120   Data           8  iotask.o(.data)
    PitchSpeedSavedPID                       0x20000128   Data           8  iotask.o(.data)
    YawPositionSavedPID                      0x20000130   Data           8  iotask.o(.data)
    YawSpeedSavedPID                         0x20000138   Data           8  iotask.o(.data)
    app_param_calied_flag                    0x20000140   Data           1  iotask.o(.data)
    GMPPositionPID                           0x2000017c   Data          80  controltask.o(.data)
    GMPSpeedPID                              0x200001cc   Data          80  controltask.o(.data)
    GMYPositionPID                           0x2000021c   Data          80  controltask.o(.data)
    GMYSpeedPID                              0x2000026c   Data          80  controltask.o(.data)
    CMRotatePID                              0x200002bc   Data          80  controltask.o(.data)
    CM1SpeedPID                              0x2000030c   Data          80  controltask.o(.data)
    CM2SpeedPID                              0x2000035c   Data          80  controltask.o(.data)
    CM3SpeedPID                              0x200003ac   Data          80  controltask.o(.data)
    CM4SpeedPID                              0x200003fc   Data          80  controltask.o(.data)
    ShootMotorPositionPID                    0x2000044c   Data          80  controltask.o(.data)
    ShootMotorSpeedPID                       0x2000049c   Data          80  controltask.o(.data)
    lastWorkState                            0x200004ec   Data           1  controltask.o(.data)
    workState                                0x200004ed   Data           1  controltask.o(.data)
    GMPitchRamp                              0x200004f0   Data          36  controltask.o(.data)
    GMYawRamp                                0x20000514   Data          36  controltask.o(.data)
    time_tick_1ms                            0x20000538   Data           4  controltask.o(.data)
    acc_avg                                  0x20000550   Data           4  controltask.o(.data)
    pwm_ccr                                  0x20000554   Data           2  controltask.o(.data)
    last_shoot_start                         0x20000558   Data           4  controltask.o(.data)
    ChassisSpeedRef                          0x20000564   Data           6  remotetask.o(.data)
    friction_wheel_state                     0x2000056a   Data           1  remotetask.o(.data)
    shootMode                                0x2000056d   Data           1  remotetask.o(.data)
    speedMode                                0x2000056e   Data           1  remotetask.o(.data)
    dir                                      0x2000056f   Data           1  remotetask.o(.data)
    speedRef                                 0x20000570   Data           4  remotetask.o(.data)
    swayRef                                  0x20000574   Data           4  remotetask.o(.data)
    frictionRamp                             0x20000578   Data          36  remotetask.o(.data)
    LRSpeedRamp                              0x2000059c   Data          36  remotetask.o(.data)
    FBSpeedRamp                              0x200005c0   Data          36  remotetask.o(.data)
    emergency                                0x200005e4   Data           1  remotetask.o(.data)
    lost_counter                             0x200005f4   Data          44  supervisetask.o(.data)
    lost_err                                 0x20000620   Data           4  supervisetask.o(.data)
    CRC_INIT                                 0x20000634   Data           2  mf_crc16.o(.data)
    __stdout                                 0x2000063c   Data           4  stdout.o(.data)
    __microlib_freelist                      0x20000640   Data           4  mvars.o(.data)
    __microlib_freelist_initialised          0x20000644   Data           4  mvars.o(.data)
    mygetqval                                0x20000878   Data          36  imu.o(.bss)
    angle                                    0x200008ac   Data          12  imu.o(.bss)
    MPU6050_Raw_Data                         0x200008b8   Data          20  mpu6050_driver.o(.bss)
    MPU6050_Real_Data                        0x200008cc   Data          40  mpu6050_driver.o(.bss)
    ahrs                                     0x200008f4   Data          12  mpu6050_driver.o(.bss)
    mpu_buf                                  0x20000900   Data          20  mpu6050_driver.o(.bss)
    MPU6050_FIFO                             0x20000914   Data         132  mpu6050_driver.o(.bss)
    HMC5883_FIFO                             0x20000998   Data          66  mpu6050_driver.o(.bss)
    MagMaxMinData                            0x200009da   Data          12  mpu6050_driver.o(.bss)
    gAppParamStruct                          0x200009e6   Data          87  iotask.o(.bss)
    AccSavedCaliData                         0x20000a50   Data          19  iotask.o(.bss)
    MagSavedCaliData                         0x20000a63   Data          19  iotask.o(.bss)
    CM_sref                                  0x20000a78   Data          16  controltask.o(.bss)
    RC_CtrlData                              0x20000a88   Data          24  remotetask.o(.bss)
    GimbalRef                                0x20000aa0   Data          24  remotetask.o(.bss)
    CM1Encoder                               0x20000ad0   Data          68  canbustask.o(.bss)
    CM2Encoder                               0x20000b14   Data          68  canbustask.o(.bss)
    CM3Encoder                               0x20000b58   Data          68  canbustask.o(.bss)
    CM4Encoder                               0x20000b9c   Data          68  canbustask.o(.bss)
    GMYawEncoder                             0x20000be0   Data          68  canbustask.o(.bss)
    GMPitchEncoder                           0x20000c24   Data          68  canbustask.o(.bss)
    PC_cmd                                   0x20000c68   Data          13  pc_task.o(.bss)
    __heap_base                              0x20000d90   Data           0  startup_stm32f4xx.o(HEAP)
    __heap_limit                             0x20000f90   Data           0  startup_stm32f4xx.o(HEAP)
    __initial_sp                             0x20001990   Data           0  startup_stm32f4xx.o(STACK)



==============================================================================

Memory Map of the image

  Image Entry point : 0x08000189

  Load Region LR_IROM1 (Base: 0x08000000, Size: 0x0000a27c, Max: 0x00100000, ABSOLUTE, COMPRESSED[0x00009cf0])

    Execution Region ER_IROM1 (Exec base: 0x08000000, Load base: 0x08000000, Size: 0x00009c30, Max: 0x00100000, ABSOLUTE)

    Exec Addr    Load Addr    Size         Type   Attr      Idx    E Section Name        Object

    0x08000000   0x08000000   0x00000188   Data   RO          729    RESET               startup_stm32f4xx.o
    0x08000188   0x08000188   0x00000000   Code   RO         5118  * .ARM.Collect$$$$00000000  mc_w.l(entry.o)
    0x08000188   0x08000188   0x00000004   Code   RO         5480    .ARM.Collect$$$$00000001  mc_w.l(entry2.o)
    0x0800018c   0x0800018c   0x00000004   Code   RO         5483    .ARM.Collect$$$$00000004  mc_w.l(entry5.o)
    0x08000190   0x08000190   0x00000000   Code   RO         5485    .ARM.Collect$$$$00000008  mc_w.l(entry7b.o)
    0x08000190   0x08000190   0x00000000   Code   RO         5487    .ARM.Collect$$$$0000000A  mc_w.l(entry8b.o)
    0x08000190   0x08000190   0x00000008   Code   RO         5488    .ARM.Collect$$$$0000000B  mc_w.l(entry9a.o)
    0x08000198   0x08000198   0x00000000   Code   RO         5490    .ARM.Collect$$$$0000000D  mc_w.l(entry10a.o)
    0x08000198   0x08000198   0x00000000   Code   RO         5492    .ARM.Collect$$$$0000000F  mc_w.l(entry11a.o)
    0x08000198   0x08000198   0x00000004   Code   RO         5481    .ARM.Collect$$$$00002712  mc_w.l(entry2.o)
    0x0800019c   0x0800019c   0x00000024   Code   RO          730    .text               startup_stm32f4xx.o
    0x080001c0   0x080001c0   0x00000074   Code   RO         4663    .text               Protocol.lib(mf_crc8.o)
    0x08000234   0x08000234   0x000000a0   Code   RO         4678    .text               Protocol.lib(mf_crc16.o)
    0x080002d4   0x080002d4   0x000005b0   Code   RO         4699    .text               Protocol.lib(protocal_parser.o)
    0x08000884   0x08000884   0x000005a4   Code   RO         4790    .text               RMLib.lib(fifo.o)
    0x08000e28   0x08000e28   0x00000070   Code   RO         4870    .text               RMLib.lib(ramp.o)
    0x08000e98   0x08000e98   0x00000020   Code   RO         5003    .text               RMLib.lib(lostcounter.o)
    0x08000eb8   0x08000eb8   0x00000120   Code   RO         5026    .text               RMLib.lib(pid_regulator.o)
    0x08000fd8   0x08000fd8   0x00000024   Code   RO         5121    .text               mc_w.l(memcpya.o)
    0x08000ffc   0x08000ffc   0x00000024   Code   RO         5123    .text               mc_w.l(memseta.o)
    0x08001020   0x08001020   0x0000014e   Code   RO         5415    .text               mf_w.l(dadd.o)
    0x0800116e   0x0800116e   0x000000e4   Code   RO         5417    .text               mf_w.l(dmul.o)
    0x08001252   0x08001252   0x000000de   Code   RO         5419    .text               mf_w.l(ddiv.o)
    0x08001330   0x08001330   0x00000022   Code   RO         5423    .text               mf_w.l(dflti.o)
    0x08001352   0x08001352   0x00000032   Code   RO         5425    .text               mf_w.l(dfixui.o)
    0x08001384   0x08001384   0x00000026   Code   RO         5427    .text               mf_w.l(f2d.o)
    0x080013aa   0x080013aa   0x00000002   PAD
    0x080013ac   0x080013ac   0x00000030   Code   RO         5429    .text               mf_w.l(cdrcmple.o)
    0x080013dc   0x080013dc   0x00000038   Code   RO         5431    .text               mf_w.l(d2f.o)
    0x08001414   0x08001414   0x0000001e   Code   RO         5499    .text               mc_w.l(llshl.o)
    0x08001432   0x08001432   0x00000020   Code   RO         5501    .text               mc_w.l(llushr.o)
    0x08001452   0x08001452   0x00000024   Code   RO         5503    .text               mc_w.l(llsshr.o)
    0x08001476   0x08001476   0x00000000   Code   RO         5514    .text               mc_w.l(iusefp.o)
    0x08001476   0x08001476   0x0000006e   Code   RO         5515    .text               mf_w.l(fepilogue.o)
    0x080014e4   0x080014e4   0x000000ba   Code   RO         5517    .text               mf_w.l(depilogue.o)
    0x0800159e   0x0800159e   0x000000a2   Code   RO         5519    .text               mf_w.l(dsqrt.o)
    0x08001640   0x08001640   0x00000024   Code   RO         5525    .text               mc_w.l(init.o)
    0x08001664   0x08001664   0x0000001a   Code   RO         5527    .text               mf_w.l(dfltui.o)
    0x0800167e   0x0800167e   0x0000003e   Code   RO         5529    .text               mf_w.l(dfixi.o)
    0x080016bc   0x080016bc   0x00000056   Code   RO         5539    .text               mc_w.l(__dczerorl2.o)
    0x08001712   0x08001712   0x00000002   PAD
    0x08001714   0x08001714   0x00000120   Code   RO         4047    i.AppParamInit      iotask.o
    0x08001834   0x08001834   0x0000001c   Code   RO         4048    i.AppParamSave      iotask.o
    0x08001850   0x08001850   0x000000a0   Code   RO          686    i.BSP_FLASH_GetFlashSector  bsp_flash.o
    0x080018f0   0x080018f0   0x000000ac   Code   RO          689    i.BSP_FLASH_Write   bsp_flash.o
    0x0800199c   0x0800199c   0x0000004c   Code   RO          209    i.BSP_Init          bsp.o
    0x080019e8   0x080019e8   0x00000004   Code   RO          737    i.BusFault_Handler  stm32f4xx_it.o
    0x080019ec   0x080019ec   0x00000110   Code   RO          291    i.CAN1_Configuration  can1.o
    0x08001afc   0x08001afc   0x0000003c   Code   RO          292    i.CAN1_RX0_IRQHandler  can1.o
    0x08001b38   0x08001b38   0x0000001c   Code   RO          293    i.CAN1_TX_IRQHandler  can1.o
    0x08001b54   0x08001b54   0x00000110   Code   RO          333    i.CAN2_Configuration  can2.o
    0x08001c64   0x08001c64   0x00000030   Code   RO          334    i.CAN2_RX0_IRQHandler  can2.o
    0x08001c94   0x08001c94   0x0000001c   Code   RO          335    i.CAN2_TX_IRQHandler  can2.o
    0x08001cb0   0x08001cb0   0x00000038   Code   RO         1130    i.CAN_ClearFlag     stm32f4xx_can.o
    0x08001ce8   0x08001ce8   0x000000a8   Code   RO         1131    i.CAN_ClearITPendingBit  stm32f4xx_can.o
    0x08001d90   0x08001d90   0x00000038   Code   RO         1133    i.CAN_DeInit        stm32f4xx_can.o
    0x08001dc8   0x08001dc8   0x00000108   Code   RO         1135    i.CAN_FilterInit    stm32f4xx_can.o
    0x08001ed0   0x08001ed0   0x00000120   Code   RO         1137    i.CAN_GetITStatus   stm32f4xx_can.o
    0x08001ff0   0x08001ff0   0x00000012   Code   RO         1141    i.CAN_ITConfig      stm32f4xx_can.o
    0x08002002   0x08002002   0x00000114   Code   RO         1142    i.CAN_Init          stm32f4xx_can.o
    0x08002116   0x08002116   0x000000f0   Code   RO         1145    i.CAN_Receive       stm32f4xx_can.o
    0x08002206   0x08002206   0x00000020   Code   RO         1148    i.CAN_StructInit    stm32f4xx_can.o
    0x08002226   0x08002226   0x00000126   Code   RO         1150    i.CAN_Transmit      stm32f4xx_can.o
    0x0800234c   0x0800234c   0x000008b0   Code   RO         4240    i.CMControlLoop     controltask.o
    0x08002bfc   0x08002bfc   0x00000040   Code   RO         4626    i.COM_Receive_PC    pc_task.o
    0x08002c3c   0x08002c3c   0x00000100   Code   RO         4049    i.CalibrateLoop     iotask.o
    0x08002d3c   0x08002d3c   0x000001f8   Code   RO         4502    i.CanReceiveMsgProcess  canbustask.o
    0x08002f34   0x08002f34   0x00000012   Code   RO         1153    i.CheckITStatus     stm32f4xx_can.o
    0x08002f46   0x08002f46   0x00000002   PAD
    0x08002f48   0x08002f48   0x000000e0   Code   RO         4357    i.Control_Mode_Switch  remotetask.o
    0x08003028   0x08003028   0x00000060   Code   RO         4241    i.Control_Task      controltask.o
    0x08003088   0x08003088   0x00000140   Code   RO         4242    i.ControtLoopTaskInit  controltask.o
    0x080031c8   0x080031c8   0x00000016   Code   RO         1481    i.DMA_Cmd           stm32f4xx_dma.o
    0x080031de   0x080031de   0x00000002   PAD
    0x080031e0   0x080031e0   0x00000158   Code   RO         1482    i.DMA_DeInit        stm32f4xx_dma.o
    0x08003338   0x08003338   0x00000016   Code   RO         1483    i.DMA_DoubleBufferModeCmd  stm32f4xx_dma.o
    0x0800334e   0x0800334e   0x00000018   Code   RO         1484    i.DMA_DoubleBufferModeConfig  stm32f4xx_dma.o
    0x08003366   0x08003366   0x00000008   Code   RO         1487    i.DMA_GetCurrDataCounter  stm32f4xx_dma.o
    0x0800336e   0x0800336e   0x00000014   Code   RO         1488    i.DMA_GetCurrentMemoryTarget  stm32f4xx_dma.o
    0x08003382   0x08003382   0x00000002   PAD
    0x08003384   0x08003384   0x00000058   Code   RO         1493    i.DMA_Init          stm32f4xx_dma.o
    0x080033dc   0x080033dc   0x00000022   Code   RO         1497    i.DMA_StructInit    stm32f4xx_dma.o
    0x080033fe   0x080033fe   0x00000002   Code   RO          738    i.DebugMon_Handler  stm32f4xx_it.o
    0x08003400   0x08003400   0x0000001c   Code   RO          372    i.Delay_ms          delay.o
    0x0800341c   0x0800341c   0x00000012   Code   RO          414    i.EXTI0_IRQHandler  exti.o
    0x0800342e   0x0800342e   0x00000012   Code   RO          415    i.EXTI1_IRQHandler  exti.o
    0x08003440   0x08003440   0x00000034   Code   RO         3893    i.EXTI4_IRQHandler  mpu6050_interrupt.o
    0x08003474   0x08003474   0x0000000c   Code   RO         1614    i.EXTI_ClearFlag    stm32f4xx_exti.o
    0x08003480   0x08003480   0x0000000c   Code   RO         1615    i.EXTI_ClearITPendingBit  stm32f4xx_exti.o
    0x0800348c   0x0800348c   0x00000028   Code   RO         1619    i.EXTI_GetITStatus  stm32f4xx_exti.o
    0x080034b4   0x080034b4   0x00000094   Code   RO         1620    i.EXTI_Init         stm32f4xx_exti.o
    0x08003548   0x08003548   0x000000e8   Code   RO         4503    i.EncoderProcess    canbustask.o
    0x08003630   0x08003630   0x00000010   Code   RO          648    i.Encoder_Start     encoder.o
    0x08003640   0x08003640   0x00000024   Code   RO         1684    i.FLASH_DataCacheCmd  stm32f4xx_flash.o
    0x08003664   0x08003664   0x00000088   Code   RO         1687    i.FLASH_EraseSector  stm32f4xx_flash.o
    0x080036ec   0x080036ec   0x00000048   Code   RO         1689    i.FLASH_GetStatus   stm32f4xx_flash.o
    0x08003734   0x08003734   0x00000014   Code   RO         1693    i.FLASH_Lock        stm32f4xx_flash.o
    0x08003748   0x08003748   0x0000004c   Code   RO         1706    i.FLASH_ProgramByte  stm32f4xx_flash.o
    0x08003794   0x08003794   0x00000024   Code   RO         1711    i.FLASH_Unlock      stm32f4xx_flash.o
    0x080037b8   0x080037b8   0x00000022   Code   RO         1712    i.FLASH_WaitForLastOperation  stm32f4xx_flash.o
    0x080037da   0x080037da   0x00000002   PAD
    0x080037dc   0x080037dc   0x000000e8   Code   RO         4243    i.GMPitchControlLoop  controltask.o
    0x080038c4   0x080038c4   0x00000074   Code   RO         4244    i.GMYawControlLoop  controltask.o
    0x08003938   0x08003938   0x00000090   Code   RO         1885    i.GPIO_Init         stm32f4xx_gpio.o
    0x080039c8   0x080039c8   0x00000046   Code   RO         1886    i.GPIO_PinAFConfig  stm32f4xx_gpio.o
    0x08003a0e   0x08003a0e   0x00000012   Code   RO         1889    i.GPIO_ReadInputDataBit  stm32f4xx_gpio.o
    0x08003a20   0x08003a20   0x00000004   Code   RO         1892    i.GPIO_ResetBits    stm32f4xx_gpio.o
    0x08003a24   0x08003a24   0x00000004   Code   RO         1893    i.GPIO_SetBits      stm32f4xx_gpio.o
    0x08003a28   0x08003a28   0x00000012   Code   RO         1894    i.GPIO_StructInit   stm32f4xx_gpio.o
    0x08003a3a   0x08003a3a   0x00000008   Code   RO         1895    i.GPIO_ToggleBits   stm32f4xx_gpio.o
    0x08003a42   0x08003a42   0x00000002   PAD
    0x08003a44   0x08003a44   0x0000005c   Code   RO          294    i.GYRO_RST          can1.o
    0x08003aa0   0x08003aa0   0x0000000c   Code   RO         4051    i.GetCaliCmdFlagGrp  iotask.o
    0x08003aac   0x08003aac   0x0000001a   Code   RO         4504    i.GetEncoderBias    canbustask.o
    0x08003ac6   0x08003ac6   0x00000002   PAD
    0x08003ac8   0x08003ac8   0x0000000c   Code   RO         4358    i.GetFrictionState  remotetask.o
    0x08003ad4   0x08003ad4   0x0000000c   Code   RO         4359    i.GetInputMode      remotetask.o
    0x08003ae0   0x08003ae0   0x00000018   Code   RO         4558    i.GetLostCounter    supervisetask.o
    0x08003af8   0x08003af8   0x000000f8   Code   RO         3621    i.GetPitchYawGxGyGz  imu.o
    0x08003bf0   0x08003bf0   0x0000002c   Code   RO          649    i.GetQuadEncoderDiff  encoder.o
    0x08003c1c   0x08003c1c   0x0000007c   Code   RO         4360    i.GetRemoteSwitchAction  remotetask.o
    0x08003c98   0x08003c98   0x0000000c   Code   RO         4361    i.GetShootMode      remotetask.o
    0x08003ca4   0x08003ca4   0x0000000c   Code   RO         4362    i.GetShootState     remotetask.o
    0x08003cb0   0x08003cb0   0x0000000c   Code   RO         4245    i.GetWorkState      controltask.o
    0x08003cbc   0x08003cbc   0x00000010   Code   RO         4559    i.Get_Lost_Error    supervisetask.o
    0x08003ccc   0x08003ccc   0x00000008   Code   RO          474    i.Get_Time_Micros   timer.o
    0x08003cd4   0x08003cd4   0x000000ac   Code   RO         4363    i.GimbalAngleLimit  remotetask.o
    0x08003d80   0x08003d80   0x000000a4   Code   RO         4055    i.GimbalCaliProcess  iotask.o
    0x08003e24   0x08003e24   0x00000118   Code   RO         4246    i.GimbalYawControlModeSwitch  controltask.o
    0x08003f3c   0x08003f3c   0x000000e8   Code   RO         4056    i.GyroCaliProcess   iotask.o
    0x08004024   0x08004024   0x00000038   Code   RO         3689    i.HEAT_Configuration  mpu6050_i2c.o
    0x0800405c   0x0800405c   0x0000008c   Code   RO         3785    i.HMC5883_Init      mpu6050_driver.o
    0x080040e8   0x080040e8   0x00000012   Code   RO         3786    i.HMC58X3_ReadData  mpu6050_driver.o
    0x080040fa   0x080040fa   0x00000002   PAD
    0x080040fc   0x080040fc   0x0000006c   Code   RO         3787    i.HMC58X3_getRaw    mpu6050_driver.o
    0x08004168   0x08004168   0x0000001c   Code   RO         3788    i.HMC58X3_getlastValues  mpu6050_driver.o
    0x08004184   0x08004184   0x000000a4   Code   RO         3789    i.HMC58X3_mgetValues  mpu6050_driver.o
    0x08004228   0x08004228   0x00000158   Code   RO         3790    i.HMC58X3_newValues  mpu6050_driver.o
    0x08004380   0x08004380   0x00000004   Code   RO          739    i.HardFault_Handler  stm32f4xx_it.o
    0x08004384   0x08004384   0x00000048   Code   RO         3690    i.IIC_Ack           mpu6050_i2c.o
    0x080043cc   0x080043cc   0x0000001a   Code   RO         3691    i.IIC_Delay         mpu6050_i2c.o
    0x080043e6   0x080043e6   0x00000002   PAD
    0x080043e8   0x080043e8   0x00000030   Code   RO         3692    i.IIC_GPIO_Init     mpu6050_i2c.o
    0x08004418   0x08004418   0x0000005c   Code   RO         3693    i.IIC_ReadBit       mpu6050_i2c.o
    0x08004474   0x08004474   0x000000b8   Code   RO         3694    i.IIC_ReadData      mpu6050_i2c.o
    0x0800452c   0x0800452c   0x0000002c   Code   RO         3695    i.IIC_SDA_In        mpu6050_i2c.o
    0x08004558   0x08004558   0x00000028   Code   RO         3696    i.IIC_SDA_Out       mpu6050_i2c.o
    0x08004580   0x08004580   0x00000040   Code   RO         3697    i.IIC_Start         mpu6050_i2c.o
    0x080045c0   0x080045c0   0x00000040   Code   RO         3698    i.IIC_Stop          mpu6050_i2c.o
    0x08004600   0x08004600   0x00000070   Code   RO         3699    i.IIC_WaitAck       mpu6050_i2c.o
    0x08004670   0x08004670   0x00000064   Code   RO         3700    i.IIC_WriteBit      mpu6050_i2c.o
    0x080046d4   0x080046d4   0x00000080   Code   RO         3701    i.IIC_WriteData     mpu6050_i2c.o
    0x08004754   0x08004754   0x00000a7c   Code   RO         3622    i.IMU_AHRSupdate    imu.o
    0x080051d0   0x080051d0   0x0000004c   Code   RO         3623    i.IMU_getQ          imu.o
    0x0800521c   0x0800521c   0x000000cc   Code   RO         3624    i.IMU_getValues     imu.o
    0x080052e8   0x080052e8   0x0000023c   Code   RO         3625    i.IMU_getYawPitchRoll  imu.o
    0x08005524   0x08005524   0x00000048   Code   RO         3626    i.Init_Quaternion   imu.o
    0x0800556c   0x0800556c   0x00000018   Code   RO         4058    i.IsCaliCmdFlagSet  iotask.o
    0x08005584   0x08005584   0x00000100   Code   RO         4364    i.IsRemoteBeingAction  remotetask.o
    0x08005684   0x08005684   0x0000000c   Code   RO         4062    i.Is_AppParam_Calied  iotask.o
    0x08005690   0x08005690   0x00000016   Code   RO         4560    i.Is_Lost_Error_Set  supervisetask.o
    0x080056a6   0x080056a6   0x00000004   Code   RO         4561    i.Is_Serious_Error  supervisetask.o
    0x080056aa   0x080056aa   0x00000002   PAD
    0x080056ac   0x080056ac   0x000000e8   Code   RO         4562    i.LED_TOGGLE        supervisetask.o
    0x08005794   0x08005794   0x0000003c   Code   RO          450    i.Laser_Configuration  laser.o
    0x080057d0   0x080057d0   0x00000040   Code   RO          240    i.Led_Configuration  led.o
    0x08005810   0x08005810   0x000001f4   Code   RO         3791    i.MPU6050_DataSave  mpu6050_driver.o
    0x08005a04   0x08005a04   0x00000098   Code   RO         3792    i.MPU6050_EnableInt  mpu6050_driver.o
    0x08005a9c   0x08005a9c   0x0000016c   Code   RO         3793    i.MPU6050_Init      mpu6050_driver.o
    0x08005c08   0x08005c08   0x00000014   Code   RO         3794    i.MPU6050_Initialize  mpu6050_driver.o
    0x08005c1c   0x08005c1c   0x00000080   Code   RO         3894    i.MPU6050_IntConfiguration  mpu6050_interrupt.o
    0x08005c9c   0x08005c9c   0x00000038   Code   RO         3795    i.MPU6050_ReadData  mpu6050_driver.o
    0x08005cd4   0x08005cd4   0x0000018c   Code   RO         3796    i.MPU6050_getMotion6  mpu6050_driver.o
    0x08005e60   0x08005e60   0x00000054   Code   RO         3797    i.MPU6050_getlastMotion6  mpu6050_driver.o
    0x08005eb4   0x08005eb4   0x00000094   Code   RO         4063    i.MagEndCaliProcess  iotask.o
    0x08005f48   0x08005f48   0x00000020   Code   RO         4064    i.MagStartCaliProcess  iotask.o
    0x08005f68   0x08005f68   0x00000004   Code   RO          740    i.MemManage_Handler  stm32f4xx_it.o
    0x08005f6c   0x08005f6c   0x0000040c   Code   RO         4367    i.Move_Control      remotetask.o
    0x08006378   0x08006378   0x00000002   Code   RO          741    i.NMI_Handler       stm32f4xx_it.o
    0x0800637a   0x0800637a   0x00000002   PAD
    0x0800637c   0x0800637c   0x00000078   Code   RO          806    i.NVIC_Init         misc.o
    0x080063f4   0x080063f4   0x00000014   Code   RO          807    i.NVIC_PriorityGroupConfig  misc.o
    0x08006408   0x08006408   0x0000001c   Code   RO         4065    i.PIDCaliProcess    iotask.o
    0x08006424   0x08006424   0x00000128   Code   RO          264    i.PWM_Configuration  gun.o
    0x0800654c   0x0800654c   0x0000000a   Code   RO         4627    i.PcRx_Reset        pc_task.o
    0x08006556   0x08006556   0x00000002   Code   RO          742    i.PendSV_Handler    stm32f4xx_it.o
    0x08006558   0x08006558   0x00000068   Code   RO          650    i.Quad_Encoder_Configuration  encoder.o
    0x080065c0   0x080065c0   0x00000020   Code   RO         2082    i.RCC_AHB1PeriphClockCmd  stm32f4xx_rcc.o
    0x080065e0   0x080065e0   0x00000020   Code   RO         2091    i.RCC_APB1PeriphClockCmd  stm32f4xx_rcc.o
    0x08006600   0x08006600   0x00000020   Code   RO         2093    i.RCC_APB1PeriphResetCmd  stm32f4xx_rcc.o
    0x08006620   0x08006620   0x00000020   Code   RO         2094    i.RCC_APB2PeriphClockCmd  stm32f4xx_rcc.o
    0x08006640   0x08006640   0x00000020   Code   RO         2096    i.RCC_APB2PeriphResetCmd  stm32f4xx_rcc.o
    0x08006660   0x08006660   0x000000e8   Code   RO         2103    i.RCC_GetClocksFreq  stm32f4xx_rcc.o
    0x08006748   0x08006748   0x000000d8   Code   RO         4369    i.RemoteDataPrcess  remotetask.o
    0x08006820   0x08006820   0x000000fc   Code   RO         4370    i.RemoteShootControl  remotetask.o
    0x0800691c   0x0800691c   0x00000068   Code   RO         4371    i.RemoteTaskInit    remotetask.o
    0x08006984   0x08006984   0x00000010   Code   RO         4066    i.ResetCaliCmdFlag  iotask.o
    0x08006994   0x08006994   0x00000002   Code   RO          743    i.SVC_Handler       stm32f4xx_it.o
    0x08006996   0x08006996   0x00000002   PAD
    0x08006998   0x08006998   0x00000040   Code   RO         2372    i.SYSCFG_EXTILineConfig  stm32f4xx_syscfg.o
    0x080069d8   0x080069d8   0x00000098   Code   RO         4067    i.Sensor_Offset_Param_Init  iotask.o
    0x08006a70   0x08006a70   0x00000010   Code   RO         4069    i.SetCaliCmdFlag    iotask.o
    0x08006a80   0x08006a80   0x0000000c   Code   RO         4372    i.SetFrictionState  remotetask.o
    0x08006a8c   0x08006a8c   0x0000001c   Code   RO         4070    i.SetGimbalCaliData  iotask.o
    0x08006aa8   0x08006aa8   0x00000058   Code   RO         4247    i.SetGimbalMotorOutput  controltask.o
    0x08006b00   0x08006b00   0x00000020   Code   RO         4071    i.SetGyroCaliData   iotask.o
    0x08006b20   0x08006b20   0x00000028   Code   RO         4373    i.SetInputMode      remotetask.o
    0x08006b48   0x08006b48   0x0000001c   Code   RO         4072    i.SetMagCaliData    iotask.o
    0x08006b64   0x08006b64   0x0000011c   Code   RO         4073    i.SetPIDCaliData    iotask.o
    0x08006c80   0x08006c80   0x0000000c   Code   RO         4374    i.SetShootState     remotetask.o
    0x08006c8c   0x08006c8c   0x000000ec   Code   RO         3361    i.SetSysClock       system_stm32f4xx.o
    0x08006d78   0x08006d78   0x0000000c   Code   RO         4248    i.SetWorkState      controltask.o
    0x08006d84   0x08006d84   0x0000005c   Code   RO         4505    i.Set_CM_Speed      canbustask.o
    0x08006de0   0x08006de0   0x00000052   Code   RO         4506    i.Set_Gimbal_Current  canbustask.o
    0x08006e32   0x08006e32   0x00000002   PAD
    0x08006e34   0x08006e34   0x000000e4   Code   RO         4249    i.ShooterMControl   controltask.o
    0x08006f18   0x08006f18   0x00000070   Code   RO         4250    i.ShooterMControlLoop  controltask.o
    0x08006f88   0x08006f88   0x0000019c   Code   RO         4564    i.SuperviseTask     supervisetask.o
    0x08007124   0x08007124   0x00000068   Code   RO         3363    i.SystemInit        system_stm32f4xx.o
    0x0800718c   0x0800718c   0x0000003c   Code   RO          475    i.TIM2_Configuration  timer.o
    0x080071c8   0x080071c8   0x00000034   Code   RO          476    i.TIM2_IRQHandler   timer.o
    0x080071fc   0x080071fc   0x0000004c   Code   RO          478    i.TIM6_Configuration  timer.o
    0x08007248   0x08007248   0x00000028   Code   RO          479    i.TIM6_DAC_IRQHandler  timer.o
    0x08007270   0x08007270   0x00000024   Code   RO          480    i.TIM6_Start        timer.o
    0x08007294   0x08007294   0x00000018   Code   RO         2430    i.TIM_ARRPreloadConfig  stm32f4xx_tim.o
    0x080072ac   0x080072ac   0x00000006   Code   RO         2436    i.TIM_ClearFlag     stm32f4xx_tim.o
    0x080072b2   0x080072b2   0x00000006   Code   RO         2437    i.TIM_ClearITPendingBit  stm32f4xx_tim.o
    0x080072b8   0x080072b8   0x00000018   Code   RO         2442    i.TIM_Cmd           stm32f4xx_tim.o
    0x080072d0   0x080072d0   0x00000042   Code   RO         2451    i.TIM_EncoderInterfaceConfig  stm32f4xx_tim.o
    0x08007312   0x08007312   0x00000022   Code   RO         2463    i.TIM_GetITStatus   stm32f4xx_tim.o
    0x08007334   0x08007334   0x00000012   Code   RO         2467    i.TIM_ITConfig      stm32f4xx_tim.o
    0x08007346   0x08007346   0x00000002   PAD
    0x08007348   0x08007348   0x0000007c   Code   RO         2471    i.TIM_OC1Init       stm32f4xx_tim.o
    0x080073c4   0x080073c4   0x00000012   Code   RO         2474    i.TIM_OC1PreloadConfig  stm32f4xx_tim.o
    0x080073d6   0x080073d6   0x00000002   PAD
    0x080073d8   0x080073d8   0x000000a4   Code   RO         2476    i.TIM_OC2Init       stm32f4xx_tim.o
    0x0800747c   0x0800747c   0x0000001a   Code   RO         2479    i.TIM_OC2PreloadConfig  stm32f4xx_tim.o
    0x08007496   0x08007496   0x00000002   PAD
    0x08007498   0x08007498   0x00000084   Code   RO         2514    i.TIM_TimeBaseInit  stm32f4xx_tim.o
    0x0800751c   0x0800751c   0x00000034   Code   RO          593    i.UART3_PrintBlock  usart3.o
    0x08007550   0x08007550   0x00000140   Code   RO          543    i.USART1_Configuration  usart1.o
    0x08007690   0x08007690   0x00000018   Code   RO          544    i.USART1_FIFO_Init  usart1.o
    0x080076a8   0x080076a8   0x000000d0   Code   RO          546    i.USART1_IRQHandler  usart1.o
    0x08007778   0x08007778   0x000000c4   Code   RO          595    i.USART3_Configuration  usart3.o
    0x0800783c   0x0800783c   0x0000014c   Code   RO          596    i.USART3_IRQHandler  usart3.o
    0x08007988   0x08007988   0x00000018   Code   RO         3170    i.USART_Cmd         stm32f4xx_usart.o
    0x080079a0   0x080079a0   0x00000012   Code   RO         3171    i.USART_DMACmd      stm32f4xx_usart.o
    0x080079b2   0x080079b2   0x00000002   PAD
    0x080079b4   0x080079b4   0x000000b4   Code   RO         3172    i.USART_DeInit      stm32f4xx_usart.o
    0x08007a68   0x08007a68   0x0000001a   Code   RO         3173    i.USART_GetFlagStatus  stm32f4xx_usart.o
    0x08007a82   0x08007a82   0x00000054   Code   RO         3174    i.USART_GetITStatus  stm32f4xx_usart.o
    0x08007ad6   0x08007ad6   0x0000004a   Code   RO         3176    i.USART_ITConfig    stm32f4xx_usart.o
    0x08007b20   0x08007b20   0x000000d4   Code   RO         3177    i.USART_Init        stm32f4xx_usart.o
    0x08007bf4   0x08007bf4   0x0000000a   Code   RO         3184    i.USART_ReceiveData  stm32f4xx_usart.o
    0x08007bfe   0x08007bfe   0x00000008   Code   RO         3187    i.USART_SendData    stm32f4xx_usart.o
    0x08007c06   0x08007c06   0x00000018   Code   RO         3193    i.USART_StructInit  stm32f4xx_usart.o
    0x08007c1e   0x08007c1e   0x00000002   PAD
    0x08007c20   0x08007c20   0x00000250   Code   RO         4074    i.UploadParameter   iotask.o
    0x08007e70   0x08007e70   0x00000004   Code   RO          744    i.UsageFault_Handler  stm32f4xx_it.o
    0x08007e74   0x08007e74   0x0000013c   Code   RO         4251    i.WorkStateFSM      controltask.o
    0x08007fb0   0x08007fb0   0x00000028   Code   RO         4252    i.WorkStateSwitchProcess  controltask.o
    0x08007fd8   0x08007fd8   0x00000010   Code   RO         5128    i.__0printf$bare    mc_w.l(printfb.o)
    0x08007fe8   0x08007fe8   0x00000030   Code   RO         5464    i.__ARM_fpclassify  m_wm.l(fpclassify.o)
    0x08008018   0x08008018   0x00000360   Code   RO         5050    i.__hardfp_asin     m_wm.l(asin.o)
    0x08008378   0x08008378   0x000002d8   Code   RO         5433    i.__hardfp_atan     m_wm.l(atan.o)
    0x08008650   0x08008650   0x000001f0   Code   RO         5064    i.__hardfp_atan2    m_wm.l(atan2.o)
    0x08008840   0x08008840   0x000000c8   Code   RO         5076    i.__hardfp_cos      m_wm.l(cos.o)
    0x08008908   0x08008908   0x00000014   Code   RO         5088    i.__hardfp_fabs     m_wm.l(fabs.o)
    0x0800891c   0x0800891c   0x00000004   PAD
    0x08008920   0x08008920   0x000000c8   Code   RO         5094    i.__hardfp_sin      m_wm.l(sin.o)
    0x080089e8   0x080089e8   0x0000007a   Code   RO         5106    i.__hardfp_sqrt     m_wm.l(sqrt.o)
    0x08008a62   0x08008a62   0x00000006   PAD
    0x08008a68   0x08008a68   0x00000438   Code   RO         5469    i.__ieee754_rem_pio2  m_wm.l(rred.o)
    0x08008ea0   0x08008ea0   0x00000170   Code   RO         5447    i.__kernel_cos      m_wm.l(cos_i.o)
    0x08009010   0x08009010   0x000000f8   Code   RO         5466    i.__kernel_poly     m_wm.l(poly.o)
    0x08009108   0x08009108   0x00000130   Code   RO         5474    i.__kernel_sin      m_wm.l(sin_i.o)
    0x08009238   0x08009238   0x00000014   Code   RO         5451    i.__mathlib_dbl_infnan  m_wm.l(dunder.o)
    0x0800924c   0x0800924c   0x00000014   Code   RO         5452    i.__mathlib_dbl_infnan2  m_wm.l(dunder.o)
    0x08009260   0x08009260   0x00000020   Code   RO         5453    i.__mathlib_dbl_invalid  m_wm.l(dunder.o)
    0x08009280   0x08009280   0x00000020   Code   RO         5456    i.__mathlib_dbl_underflow  m_wm.l(dunder.o)
    0x080092a0   0x080092a0   0x0000000e   Code   RO         5533    i.__scatterload_copy  mc_w.l(handlers.o)
    0x080092ae   0x080092ae   0x00000002   Code   RO         5534    i.__scatterload_null  mc_w.l(handlers.o)
    0x080092b0   0x080092b0   0x0000000e   Code   RO         5535    i.__scatterload_zeroinit  mc_w.l(handlers.o)
    0x080092be   0x080092be   0x00000002   PAD
    0x080092c0   0x080092c0   0x0000000c   Code   RO         5509    i.__set_errno       mc_w.l(errno.o)
    0x080092cc   0x080092cc   0x00000022   Code   RO         5135    i._printf_core      mc_w.l(printfb.o)
    0x080092ee   0x080092ee   0x00000010   Code   RO         5435    i.atan              m_wm.l(atan.o)
    0x080092fe   0x080092fe   0x0000001c   Code   RO         3990    i.byte2float        convert.o
    0x0800931a   0x0800931a   0x0000001c   Code   RO          374    i.delay_ms          delay.o
    0x08009336   0x08009336   0x00000018   Code   RO         5090    i.fabs              m_wm.l(fabs.o)
    0x0800934e   0x0800934e   0x00000002   PAD
    0x08009350   0x08009350   0x00000024   Code   RO          597    i.fputc             usart3.o
    0x08009374   0x08009374   0x00000050   Code   RO         5387    i.free              mc_w.l(malloc.o)
    0x080093c4   0x080093c4   0x0000003c   Code   RO         3627    i.invSqrt           imu.o
    0x08009400   0x08009400   0x00000060   Code   RO            4    i.main              main.o
    0x08009460   0x08009460   0x0000006c   Code   RO         5388    i.malloc            mc_w.l(malloc.o)
    0x080094cc   0x080094cc   0x00000030   Code   RO         4375    i.mouse_press_r_filter  remotetask.o
    0x080094fc   0x080094fc   0x000000b4   Code   RO         4628    i.pc_handler        pc_task.o
    0x080095b0   0x080095b0   0x0000006e   Code   RO         5108    i.sqrt              m_wm.l(sqrt.o)
    0x0800961e   0x0800961e   0x00000002   PAD
    0x08009620   0x08009620   0x000000ac   Code   RO         4376    i.updateDirection   remotetask.o
    0x080096cc   0x080096cc   0x0000002c   Data   RO         4566    .constdata          supervisetask.o
    0x080096f8   0x080096f8   0x00000101   Data   RO         4664    .constdata          Protocol.lib(mf_crc8.o)
    0x080097f9   0x080097f9   0x00000001   PAD
    0x080097fa   0x080097fa   0x00000200   Data   RO         4679    .constdata          Protocol.lib(mf_crc16.o)
    0x080099fa   0x080099fa   0x00000006   PAD
    0x08009a00   0x08009a00   0x00000050   Data   RO         5053    .constdata          m_wm.l(asin.o)
    0x08009a50   0x08009a50   0x00000098   Data   RO         5436    .constdata          m_wm.l(atan.o)
    0x08009ae8   0x08009ae8   0x00000030   Data   RO         5448    .constdata          m_wm.l(cos_i.o)
    0x08009b18   0x08009b18   0x00000008   Data   RO         5468    .constdata          m_wm.l(qnan.o)
    0x08009b20   0x08009b20   0x000000c8   Data   RO         5471    .constdata          m_wm.l(rred.o)
    0x08009be8   0x08009be8   0x00000028   Data   RO         5475    .constdata          m_wm.l(sin_i.o)
    0x08009c10   0x08009c10   0x00000020   Data   RO         5531    Region$$Table       anon$$obj.o


    Execution Region RW_IRAM1 (Exec base: 0x20000000, Load base: 0x08009c30, Size: 0x00001990, Max: 0x00020000, ABSOLUTE, COMPRESSED[0x000000c0])

    Exec Addr    Load Addr    Size         Type   Attr      Idx    E Section Name        Object

    0x20000000   COMPRESSED   0x0000000c   Data   RW            5    .data               main.o
    0x2000000c   COMPRESSED   0x00000004   Data   RW          548    .data               usart1.o
    0x20000010   COMPRESSED   0x00000008   Data   RW          599    .data               usart3.o
    0x20000018   COMPRESSED   0x00000001   Data   RW          651    .data               encoder.o
    0x20000019   COMPRESSED   0x00000010   Data   RW         2126    .data               stm32f4xx_rcc.o
    0x20000029   COMPRESSED   0x00000003   PAD
    0x2000002c   COMPRESSED   0x000000b8   Data   RW         3629    .data               imu.o
    0x200000e4   COMPRESSED   0x00000018   Data   RW         3799    .data               mpu6050_driver.o
    0x200000fc   COMPRESSED   0x00000001   Data   RW         3895    .data               mpu6050_interrupt.o
    0x200000fd   COMPRESSED   0x00000003   PAD
    0x20000100   COMPRESSED   0x0000007a   Data   RW         4076    .data               iotask.o
    0x2000017a   COMPRESSED   0x00000002   PAD
    0x2000017c   COMPRESSED   0x000003e8   Data   RW         4256    .data               controltask.o
    0x20000564   COMPRESSED   0x0000008c   Data   RW         4378    .data               remotetask.o
    0x200005f0   COMPRESSED   0x00000004   Data   RW         4508    .data               canbustask.o
    0x200005f4   COMPRESSED   0x0000003c   Data   RW         4567    .data               supervisetask.o
    0x20000630   COMPRESSED   0x00000003   Data   RW         4630    .data               pc_task.o
    0x20000633   COMPRESSED   0x00000001   PAD
    0x20000634   COMPRESSED   0x00000002   Data   RW         4680    .data               Protocol.lib(mf_crc16.o)
    0x20000636   COMPRESSED   0x00000005   Data   RW         4701    .data               Protocol.lib(protocal_parser.o)
    0x2000063b   COMPRESSED   0x00000001   PAD
    0x2000063c   COMPRESSED   0x00000004   Data   RW         5494    .data               mc_w.l(stdout.o)
    0x20000640   COMPRESSED   0x00000004   Data   RW         5505    .data               mc_w.l(mvars.o)
    0x20000644   COMPRESSED   0x00000004   Data   RW         5506    .data               mc_w.l(mvars.o)
    0x20000648   COMPRESSED   0x00000004   Data   RW         5510    .data               mc_w.l(errno.o)
    0x2000064c        -       0x0000012c   Zero   RW          547    .bss                usart1.o
    0x20000778        -       0x00000100   Zero   RW          598    .bss                usart3.o
    0x20000878        -       0x00000040   Zero   RW         3628    .bss                imu.o
    0x200008b8        -       0x0000012e   Zero   RW         3798    .bss                mpu6050_driver.o
    0x200009e6        -       0x00000090   Zero   RW         4075    .bss                iotask.o
    0x20000a76   COMPRESSED   0x00000002   PAD
    0x20000a78        -       0x00000010   Zero   RW         4255    .bss                controltask.o
    0x20000a88        -       0x00000047   Zero   RW         4377    .bss                remotetask.o
    0x20000acf   COMPRESSED   0x00000001   PAD
    0x20000ad0        -       0x00000198   Zero   RW         4507    .bss                canbustask.o
    0x20000c68        -       0x00000017   Zero   RW         4629    .bss                pc_task.o
    0x20000c7f        -       0x0000010a   Zero   RW         4700    .bss                Protocol.lib(protocal_parser.o)
    0x20000d89   COMPRESSED   0x00000007   PAD
    0x20000d90        -       0x00000200   Zero   RW          728    HEAP                startup_stm32f4xx.o
    0x20000f90        -       0x00000a00   Zero   RW          727    STACK               startup_stm32f4xx.o


==============================================================================

Image component sizes


      Code (inc. data)   RO Data    RW Data    ZI Data      Debug   Object Name

        76          6          0          0          0        515   bsp.o
       332         48          0          0          0       2117   bsp_flash.o
       452         32          0          0          0       2359   can1.o
       348         20          0          0          0       1788   can2.o
       936         56          0          4        408       4419   canbustask.o
      4076        430          0       1000         16      11713   controltask.o
        28          0          0          0          0        653   convert.o
        56          0          0          0          0       1186   delay.o
       164         24          0          1          0       1798   encoder.o
        36          0          0          0          0        966   exti.o
       296         14          0          0          0        720   gun.o
      3916        352          0        184         64       7093   imu.o
      2372        296          0        122        144      14730   iotask.o
        60          6          0          0          0        534   laser.o
        64          6          0          0          0        520   led.o
        96         16          0         12          0     297595   main.o
       140         24          0          0          0     210623   misc.o
      2374        328          0         24        302      14434   mpu6050_driver.o
      1030        140          0          0          0       8399   mpu6050_i2c.o
       180         10          0          1          0       1469   mpu6050_interrupt.o
       254         20          0          3         23       2304   pc_task.o
      2716        212          0        140         71      14729   remotetask.o
        36          8        392          0       3072        844   startup_stm32f4xx.o
      1710         26          0          0          0      16472   stm32f4xx_can.o
       562         26          0          0          0      18656   stm32f4xx_dma.o
       212         24          0          0          0       5013   stm32f4xx_exti.o
       410         42          0          0          0       9812   stm32f4xx_flash.o
       266          0          0          0          0      10959   stm32f4xx_gpio.o
        24          0          0          0          0       3740   stm32f4xx_it.o
       392         48          0         16          0      18433   stm32f4xx_rcc.o
        64          4          0          0          0        660   stm32f4xx_syscfg.o
       642         48          0          0          0      28104   stm32f4xx_tim.o
       660         32          0          0          0      13238   stm32f4xx_usart.o
       710         42         44         60          0       6690   supervisetask.o
       340         32          0          0          0       1577   system_stm32f4xx.o
       272         22          0          0          0       3041   timer.o
       552         44          0          4        300       3239   usart1.o
       616         50          0          8        256       4218   usart3.o

    ----------------------------------------------------------------------
     27504       2488        468       1588       4659     745360   Object Totals
         0          0         32          0          0          0   (incl. Generated)
        34          0          0          9          3          0   (incl. Padding)

    ----------------------------------------------------------------------

      Code (inc. data)   RO Data    RW Data    ZI Data      Debug   Library Member Name

       160         10        512          2          0       2386   mf_crc16.o
       116          4        257          0          0       1882   mf_crc8.o
      1456         28          0          5        266      13116   protocal_parser.o
      1444          0          0          0          0       8256   fifo.o
        32          0          0          0          0       1640   lostcounter.o
       288          4          0          0          0       1785   pid_regulator.o
       112          6          0          0          0       2612   ramp.o
       864         94         80          0          0        280   asin.o
       744        106        152          0          0        352   atan.o
       496         64          0          0          0        192   atan2.o
       200         20          0          0          0        164   cos.o
       368         46         48          0          0        200   cos_i.o
       104         16          0          0          0        496   dunder.o
        44          0          0          0          0        248   fabs.o
        48          0          0          0          0        124   fpclassify.o
       248          0          0          0          0        152   poly.o
         0          0          8          0          0          0   qnan.o
      1080        142        200          0          0        188   rred.o
       200         20          0          0          0        164   sin.o
       304         24         40          0          0        208   sin_i.o
       232          0          0          0          0        296   sqrt.o
        86          0          0          0          0          0   __dczerorl2.o
         0          0          0          0          0          0   entry.o
         0          0          0          0          0          0   entry10a.o
         0          0          0          0          0          0   entry11a.o
         8          4          0          0          0          0   entry2.o
         4          0          0          0          0          0   entry5.o
         0          0          0          0          0          0   entry7b.o
         0          0          0          0          0          0   entry8b.o
         8          4          0          0          0          0   entry9a.o
        12          6          0          4          0         68   errno.o
        30          0          0          0          0          0   handlers.o
        36          8          0          0          0         68   init.o
         0          0          0          0          0          0   iusefp.o
        30          0          0          0          0         68   llshl.o
        36          0          0          0          0         68   llsshr.o
        32          0          0          0          0         68   llushr.o
       188         20          0          0          0        160   malloc.o
        36          0          0          0          0         68   memcpya.o
        36          0          0          0          0        108   memseta.o
         0          0          0          8          0          0   mvars.o
        50          8          0          0          0        152   printfb.o
         0          0          0          4          0          0   stdout.o
        48          0          0          0          0         68   cdrcmple.o
        56          0          0          0          0         88   d2f.o
       334          0          0          0          0        148   dadd.o
       222          0          0          0          0        100   ddiv.o
       186          0          0          0          0        176   depilogue.o
        62          0          0          0          0         80   dfixi.o
        50          0          0          0          0         76   dfixui.o
        34          0          0          0          0         76   dflti.o
        26          0          0          0          0         76   dfltui.o
       228          0          0          0          0         96   dmul.o
       162          0          0          0          0        100   dsqrt.o
        38          0          0          0          0         68   f2d.o
       110          0          0          0          0        168   fepilogue.o

    ----------------------------------------------------------------------
     10708        634       1304         24        273      36889   Library Totals
        20          0          7          1          7          0   (incl. Padding)

    ----------------------------------------------------------------------

      Code (inc. data)   RO Data    RW Data    ZI Data      Debug   Library Name

      1732         42        769          7        266      17384   Protocol.lib
      1876         10          0          0          0      14293   RMLib.lib
      4932        532        528          0          0       3064   m_wm.l
       592         50          0         16          0        828   mc_w.l
      1556          0          0          0          0       1320   mf_w.l

    ----------------------------------------------------------------------
     10708        634       1304         24        273      36889   Library Totals

    ----------------------------------------------------------------------

==============================================================================


      Code (inc. data)   RO Data    RW Data    ZI Data      Debug   

     38212       3122       1772       1612       4932     758341   Grand Totals
     38212       3122       1772        192       4932     758341   ELF Image Totals (compressed)
     38212       3122       1772        192          0          0   ROM Totals

==============================================================================

    Total RO  Size (Code + RO Data)                39984 (  39.05kB)
    Total RW  Size (RW Data + ZI Data)              6544 (   6.39kB)
    Total ROM Size (Code + RO Data + RW Data)      40176 (  39.23kB)

==============================================================================

